<html>
<body>
<pre>
<h1>µVision Build Log</h1>
<h2>Tool Versions:</h2>
IDE-Version: ¦ÌVision V5.34.0.0
Copyright (C) 2021 ARM Ltd and ARM Germany GmbH. All rights reserved.
License Information: 1 Administrator, 1, LIC=IK1BF-63TPD-WFPI7-ET6F4-JICFQ-EV506
 
Tool Versions:
Toolchain:       MDK-ARM Plus  Version: 5.34.0.0
Toolchain Path:  D:\2-tool\keil5\ARM\ARMCC\Bin
C Compiler:      Armcc.exe V5.06 update 7 (build 960)
Assembler:       Armasm.exe V5.06 update 7 (build 960)
Linker/Locator:  ArmLink.exe V5.06 update 7 (build 960)
Library Manager: ArmAr.exe V5.06 update 7 (build 960)
Hex Converter:   FromElf.exe V5.06 update 7 (build 960)
CPU DLL:         SARMCM3.DLL V5.34.0.0
Dialog DLL:      DARMCM1.DLL V1.19.4.0
Target DLL:      Segger\JL2CM3.dll V2.99.38.0
Dialog DLL:      TARMCM1.DLL V1.14.3.0
 
<h2>Project:</h2>
D:\2-shiyibin\1-project\17-VE21\3-source_code\VE21_CAN.uvprojx
Project File Date:  02/23/2024

<h2>Output:</h2>
*** Using Compiler 'V5.06 update 7 (build 960)', folder: 'D:\2-tool\keil5\ARM\ARMCC\Bin'
Build target 'VE21'
compiling CanIf_Lcfg.c...
.\ComStack\CanInterface\CanIf_Type.h(144): warning:  #1-D: last line of file ends without a newline
  #endif/* _CANIF_TYPE_H_  */
ComStack\Can_Gen\CanIf\CanIf_Lcfg.c: 1 warning, 0 errors
linking...
Program Size: Code=70760 RO-data=3328 RW-data=5460 ZI-data=5300  
".\Objects\VE21_CAN.axf" - 0 Error(s), 1 Warning(s).

<h2>Software Packages used:</h2>

Package Vendor: FMSH
                
                FMSH.FM33LG0XX_DFP.3.0.0
                FMSH ARM Cortex-M0 Device Family Pack

<h2>Collection of Component include folders:</h2>

<h2>Collection of Component Files used:</h2>
Build Time Elapsed:  00:00:10
</pre>
</body>
</html>
