<!doctype html public "-//w3c//dtd html 4.0 transitional//en">
<html><head>
<title>Static Call Graph - [.\Objects\VE21_CAN.axf]</title></head>
<body><HR>
<H1>Static Call Graph for image .\Objects\VE21_CAN.axf</H1><HR>
<BR><P>#&#060CALLGRAPH&#062# ARM Linker, 5060960: Last Updated: Thu Feb 29 09:20:17 2024
<BR><P>
<H3>Maximum Stack Usage =        208 bytes + Unknown(Functions without stacksize, Cycles, Untraceable Function Pointers)</H3><H3>
Call chain for Maximum Stack Depth:</H3>
__rt_entry_main &rArr; main &rArr; TickTime5MsTask &rArr; AppCanTask5ms &rArr; Dcm_MainFunction &rArr; DslInternal_Timer_CallbackTask &rArr; App_DefaultPost &rArr; CanNm_Start &rArr; CanIf_Transmit &rArr; CanIf_TxConfirmation &rArr; Can_Write
<P>
<H3>
Functions with no stack information
</H3><UL>
 <LI><a href="#[bb]">__user_initial_stackheap</a>
</UL>
</UL>
<P>
<H3>
Mutually Recursive functions
</H3> <LI><a href="#[b]">NMI_Handler</a>&nbsp;&nbsp;&nbsp;&rArr;&nbsp;&nbsp;&nbsp;<a href="#[b]">NMI_Handler</a><BR>
 <LI><a href="#[c]">HardFault_Handler</a>&nbsp;&nbsp;&nbsp;&rArr;&nbsp;&nbsp;&nbsp;<a href="#[c]">HardFault_Handler</a><BR>
 <LI><a href="#[d]">SVC_Handler</a>&nbsp;&nbsp;&nbsp;&rArr;&nbsp;&nbsp;&nbsp;<a href="#[d]">SVC_Handler</a><BR>
 <LI><a href="#[e]">PendSV_Handler</a>&nbsp;&nbsp;&nbsp;&rArr;&nbsp;&nbsp;&nbsp;<a href="#[e]">PendSV_Handler</a><BR>
 <LI><a href="#[f]">SysTick_Handler</a>&nbsp;&nbsp;&nbsp;&rArr;&nbsp;&nbsp;&nbsp;<a href="#[f]">SysTick_Handler</a><BR>
 <LI><a href="#[15]">ADC_IRQHandler</a>&nbsp;&nbsp;&nbsp;&rArr;&nbsp;&nbsp;&nbsp;<a href="#[15]">ADC_IRQHandler</a><BR>
</UL>
<P>
<H3>
Function Pointers
</H3><UL>
 <LI><a href="#[15]">ADC_IRQHandler</a> from startup_fm33lg0xx.o(.text) referenced from startup_fm33lg0xx.o(RESET)
 <LI><a href="#[22]">AES_IRQHandler</a> from startup_fm33lg0xx.o(.text) referenced from startup_fm33lg0xx.o(RESET)
 <LI><a href="#[2b]">ATIM_IRQHandler</a> from startup_fm33lg0xx.o(.text) referenced from startup_fm33lg0xx.o(RESET)
 <LI><a href="#[39]">AddVoltage</a> from drv_system_voltage.o(i.AddVoltage) referenced from drv_system_voltage.o(.constdata)
 <LI><a href="#[65]">AppIpduBCM_1F0_Ind</a> from app_com.o(i.AppIpduBCM_1F0_Ind) referenced from com_cfg.o(.constdata)
 <LI><a href="#[61]">AppIpduCSM_3CA_Conf</a> from app_com.o(i.AppIpduCSM_3CA_Conf) referenced from com_cfg.o(.constdata)
 <LI><a href="#[60]">AppIpduCSM_3CA_TxTOIndication</a> from app_com.o(i.AppIpduCSM_3CA_TxTOIndication) referenced from com_cfg.o(.constdata)
 <LI><a href="#[63]">AppIpduEHB_125_Ind</a> from app_com.o(i.AppIpduEHB_125_Ind) referenced from com_cfg.o(.constdata)
 <LI><a href="#[64]">AppIpduPMS_162_Ind</a> from app_com.o(i.AppIpduPMS_162_Ind) referenced from com_cfg.o(.constdata)
 <LI><a href="#[66]">AppIpduPMS_214_Ind</a> from app_com.o(i.AppIpduPMS_214_Ind) referenced from com_cfg.o(.constdata)
 <LI><a href="#[67]">AppIpduPMS_3C1_Ind</a> from app_com.o(i.AppIpduPMS_3C1_Ind) referenced from com_cfg.o(.constdata)
 <LI><a href="#[62]">AppIpduPSM_A0_Ind</a> from app_com.o(i.AppIpduPSM_A0_Ind) referenced from com_cfg.o(.constdata)
 <LI><a href="#[6b]">AppRxIpduBCM_1F0_TimeOutInd</a> from app_com.o(i.AppRxIpduBCM_1F0_TimeOutInd) referenced from com_cfg.o(.constdata)
 <LI><a href="#[69]">AppRxIpduEHB_125_TimeOutInd</a> from app_com.o(i.AppRxIpduEHB_125_TimeOutInd) referenced from com_cfg.o(.constdata)
 <LI><a href="#[6a]">AppRxIpduPMS_162_TimeOutInd</a> from app_com.o(i.AppRxIpduPMS_162_TimeOutInd) referenced from com_cfg.o(.constdata)
 <LI><a href="#[6c]">AppRxIpduPMS_214_TimeOutInd</a> from app_com.o(i.AppRxIpduPMS_214_TimeOutInd) referenced from com_cfg.o(.constdata)
 <LI><a href="#[6d]">AppRxIpduPMS_3C1_TimeOutInd</a> from app_com.o(i.AppRxIpduPMS_3C1_TimeOutInd) referenced from com_cfg.o(.constdata)
 <LI><a href="#[68]">AppRxIpduPSM_A0_TimeOutInd</a> from app_com.o(i.AppRxIpduPSM_A0_TimeOutInd) referenced from com_cfg.o(.constdata)
 <LI><a href="#[a6]">App_DTCRecordOff</a> from app_dcm.o(i.App_DTCRecordOff) referenced from dcm_cfg.o(.constdata)
 <LI><a href="#[a5]">App_DTCRecordOn</a> from app_dcm.o(i.App_DTCRecordOn) referenced from dcm_cfg.o(.constdata)
 <LI><a href="#[90]">App_Default</a> from app_dcm.o(i.App_Default) referenced from dcm_cfg.o(.constdata)
 <LI><a href="#[91]">App_DefaultPost</a> from app_dcm.o(i.App_DefaultPost) referenced from dcm_cfg.o(.constdata)
 <LI><a href="#[a4]">App_DisableRxAndEnableTx</a> from app_dcm.o(i.App_DisableRxAndEnableTx) referenced from dcm_cfg.o(.constdata)
 <LI><a href="#[a2]">App_DisableRxAndTx</a> from app_dcm.o(i.App_DisableRxAndTx) referenced from dcm_cfg.o(.constdata)
 <LI><a href="#[a3]">App_EnableRxAndDisableTx</a> from app_dcm.o(i.App_EnableRxAndDisableTx) referenced from dcm_cfg.o(.constdata)
 <LI><a href="#[a1]">App_EnableRxAndTx</a> from app_dcm.o(i.App_EnableRxAndTx) referenced from dcm_cfg.o(.constdata)
 <LI><a href="#[94]">App_Extended_Diagnostic</a> from app_dcm.o(i.App_Extended_Diagnostic) referenced from dcm_cfg.o(.constdata)
 <LI><a href="#[95]">App_Extended_DiagnosticPost</a> from app_dcm.o(i.App_Extended_DiagnosticPost) referenced from dcm_cfg.o(.constdata)
 <LI><a href="#[98]">App_HardReset</a> from app_dcm.o(i.App_HardReset) referenced from dcm_cfg.o(.constdata)
 <LI><a href="#[99]">App_HardResetPost</a> from app_dcm.o(i.App_HardResetPost) referenced from dcm_cfg.o(.constdata)
 <LI><a href="#[96]">App_Kuwe_Session</a> from app_dcm.o(i.App_Kuwe_Session) referenced from dcm_cfg.o(.constdata)
 <LI><a href="#[97]">App_Kuwe_SessionPost</a> from app_dcm.o(i.App_Kuwe_SessionPost) referenced from dcm_cfg.o(.constdata)
 <LI><a href="#[92]">App_Programming</a> from app_dcm.o(i.App_Programming) referenced from dcm_cfg.o(.constdata)
 <LI><a href="#[93]">App_ProgrammingPost</a> from app_dcm.o(i.App_ProgrammingPost) referenced from dcm_cfg.o(.constdata)
 <LI><a href="#[73]">App_Read0x1540</a> from app_dcm.o(i.App_Read0x1540) referenced from dcm_lcfg.o(.constdata)
 <LI><a href="#[74]">App_Read0x1541</a> from app_dcm.o(i.App_Read0x1541) referenced from dcm_lcfg.o(.constdata)
 <LI><a href="#[76]">App_Read0xF183</a> from app_dcm.o(i.App_Read0xF183) referenced from dcm_lcfg.o(.constdata)
 <LI><a href="#[77]">App_Read0xF184</a> from app_dcm.o(i.App_Read0xF184) referenced from dcm_lcfg.o(.constdata)
 <LI><a href="#[6e]">App_Read0xF187</a> from app_dcm.o(i.App_Read0xF187) referenced from dcm_lcfg.o(.constdata)
 <LI><a href="#[6f]">App_Read0xF18A</a> from app_dcm.o(i.App_Read0xF18A) referenced from dcm_lcfg.o(.constdata)
 <LI><a href="#[72]">App_Read0xF18E</a> from app_dcm.o(i.App_Read0xF18E) referenced from dcm_lcfg.o(.constdata)
 <LI><a href="#[75]">App_Read0xF190</a> from app_dcm.o(i.App_Read0xF190) referenced from dcm_lcfg.o(.constdata)
 <LI><a href="#[70]">App_Read0xF191</a> from app_dcm.o(i.App_Read0xF191) referenced from dcm_lcfg.o(.constdata)
 <LI><a href="#[71]">App_Read0xF195</a> from app_dcm.o(i.App_Read0xF195) referenced from dcm_lcfg.o(.constdata)
 <LI><a href="#[9b]">App_ReportDTCByStatusMask</a> from app_dcm.o(i.App_ReportDTCByStatusMask) referenced from dcm_cfg.o(.constdata)
 <LI><a href="#[9e]">App_ReportDTCSnapshotIdentification</a> from app_dcm.o(i.App_ReportDTCSnapshotIdentification) referenced from dcm_cfg.o(.constdata)
 <LI><a href="#[9d]">App_ReportDTCSnapshotRecordByDTCNumber</a> from app_dcm.o(i.App_ReportDTCSnapshotRecordByDTCNumber) referenced from dcm_cfg.o(.constdata)
 <LI><a href="#[9a]">App_ReportNumberOfDTCByStatusMask</a> from app_dcm.o(i.App_ReportNumberOfDTCByStatusMask) referenced from dcm_cfg.o(.constdata)
 <LI><a href="#[9c]">App_ReportSupportedDTC</a> from app_dcm.o(i.App_ReportSupportedDTC) referenced from dcm_cfg.o(.constdata)
 <LI><a href="#[9f]">App_Request_Seed_L1</a> from app_dcm.o(i.App_Request_Seed_L1) referenced from dcm_cfg.o(.constdata)
 <LI><a href="#[79]">App_ReturnControlToEcu0x3901</a> from app_dcm.o(i.App_ReturnControlToEcu0x3901) referenced from dcm_lcfg.o(.constdata)
 <LI><a href="#[7b]">App_ReturnControlToEcu0x3902</a> from app_dcm.o(i.App_ReturnControlToEcu0x3902) referenced from dcm_lcfg.o(.constdata)
 <LI><a href="#[7d]">App_ReturnControlToEcu0x3903</a> from app_dcm.o(i.App_ReturnControlToEcu0x3903) referenced from dcm_lcfg.o(.constdata)
 <LI><a href="#[7f]">App_ReturnControlToEcu0x3904</a> from app_dcm.o(i.App_ReturnControlToEcu0x3904) referenced from dcm_lcfg.o(.constdata)
 <LI><a href="#[81]">App_ReturnControlToEcu0x3905</a> from app_dcm.o(i.App_ReturnControlToEcu0x3905) referenced from dcm_lcfg.o(.constdata)
 <LI><a href="#[a0]">App_Send_Key_L1</a> from app_dcm.o(i.App_Send_Key_L1) referenced from dcm_cfg.o(.constdata)
 <LI><a href="#[7a]">App_ShortTermAdjustment0x3901</a> from app_dcm.o(i.App_ShortTermAdjustment0x3901) referenced from dcm_lcfg.o(.constdata)
 <LI><a href="#[7c]">App_ShortTermAdjustment0x3902</a> from app_dcm.o(i.App_ShortTermAdjustment0x3902) referenced from dcm_lcfg.o(.constdata)
 <LI><a href="#[7e]">App_ShortTermAdjustment0x3903</a> from app_dcm.o(i.App_ShortTermAdjustment0x3903) referenced from dcm_lcfg.o(.constdata)
 <LI><a href="#[80]">App_ShortTermAdjustment0x3904</a> from app_dcm.o(i.App_ShortTermAdjustment0x3904) referenced from dcm_lcfg.o(.constdata)
 <LI><a href="#[82]">App_ShortTermAdjustment0x3905</a> from app_dcm.o(i.App_ShortTermAdjustment0x3905) referenced from dcm_lcfg.o(.constdata)
 <LI><a href="#[83]">App_StartRoutine0x0203</a> from app_dcm.o(i.App_StartRoutine0x0203) referenced from dcm_lcfg.o(.constdata)
 <LI><a href="#[78]">App_Write0xF190</a> from app_dcm.o(i.App_Write0xF190) referenced from dcm_lcfg.o(.constdata)
 <LI><a href="#[27]">BSTIM_IRQHandler</a> from startup_fm33lg0xx.o(.text) referenced from startup_fm33lg0xx.o(RESET)
 <LI><a href="#[2e]">CAN_IRQHandler</a> from can.o(i.CAN_IRQHandler) referenced from startup_fm33lg0xx.o(RESET)
 <LI><a href="#[21]">CCL_IRQHandler</a> from startup_fm33lg0xx.o(.text) referenced from startup_fm33lg0xx.o(RESET)
 <LI><a href="#[28]">COMPx_IRQHandler</a> from startup_fm33lg0xx.o(.text) referenced from startup_fm33lg0xx.o(RESET)
 <LI><a href="#[5d]">COM_ReceiveSigBCM_1F0_FrontFogLightSts</a> from com_lcfg.o(i.COM_ReceiveSigBCM_1F0_FrontFogLightSts) referenced from com_lcfg.o(.constdata)
 <LI><a href="#[59]">COM_ReceiveSigEHB_125_PATAResponse</a> from com_lcfg.o(i.COM_ReceiveSigEHB_125_PATAResponse) referenced from com_lcfg.o(.constdata)
 <LI><a href="#[5b]">COM_ReceiveSigEHB_125_VehicleSpeed</a> from com_lcfg.o(i.COM_ReceiveSigEHB_125_VehicleSpeed) referenced from com_lcfg.o(.constdata)
 <LI><a href="#[5a]">COM_ReceiveSigEHB_125_VehicleSpeedInvalid</a> from com_lcfg.o(i.COM_ReceiveSigEHB_125_VehicleSpeedInvalid) referenced from com_lcfg.o(.constdata)
 <LI><a href="#[5c]">COM_ReceiveSigPMS_162_DriveModeInd</a> from com_lcfg.o(i.COM_ReceiveSigPMS_162_DriveModeInd) referenced from com_lcfg.o(.constdata)
 <LI><a href="#[5e]">COM_ReceiveSigPMS_214_EpedalActive</a> from com_lcfg.o(i.COM_ReceiveSigPMS_214_EpedalActive) referenced from com_lcfg.o(.constdata)
 <LI><a href="#[5f]">COM_ReceiveSigPMS_3C1_V2XDchaSwtFb1</a> from com_lcfg.o(i.COM_ReceiveSigPMS_3C1_V2XDchaSwtFb1) referenced from com_lcfg.o(.constdata)
 <LI><a href="#[58]">COM_ReceiveSigPSM_A0_SlidingmomentrSetReq</a> from com_lcfg.o(i.COM_ReceiveSigPSM_A0_SlidingmomentrSetReq) referenced from com_lcfg.o(.constdata)
 <LI><a href="#[46]">COM_SendSigCSM_ECO_Req</a> from com_lcfg.o(i.COM_SendSigCSM_ECO_Req) referenced from com_lcfg.o(.constdata)
 <LI><a href="#[47]">COM_SendSigCSM_ECO_ReqInvalid</a> from com_lcfg.o(i.COM_SendSigCSM_ECO_ReqInvalid) referenced from com_lcfg.o(.constdata)
 <LI><a href="#[4c]">COM_SendSigCSM_ESCOff_Req</a> from com_lcfg.o(i.COM_SendSigCSM_ESCOff_Req) referenced from com_lcfg.o(.constdata)
 <LI><a href="#[4d]">COM_SendSigCSM_ESCOff_ReqInvalid</a> from com_lcfg.o(i.COM_SendSigCSM_ESCOff_ReqInvalid) referenced from com_lcfg.o(.constdata)
 <LI><a href="#[50]">COM_SendSigCSM_EVMode_Req</a> from com_lcfg.o(i.COM_SendSigCSM_EVMode_Req) referenced from com_lcfg.o(.constdata)
 <LI><a href="#[51]">COM_SendSigCSM_EVMode_ReqInvalid</a> from com_lcfg.o(i.COM_SendSigCSM_EVMode_ReqInvalid) referenced from com_lcfg.o(.constdata)
 <LI><a href="#[48]">COM_SendSigCSM_EngRec_Req</a> from com_lcfg.o(i.COM_SendSigCSM_EngRec_Req) referenced from com_lcfg.o(.constdata)
 <LI><a href="#[49]">COM_SendSigCSM_EngRec_ReqInvalid</a> from com_lcfg.o(i.COM_SendSigCSM_EngRec_ReqInvalid) referenced from com_lcfg.o(.constdata)
 <LI><a href="#[52]">COM_SendSigCSM_REVMode_Req</a> from com_lcfg.o(i.COM_SendSigCSM_REVMode_Req) referenced from com_lcfg.o(.constdata)
 <LI><a href="#[53]">COM_SendSigCSM_REVMode_ReqInvalid</a> from com_lcfg.o(i.COM_SendSigCSM_REVMode_ReqInvalid) referenced from com_lcfg.o(.constdata)
 <LI><a href="#[4e]">COM_SendSigCSM_SW_FrontFogLight</a> from com_lcfg.o(i.COM_SendSigCSM_SW_FrontFogLight) referenced from com_lcfg.o(.constdata)
 <LI><a href="#[4f]">COM_SendSigCSM_SW_FrontFogLightInvalid</a> from com_lcfg.o(i.COM_SendSigCSM_SW_FrontFogLightInvalid) referenced from com_lcfg.o(.constdata)
 <LI><a href="#[4a]">COM_SendSigCSM_SinglePad_Req</a> from com_lcfg.o(i.COM_SendSigCSM_SinglePad_Req) referenced from com_lcfg.o(.constdata)
 <LI><a href="#[4b]">COM_SendSigCSM_SinglePad_ReqInvalid</a> from com_lcfg.o(i.COM_SendSigCSM_SinglePad_ReqInvalid) referenced from com_lcfg.o(.constdata)
 <LI><a href="#[56]">COM_SendSigCSM_SwitchSts_AliveCounter</a> from com_lcfg.o(i.COM_SendSigCSM_SwitchSts_AliveCounter) referenced from com_lcfg.o(.constdata)
 <LI><a href="#[57]">COM_SendSigCSM_SwitchSts_CheckSum</a> from com_lcfg.o(i.COM_SendSigCSM_SwitchSts_CheckSum) referenced from com_lcfg.o(.constdata)
 <LI><a href="#[54]">COM_SendSigCSM_V2XDchaSwt</a> from com_lcfg.o(i.COM_SendSigCSM_V2XDchaSwt) referenced from com_lcfg.o(.constdata)
 <LI><a href="#[55]">COM_SendSigCSM_V2XDchaSwtInvalid</a> from com_lcfg.o(i.COM_SendSigCSM_V2XDchaSwtInvalid) referenced from com_lcfg.o(.constdata)
 <LI><a href="#[45]">CanNm_TxConfirmation</a> from oseknm.o(i.CanNm_TxConfirmation) referenced from canif_lcfg.o(.constdata)
 <LI><a href="#[43]">CanTp_RxIndication</a> from cantp.o(i.CanTp_RxIndication) referenced 2 times from canif_lcfg.o(.constdata)
 <LI><a href="#[42]">Com_RxIndication</a> from com.o(i.Com_RxIndication) referenced 6 times from canif_lcfg.o(.constdata)
 <LI><a href="#[44]">Com_TxConfirmation</a> from com.o(i.Com_TxConfirmation) referenced 2 times from canif_lcfg.o(.constdata)
 <LI><a href="#[16]">DAC_IRQHandler</a> from startup_fm33lg0xx.o(.text) referenced from startup_fm33lg0xx.o(RESET)
 <LI><a href="#[24]">DMA_IRQHandler</a> from startup_fm33lg0xx.o(.text) referenced from startup_fm33lg0xx.o(RESET)
 <LI><a href="#[3a]">DeleteVoltage</a> from drv_system_voltage.o(i.DeleteVoltage) referenced from drv_system_voltage.o(.constdata)
 <LI><a href="#[38]">Disable</a> from drv_system_voltage.o(i.Disable) referenced from drv_system_voltage.o(.constdata)
 <LI><a href="#[31]">DrvButtonAttach</a> from drv_button.o(i.DrvButtonAttach) referenced from drv_button.o(.constdata)
 <LI><a href="#[32]">DrvButtonGetEvent</a> from drv_button.o(i.DrvButtonGetEvent) referenced from drv_button.o(.constdata)
 <LI><a href="#[34]">DrvCrc8</a> from drv_crc8.o(i.DrvCrc8) referenced from drv_crc8.o(.constdata)
 <LI><a href="#[35]">DrvCrc8LookTable</a> from drv_crc8.o(i.DrvCrc8LookTable) referenced from drv_crc8.o(.constdata)
 <LI><a href="#[86]">DspInternal_Uds_ClearDiagnosticInformation</a> from dcm.o(i.DspInternal_Uds_ClearDiagnosticInformation) referenced from dcm_cfg.o(.constdata)
 <LI><a href="#[8a]">DspInternal_Uds_CommunicationControl</a> from dcm.o(i.DspInternal_Uds_CommunicationControl) referenced from dcm_cfg.o(.constdata)
 <LI><a href="#[8f]">DspInternal_Uds_ControlDTCSetting</a> from dcm.o(i.DspInternal_Uds_ControlDTCSetting) referenced from dcm_cfg.o(.constdata)
 <LI><a href="#[84]">DspInternal_Uds_DiagnosticSessionControl</a> from dcm.o(i.DspInternal_Uds_DiagnosticSessionControl) referenced from dcm_cfg.o(.constdata)
 <LI><a href="#[85]">DspInternal_Uds_EcuReset</a> from dcm.o(i.DspInternal_Uds_EcuReset) referenced from dcm_cfg.o(.constdata)
 <LI><a href="#[8c]">DspInternal_Uds_InputOutputControlByIdentifier</a> from dcm.o(i.DspInternal_Uds_InputOutputControlByIdentifier) referenced from dcm_cfg.o(.constdata)
 <LI><a href="#[87]">DspInternal_Uds_ReadDTCInformation</a> from dcm.o(i.DspInternal_Uds_ReadDTCInformation) referenced from dcm_cfg.o(.constdata)
 <LI><a href="#[88]">DspInternal_Uds_ReadDataByIdentifier</a> from dcm.o(i.DspInternal_Uds_ReadDataByIdentifier) referenced from dcm_cfg.o(.constdata)
 <LI><a href="#[8d]">DspInternal_Uds_RoutineControl</a> from dcm.o(i.DspInternal_Uds_RoutineControl) referenced from dcm_cfg.o(.constdata)
 <LI><a href="#[89]">DspInternal_Uds_SecurityAccess</a> from dcm.o(i.DspInternal_Uds_SecurityAccess) referenced from dcm_cfg.o(.constdata)
 <LI><a href="#[8e]">DspInternal_Uds_TesterPresent</a> from dcm.o(i.DspInternal_Uds_TesterPresent) referenced from dcm_cfg.o(.constdata)
 <LI><a href="#[8b]">DspInternal_Uds_WriteDataByIdentifier</a> from dcm.o(i.DspInternal_Uds_WriteDataByIdentifier) referenced from dcm_cfg.o(.constdata)
 <LI><a href="#[37]">Enable</a> from drv_system_voltage.o(i.Enable) referenced from drv_system_voltage.o(.constdata)
 <LI><a href="#[14]">FDET_IRQHandler</a> from startup_fm33lg0xx.o(.text) referenced from startup_fm33lg0xx.o(RESET)
 <LI><a href="#[13]">FLASH_IRQHandler</a> from startup_fm33lg0xx.o(.text) referenced from startup_fm33lg0xx.o(RESET)
 <LI><a href="#[2d]">GPIO_IRQHandler</a> from startup_fm33lg0xx.o(.text) referenced from startup_fm33lg0xx.o(RESET)
 <LI><a href="#[29]">GPTIM0_1_IRQHandler</a> from hal_time.o(i.GPTIM0_1_IRQHandler) referenced from startup_fm33lg0xx.o(RESET)
 <LI><a href="#[2a]">GPTIM2_IRQHandler</a> from hal_time.o(i.GPTIM2_IRQHandler) referenced from startup_fm33lg0xx.o(RESET)
 <LI><a href="#[41]">GetAdcValue</a> from drv_adc.o(i.GetAdcValue) referenced from drv_adc.o(.constdata)
 <LI><a href="#[c]">HardFault_Handler</a> from startup_fm33lg0xx.o(.text) referenced from startup_fm33lg0xx.o(RESET)
 <LI><a href="#[20]">I2C_IRQHandler</a> from startup_fm33lg0xx.o(.text) referenced from startup_fm33lg0xx.o(RESET)
 <LI><a href="#[23]">LPTIM_IRQHandler</a> from startup_fm33lg0xx.o(.text) referenced from startup_fm33lg0xx.o(RESET)
 <LI><a href="#[1f]">LPUARTx_IRQHandler</a> from startup_fm33lg0xx.o(.text) referenced from startup_fm33lg0xx.o(RESET)
 <LI><a href="#[26]">LUT_IRQHandler</a> from startup_fm33lg0xx.o(.text) referenced from startup_fm33lg0xx.o(RESET)
 <LI><a href="#[b]">NMI_Handler</a> from startup_fm33lg0xx.o(.text) referenced from startup_fm33lg0xx.o(RESET)
 <LI><a href="#[e]">PendSV_Handler</a> from startup_fm33lg0xx.o(.text) referenced from startup_fm33lg0xx.o(RESET)
 <LI><a href="#[12]">RTC_IRQHandler</a> from startup_fm33lg0xx.o(.text) referenced from startup_fm33lg0xx.o(RESET)
 <LI><a href="#[7]">ReadAdc</a> from app_system_voltage.o(i.ReadAdc) referenced 2 times from app_system_voltage.o(.data)
 <LI><a href="#[5]">ReadKeyState</a> from app_button.o(i.ReadKeyState) referenced 12 times from app_button.o(.data)
 <LI><a href="#[3b]">ReadMode</a> from drv_system_voltage.o(i.ReadMode) referenced from drv_system_voltage.o(.constdata)
 <LI><a href="#[a]">Reset_Handler</a> from startup_fm33lg0xx.o(.text) referenced from startup_fm33lg0xx.o(RESET)
 <LI><a href="#[3f]">Run</a> from drv_led.o(i.Run) referenced from drv_led.o(.constdata)
 <LI><a href="#[17]">SPI0_IRQHandler</a> from startup_fm33lg0xx.o(.text) referenced from startup_fm33lg0xx.o(RESET)
 <LI><a href="#[18]">SPI1_IRQHandler</a> from startup_fm33lg0xx.o(.text) referenced from startup_fm33lg0xx.o(RESET)
 <LI><a href="#[19]">SPI2_IRQHandler</a> from startup_fm33lg0xx.o(.text) referenced from startup_fm33lg0xx.o(RESET)
 <LI><a href="#[d]">SVC_Handler</a> from startup_fm33lg0xx.o(.text) referenced from startup_fm33lg0xx.o(RESET)
 <LI><a href="#[11]">SVD_IRQHandler</a> from startup_fm33lg0xx.o(.text) referenced from startup_fm33lg0xx.o(RESET)
 <LI><a href="#[3d]">SetCloseTickTime</a> from drv_led.o(i.SetCloseTickTime) referenced from drv_led.o(.constdata)
 <LI><a href="#[3e]">SetOpenTickTime</a> from drv_led.o(i.SetOpenTickTime) referenced from drv_led.o(.constdata)
 <LI><a href="#[3c]">SetState</a> from drv_led.o(i.SetState) referenced from drv_led.o(.constdata)
 <LI><a href="#[f]">SysTick_Handler</a> from startup_fm33lg0xx.o(.text) referenced from startup_fm33lg0xx.o(RESET)
 <LI><a href="#[2f]">SystemInit</a> from system_fm33lg0xx.o(i.SystemInit) referenced from startup_fm33lg0xx.o(.text)
 <LI><a href="#[33]">Traversal</a> from drv_button.o(i.Traversal) referenced 3 times from drv_button.o(.constdata)
 <LI><a href="#[1a]">UART0_IRQHandler</a> from startup_fm33lg0xx.o(.text) referenced from startup_fm33lg0xx.o(RESET)
 <LI><a href="#[1b]">UART1_IRQHandler</a> from startup_fm33lg0xx.o(.text) referenced from startup_fm33lg0xx.o(RESET)
 <LI><a href="#[1c]">UART3_IRQHandler</a> from startup_fm33lg0xx.o(.text) referenced from startup_fm33lg0xx.o(RESET)
 <LI><a href="#[1d]">UART4_IRQHandler</a> from startup_fm33lg0xx.o(.text) referenced from startup_fm33lg0xx.o(RESET)
 <LI><a href="#[1e]">UART5_IRQHandler</a> from startup_fm33lg0xx.o(.text) referenced from startup_fm33lg0xx.o(RESET)
 <LI><a href="#[2c]">VREF_IRQHandler</a> from startup_fm33lg0xx.o(.text) referenced from startup_fm33lg0xx.o(RESET)
 <LI><a href="#[10]">WDT_IRQHandler</a> from startup_fm33lg0xx.o(.text) referenced from startup_fm33lg0xx.o(RESET)
 <LI><a href="#[25]">WKUPx_IRQHandler</a> from startup_fm33lg0xx.o(.text) referenced from startup_fm33lg0xx.o(RESET)
 <LI><a href="#[8]">WriteCs</a> from app_system_voltage.o(i.WriteCs) referenced 2 times from app_system_voltage.o(.data)
 <LI><a href="#[6]">WriteGpio</a> from app_led.o(i.WriteGpio) referenced 26 times from app_led.o(.data)
 <LI><a href="#[a7]">__main</a> from __main.o(!!!main) referenced from startup_fm33lg0xx.o(.text)
 <LI><a href="#[9]">read_adc_value</a> from app_adc.o(i.read_adc_value) referenced 4 times from app_adc.o(.data)
</UL>
<P>
<H3>
Global Symbols
</H3>
<P><STRONG><a name="[a7]"></a>__main</STRONG> (Thumb, 8 bytes, Stack size 0 bytes, __main.o(!!!main))
<BR><BR>[Calls]<UL><LI><a href="#[a8]">&gt;&gt;</a>&nbsp;&nbsp;&nbsp;__scatterload
<LI><a href="#[a9]">&gt;&gt;</a>&nbsp;&nbsp;&nbsp;__rt_entry
</UL>

<P><STRONG><a name="[a8]"></a>__scatterload</STRONG> (Thumb, 0 bytes, Stack size unknown bytes, __scatter.o(!!!scatter))
<BR><BR>[Called By]<UL><LI><a href="#[a7]">&gt;&gt;</a>&nbsp;&nbsp;&nbsp;__main
</UL>

<P><STRONG><a name="[aa]"></a>__scatterload_rt2</STRONG> (Thumb, 52 bytes, Stack size unknown bytes, __scatter.o(!!!scatter), UNUSED)
<BR><BR>[Calls]<UL><LI><a href="#[a9]">&gt;&gt;</a>&nbsp;&nbsp;&nbsp;__rt_entry
</UL>

<P><STRONG><a name="[1ba]"></a>__scatterload_rt2_thumb_only</STRONG> (Thumb, 0 bytes, Stack size unknown bytes, __scatter.o(!!!scatter), UNUSED)

<P><STRONG><a name="[1bb]"></a>__scatterload_null</STRONG> (Thumb, 0 bytes, Stack size unknown bytes, __scatter.o(!!!scatter), UNUSED)

<P><STRONG><a name="[1bc]"></a>__scatterload_zeroinit</STRONG> (Thumb, 28 bytes, Stack size unknown bytes, __scatter_zi.o(!!handler_zi), UNUSED)

<P><STRONG><a name="[ae]"></a>__rt_lib_init</STRONG> (Thumb, 0 bytes, Stack size unknown bytes, libinit.o(.ARM.Collect$$libinit$$00000000))
<BR><BR>[Called By]<UL><LI><a href="#[ad]">&gt;&gt;</a>&nbsp;&nbsp;&nbsp;__rt_entry_li
</UL>

<P><STRONG><a name="[1bd]"></a>__rt_lib_init_alloca_1</STRONG> (Thumb, 0 bytes, Stack size unknown bytes, libinit2.o(.ARM.Collect$$libinit$$0000002E))

<P><STRONG><a name="[1be]"></a>__rt_lib_init_argv_1</STRONG> (Thumb, 0 bytes, Stack size unknown bytes, libinit2.o(.ARM.Collect$$libinit$$0000002C))

<P><STRONG><a name="[1bf]"></a>__rt_lib_init_atexit_1</STRONG> (Thumb, 0 bytes, Stack size unknown bytes, libinit2.o(.ARM.Collect$$libinit$$0000001B))

<P><STRONG><a name="[1c0]"></a>__rt_lib_init_clock_1</STRONG> (Thumb, 0 bytes, Stack size unknown bytes, libinit2.o(.ARM.Collect$$libinit$$00000021))

<P><STRONG><a name="[1c1]"></a>__rt_lib_init_cpp_1</STRONG> (Thumb, 0 bytes, Stack size unknown bytes, libinit2.o(.ARM.Collect$$libinit$$00000032))

<P><STRONG><a name="[1c2]"></a>__rt_lib_init_exceptions_1</STRONG> (Thumb, 0 bytes, Stack size unknown bytes, libinit2.o(.ARM.Collect$$libinit$$00000030))

<P><STRONG><a name="[1c3]"></a>__rt_lib_init_fp_1</STRONG> (Thumb, 0 bytes, Stack size unknown bytes, libinit2.o(.ARM.Collect$$libinit$$00000002))

<P><STRONG><a name="[1c4]"></a>__rt_lib_init_fp_trap_1</STRONG> (Thumb, 0 bytes, Stack size unknown bytes, libinit2.o(.ARM.Collect$$libinit$$0000001F))

<P><STRONG><a name="[1c5]"></a>__rt_lib_init_getenv_1</STRONG> (Thumb, 0 bytes, Stack size unknown bytes, libinit2.o(.ARM.Collect$$libinit$$00000023))

<P><STRONG><a name="[1c6]"></a>__rt_lib_init_heap_1</STRONG> (Thumb, 0 bytes, Stack size unknown bytes, libinit2.o(.ARM.Collect$$libinit$$0000000A))

<P><STRONG><a name="[1c7]"></a>__rt_lib_init_lc_collate_1</STRONG> (Thumb, 0 bytes, Stack size unknown bytes, libinit2.o(.ARM.Collect$$libinit$$00000011))

<P><STRONG><a name="[1c8]"></a>__rt_lib_init_lc_ctype_1</STRONG> (Thumb, 0 bytes, Stack size unknown bytes, libinit2.o(.ARM.Collect$$libinit$$00000013))

<P><STRONG><a name="[1c9]"></a>__rt_lib_init_lc_monetary_1</STRONG> (Thumb, 0 bytes, Stack size unknown bytes, libinit2.o(.ARM.Collect$$libinit$$00000015))

<P><STRONG><a name="[1ca]"></a>__rt_lib_init_lc_numeric_1</STRONG> (Thumb, 0 bytes, Stack size unknown bytes, libinit2.o(.ARM.Collect$$libinit$$00000017))

<P><STRONG><a name="[1cb]"></a>__rt_lib_init_lc_time_1</STRONG> (Thumb, 0 bytes, Stack size unknown bytes, libinit2.o(.ARM.Collect$$libinit$$00000019))

<P><STRONG><a name="[1cc]"></a>__rt_lib_init_preinit_1</STRONG> (Thumb, 0 bytes, Stack size unknown bytes, libinit2.o(.ARM.Collect$$libinit$$00000004))

<P><STRONG><a name="[1cd]"></a>__rt_lib_init_rand_1</STRONG> (Thumb, 0 bytes, Stack size unknown bytes, libinit2.o(.ARM.Collect$$libinit$$0000000E))

<P><STRONG><a name="[1ce]"></a>__rt_lib_init_return</STRONG> (Thumb, 0 bytes, Stack size unknown bytes, libinit2.o(.ARM.Collect$$libinit$$00000033))

<P><STRONG><a name="[1cf]"></a>__rt_lib_init_signal_1</STRONG> (Thumb, 0 bytes, Stack size unknown bytes, libinit2.o(.ARM.Collect$$libinit$$0000001D))

<P><STRONG><a name="[1d0]"></a>__rt_lib_init_stdio_1</STRONG> (Thumb, 0 bytes, Stack size unknown bytes, libinit2.o(.ARM.Collect$$libinit$$00000025))

<P><STRONG><a name="[1d1]"></a>__rt_lib_init_user_alloc_1</STRONG> (Thumb, 0 bytes, Stack size unknown bytes, libinit2.o(.ARM.Collect$$libinit$$0000000C))

<P><STRONG><a name="[b3]"></a>__rt_lib_shutdown</STRONG> (Thumb, 0 bytes, Stack size unknown bytes, libshutdown.o(.ARM.Collect$$libshutdown$$00000000))
<BR><BR>[Called By]<UL><LI><a href="#[b2]">&gt;&gt;</a>&nbsp;&nbsp;&nbsp;__rt_exit_ls
</UL>

<P><STRONG><a name="[1d2]"></a>__rt_lib_shutdown_cpp_1</STRONG> (Thumb, 0 bytes, Stack size unknown bytes, libshutdown2.o(.ARM.Collect$$libshutdown$$00000004))

<P><STRONG><a name="[1d3]"></a>__rt_lib_shutdown_fini_1</STRONG> (Thumb, 0 bytes, Stack size unknown bytes, libshutdown2.o(.ARM.Collect$$libshutdown$$00000002))

<P><STRONG><a name="[1d4]"></a>__rt_lib_shutdown_fp_trap_1</STRONG> (Thumb, 0 bytes, Stack size unknown bytes, libshutdown2.o(.ARM.Collect$$libshutdown$$00000009))

<P><STRONG><a name="[1d5]"></a>__rt_lib_shutdown_heap_1</STRONG> (Thumb, 0 bytes, Stack size unknown bytes, libshutdown2.o(.ARM.Collect$$libshutdown$$00000011))

<P><STRONG><a name="[1d6]"></a>__rt_lib_shutdown_return</STRONG> (Thumb, 0 bytes, Stack size unknown bytes, libshutdown2.o(.ARM.Collect$$libshutdown$$00000012))

<P><STRONG><a name="[1d7]"></a>__rt_lib_shutdown_signal_1</STRONG> (Thumb, 0 bytes, Stack size unknown bytes, libshutdown2.o(.ARM.Collect$$libshutdown$$0000000C))

<P><STRONG><a name="[1d8]"></a>__rt_lib_shutdown_stdio_1</STRONG> (Thumb, 0 bytes, Stack size unknown bytes, libshutdown2.o(.ARM.Collect$$libshutdown$$00000006))

<P><STRONG><a name="[1d9]"></a>__rt_lib_shutdown_user_alloc_1</STRONG> (Thumb, 0 bytes, Stack size unknown bytes, libshutdown2.o(.ARM.Collect$$libshutdown$$0000000E))

<P><STRONG><a name="[a9]"></a>__rt_entry</STRONG> (Thumb, 0 bytes, Stack size unknown bytes, __rtentry.o(.ARM.Collect$$rtentry$$00000000))
<BR><BR>[Called By]<UL><LI><a href="#[aa]">&gt;&gt;</a>&nbsp;&nbsp;&nbsp;__scatterload_rt2
<LI><a href="#[a7]">&gt;&gt;</a>&nbsp;&nbsp;&nbsp;__main
</UL>

<P><STRONG><a name="[1da]"></a>__rt_entry_presh_1</STRONG> (Thumb, 0 bytes, Stack size unknown bytes, __rtentry2.o(.ARM.Collect$$rtentry$$00000002))

<P><STRONG><a name="[ab]"></a>__rt_entry_sh</STRONG> (Thumb, 0 bytes, Stack size unknown bytes, __rtentry4.o(.ARM.Collect$$rtentry$$00000004))
<BR><BR>[Stack]<UL><LI>Max Depth = 8 + Unknown Stack Size
<LI>Call Chain = __rt_entry_sh &rArr; __user_setup_stackheap
</UL>
<BR>[Calls]<UL><LI><a href="#[ac]">&gt;&gt;</a>&nbsp;&nbsp;&nbsp;__user_setup_stackheap
</UL>

<P><STRONG><a name="[ad]"></a>__rt_entry_li</STRONG> (Thumb, 0 bytes, Stack size unknown bytes, __rtentry2.o(.ARM.Collect$$rtentry$$0000000A))
<BR><BR>[Calls]<UL><LI><a href="#[ae]">&gt;&gt;</a>&nbsp;&nbsp;&nbsp;__rt_lib_init
</UL>

<P><STRONG><a name="[1db]"></a>__rt_entry_postsh_1</STRONG> (Thumb, 0 bytes, Stack size unknown bytes, __rtentry2.o(.ARM.Collect$$rtentry$$00000009))

<P><STRONG><a name="[af]"></a>__rt_entry_main</STRONG> (Thumb, 0 bytes, Stack size unknown bytes, __rtentry2.o(.ARM.Collect$$rtentry$$0000000D))
<BR><BR>[Stack]<UL><LI>Max Depth = 208 + Unknown Stack Size
<LI>Call Chain = __rt_entry_main &rArr; main &rArr; TickTime5MsTask &rArr; AppCanTask5ms &rArr; Dcm_MainFunction &rArr; DslInternal_Timer_CallbackTask &rArr; App_DefaultPost &rArr; CanNm_Start &rArr; CanIf_Transmit &rArr; CanIf_TxConfirmation &rArr; Can_Write
</UL>
<BR>[Calls]<UL><LI><a href="#[b0]">&gt;&gt;</a>&nbsp;&nbsp;&nbsp;main
<LI><a href="#[b1]">&gt;&gt;</a>&nbsp;&nbsp;&nbsp;exit
</UL>

<P><STRONG><a name="[1dc]"></a>__rt_entry_postli_1</STRONG> (Thumb, 0 bytes, Stack size unknown bytes, __rtentry2.o(.ARM.Collect$$rtentry$$0000000C))

<P><STRONG><a name="[bd]"></a>__rt_exit</STRONG> (Thumb, 0 bytes, Stack size unknown bytes, rtexit.o(.ARM.Collect$$rtexit$$00000000))
<BR><BR>[Called By]<UL><LI><a href="#[b1]">&gt;&gt;</a>&nbsp;&nbsp;&nbsp;exit
</UL>

<P><STRONG><a name="[b2]"></a>__rt_exit_ls</STRONG> (Thumb, 0 bytes, Stack size unknown bytes, rtexit2.o(.ARM.Collect$$rtexit$$00000003))
<BR><BR>[Calls]<UL><LI><a href="#[b3]">&gt;&gt;</a>&nbsp;&nbsp;&nbsp;__rt_lib_shutdown
</UL>

<P><STRONG><a name="[1dd]"></a>__rt_exit_prels_1</STRONG> (Thumb, 0 bytes, Stack size unknown bytes, rtexit2.o(.ARM.Collect$$rtexit$$00000002))

<P><STRONG><a name="[b4]"></a>__rt_exit_exit</STRONG> (Thumb, 0 bytes, Stack size unknown bytes, rtexit2.o(.ARM.Collect$$rtexit$$00000004))
<BR><BR>[Calls]<UL><LI><a href="#[b5]">&gt;&gt;</a>&nbsp;&nbsp;&nbsp;_sys_exit
</UL>

<P><STRONG><a name="[a]"></a>Reset_Handler</STRONG> (Thumb, 8 bytes, Stack size 0 bytes, startup_fm33lg0xx.o(.text))
<BR>[Address Reference Count : 1]<UL><LI> startup_fm33lg0xx.o(RESET)
</UL>
<P><STRONG><a name="[b]"></a>NMI_Handler</STRONG> (Thumb, 2 bytes, Stack size 0 bytes, startup_fm33lg0xx.o(.text))
<BR><BR>[Calls]<UL><LI><a href="#[b]">&gt;&gt;</a>&nbsp;&nbsp;&nbsp;NMI_Handler
</UL>
<BR>[Called By]<UL><LI><a href="#[b]">&gt;&gt;</a>&nbsp;&nbsp;&nbsp;NMI_Handler
</UL>
<BR>[Address Reference Count : 1]<UL><LI> startup_fm33lg0xx.o(RESET)
</UL>
<P><STRONG><a name="[c]"></a>HardFault_Handler</STRONG> (Thumb, 2 bytes, Stack size 0 bytes, startup_fm33lg0xx.o(.text))
<BR><BR>[Calls]<UL><LI><a href="#[c]">&gt;&gt;</a>&nbsp;&nbsp;&nbsp;HardFault_Handler
</UL>
<BR>[Called By]<UL><LI><a href="#[c]">&gt;&gt;</a>&nbsp;&nbsp;&nbsp;HardFault_Handler
</UL>
<BR>[Address Reference Count : 1]<UL><LI> startup_fm33lg0xx.o(RESET)
</UL>
<P><STRONG><a name="[d]"></a>SVC_Handler</STRONG> (Thumb, 2 bytes, Stack size 0 bytes, startup_fm33lg0xx.o(.text))
<BR><BR>[Calls]<UL><LI><a href="#[d]">&gt;&gt;</a>&nbsp;&nbsp;&nbsp;SVC_Handler
</UL>
<BR>[Called By]<UL><LI><a href="#[d]">&gt;&gt;</a>&nbsp;&nbsp;&nbsp;SVC_Handler
</UL>
<BR>[Address Reference Count : 1]<UL><LI> startup_fm33lg0xx.o(RESET)
</UL>
<P><STRONG><a name="[e]"></a>PendSV_Handler</STRONG> (Thumb, 2 bytes, Stack size 0 bytes, startup_fm33lg0xx.o(.text))
<BR><BR>[Calls]<UL><LI><a href="#[e]">&gt;&gt;</a>&nbsp;&nbsp;&nbsp;PendSV_Handler
</UL>
<BR>[Called By]<UL><LI><a href="#[e]">&gt;&gt;</a>&nbsp;&nbsp;&nbsp;PendSV_Handler
</UL>
<BR>[Address Reference Count : 1]<UL><LI> startup_fm33lg0xx.o(RESET)
</UL>
<P><STRONG><a name="[f]"></a>SysTick_Handler</STRONG> (Thumb, 2 bytes, Stack size 0 bytes, startup_fm33lg0xx.o(.text))
<BR><BR>[Calls]<UL><LI><a href="#[f]">&gt;&gt;</a>&nbsp;&nbsp;&nbsp;SysTick_Handler
</UL>
<BR>[Called By]<UL><LI><a href="#[f]">&gt;&gt;</a>&nbsp;&nbsp;&nbsp;SysTick_Handler
</UL>
<BR>[Address Reference Count : 1]<UL><LI> startup_fm33lg0xx.o(RESET)
</UL>
<P><STRONG><a name="[15]"></a>ADC_IRQHandler</STRONG> (Thumb, 0 bytes, Stack size 0 bytes, startup_fm33lg0xx.o(.text))
<BR><BR>[Calls]<UL><LI><a href="#[15]">&gt;&gt;</a>&nbsp;&nbsp;&nbsp;ADC_IRQHandler
</UL>
<BR>[Called By]<UL><LI><a href="#[15]">&gt;&gt;</a>&nbsp;&nbsp;&nbsp;ADC_IRQHandler
</UL>
<BR>[Address Reference Count : 1]<UL><LI> startup_fm33lg0xx.o(RESET)
</UL>
<P><STRONG><a name="[22]"></a>AES_IRQHandler</STRONG> (Thumb, 0 bytes, Stack size 0 bytes, startup_fm33lg0xx.o(.text))
<BR>[Address Reference Count : 1]<UL><LI> startup_fm33lg0xx.o(RESET)
</UL>
<P><STRONG><a name="[2b]"></a>ATIM_IRQHandler</STRONG> (Thumb, 0 bytes, Stack size 0 bytes, startup_fm33lg0xx.o(.text))
<BR>[Address Reference Count : 1]<UL><LI> startup_fm33lg0xx.o(RESET)
</UL>
<P><STRONG><a name="[27]"></a>BSTIM_IRQHandler</STRONG> (Thumb, 0 bytes, Stack size 0 bytes, startup_fm33lg0xx.o(.text))
<BR>[Address Reference Count : 1]<UL><LI> startup_fm33lg0xx.o(RESET)
</UL>
<P><STRONG><a name="[21]"></a>CCL_IRQHandler</STRONG> (Thumb, 0 bytes, Stack size 0 bytes, startup_fm33lg0xx.o(.text))
<BR>[Address Reference Count : 1]<UL><LI> startup_fm33lg0xx.o(RESET)
</UL>
<P><STRONG><a name="[28]"></a>COMPx_IRQHandler</STRONG> (Thumb, 0 bytes, Stack size 0 bytes, startup_fm33lg0xx.o(.text))
<BR>[Address Reference Count : 1]<UL><LI> startup_fm33lg0xx.o(RESET)
</UL>
<P><STRONG><a name="[16]"></a>DAC_IRQHandler</STRONG> (Thumb, 0 bytes, Stack size 0 bytes, startup_fm33lg0xx.o(.text))
<BR>[Address Reference Count : 1]<UL><LI> startup_fm33lg0xx.o(RESET)
</UL>
<P><STRONG><a name="[24]"></a>DMA_IRQHandler</STRONG> (Thumb, 0 bytes, Stack size 0 bytes, startup_fm33lg0xx.o(.text))
<BR>[Address Reference Count : 1]<UL><LI> startup_fm33lg0xx.o(RESET)
</UL>
<P><STRONG><a name="[14]"></a>FDET_IRQHandler</STRONG> (Thumb, 0 bytes, Stack size 0 bytes, startup_fm33lg0xx.o(.text))
<BR>[Address Reference Count : 1]<UL><LI> startup_fm33lg0xx.o(RESET)
</UL>
<P><STRONG><a name="[13]"></a>FLASH_IRQHandler</STRONG> (Thumb, 0 bytes, Stack size 0 bytes, startup_fm33lg0xx.o(.text))
<BR>[Address Reference Count : 1]<UL><LI> startup_fm33lg0xx.o(RESET)
</UL>
<P><STRONG><a name="[2d]"></a>GPIO_IRQHandler</STRONG> (Thumb, 0 bytes, Stack size 0 bytes, startup_fm33lg0xx.o(.text))
<BR>[Address Reference Count : 1]<UL><LI> startup_fm33lg0xx.o(RESET)
</UL>
<P><STRONG><a name="[20]"></a>I2C_IRQHandler</STRONG> (Thumb, 0 bytes, Stack size 0 bytes, startup_fm33lg0xx.o(.text))
<BR>[Address Reference Count : 1]<UL><LI> startup_fm33lg0xx.o(RESET)
</UL>
<P><STRONG><a name="[23]"></a>LPTIM_IRQHandler</STRONG> (Thumb, 0 bytes, Stack size 0 bytes, startup_fm33lg0xx.o(.text))
<BR>[Address Reference Count : 1]<UL><LI> startup_fm33lg0xx.o(RESET)
</UL>
<P><STRONG><a name="[1f]"></a>LPUARTx_IRQHandler</STRONG> (Thumb, 0 bytes, Stack size 0 bytes, startup_fm33lg0xx.o(.text))
<BR>[Address Reference Count : 1]<UL><LI> startup_fm33lg0xx.o(RESET)
</UL>
<P><STRONG><a name="[26]"></a>LUT_IRQHandler</STRONG> (Thumb, 0 bytes, Stack size 0 bytes, startup_fm33lg0xx.o(.text))
<BR>[Address Reference Count : 1]<UL><LI> startup_fm33lg0xx.o(RESET)
</UL>
<P><STRONG><a name="[12]"></a>RTC_IRQHandler</STRONG> (Thumb, 0 bytes, Stack size 0 bytes, startup_fm33lg0xx.o(.text))
<BR>[Address Reference Count : 1]<UL><LI> startup_fm33lg0xx.o(RESET)
</UL>
<P><STRONG><a name="[17]"></a>SPI0_IRQHandler</STRONG> (Thumb, 0 bytes, Stack size 0 bytes, startup_fm33lg0xx.o(.text))
<BR>[Address Reference Count : 1]<UL><LI> startup_fm33lg0xx.o(RESET)
</UL>
<P><STRONG><a name="[18]"></a>SPI1_IRQHandler</STRONG> (Thumb, 0 bytes, Stack size 0 bytes, startup_fm33lg0xx.o(.text))
<BR>[Address Reference Count : 1]<UL><LI> startup_fm33lg0xx.o(RESET)
</UL>
<P><STRONG><a name="[19]"></a>SPI2_IRQHandler</STRONG> (Thumb, 0 bytes, Stack size 0 bytes, startup_fm33lg0xx.o(.text))
<BR>[Address Reference Count : 1]<UL><LI> startup_fm33lg0xx.o(RESET)
</UL>
<P><STRONG><a name="[11]"></a>SVD_IRQHandler</STRONG> (Thumb, 0 bytes, Stack size 0 bytes, startup_fm33lg0xx.o(.text))
<BR>[Address Reference Count : 1]<UL><LI> startup_fm33lg0xx.o(RESET)
</UL>
<P><STRONG><a name="[1a]"></a>UART0_IRQHandler</STRONG> (Thumb, 0 bytes, Stack size 0 bytes, startup_fm33lg0xx.o(.text))
<BR>[Address Reference Count : 1]<UL><LI> startup_fm33lg0xx.o(RESET)
</UL>
<P><STRONG><a name="[1b]"></a>UART1_IRQHandler</STRONG> (Thumb, 0 bytes, Stack size 0 bytes, startup_fm33lg0xx.o(.text))
<BR>[Address Reference Count : 1]<UL><LI> startup_fm33lg0xx.o(RESET)
</UL>
<P><STRONG><a name="[1c]"></a>UART3_IRQHandler</STRONG> (Thumb, 0 bytes, Stack size 0 bytes, startup_fm33lg0xx.o(.text))
<BR>[Address Reference Count : 1]<UL><LI> startup_fm33lg0xx.o(RESET)
</UL>
<P><STRONG><a name="[1d]"></a>UART4_IRQHandler</STRONG> (Thumb, 0 bytes, Stack size 0 bytes, startup_fm33lg0xx.o(.text))
<BR>[Address Reference Count : 1]<UL><LI> startup_fm33lg0xx.o(RESET)
</UL>
<P><STRONG><a name="[1e]"></a>UART5_IRQHandler</STRONG> (Thumb, 0 bytes, Stack size 0 bytes, startup_fm33lg0xx.o(.text))
<BR>[Address Reference Count : 1]<UL><LI> startup_fm33lg0xx.o(RESET)
</UL>
<P><STRONG><a name="[2c]"></a>VREF_IRQHandler</STRONG> (Thumb, 0 bytes, Stack size 0 bytes, startup_fm33lg0xx.o(.text))
<BR>[Address Reference Count : 1]<UL><LI> startup_fm33lg0xx.o(RESET)
</UL>
<P><STRONG><a name="[10]"></a>WDT_IRQHandler</STRONG> (Thumb, 0 bytes, Stack size 0 bytes, startup_fm33lg0xx.o(.text))
<BR>[Address Reference Count : 1]<UL><LI> startup_fm33lg0xx.o(RESET)
</UL>
<P><STRONG><a name="[25]"></a>WKUPx_IRQHandler</STRONG> (Thumb, 0 bytes, Stack size 0 bytes, startup_fm33lg0xx.o(.text))
<BR>[Address Reference Count : 1]<UL><LI> startup_fm33lg0xx.o(RESET)
</UL>
<P><STRONG><a name="[bb]"></a>__user_initial_stackheap</STRONG> (Thumb, 0 bytes, Stack size unknown bytes, startup_fm33lg0xx.o(.text))
<BR><BR>[Called By]<UL><LI><a href="#[ac]">&gt;&gt;</a>&nbsp;&nbsp;&nbsp;__user_setup_stackheap
</UL>

<P><STRONG><a name="[b7]"></a>_memset_w</STRONG> (Thumb, 26 bytes, Stack size 0 bytes, rt_memclr.o(.text), UNUSED)
<BR><BR>[Called By]<UL><LI><a href="#[b9]">&gt;&gt;</a>&nbsp;&nbsp;&nbsp;__rt_memclr_w
<LI><a href="#[b6]">&gt;&gt;</a>&nbsp;&nbsp;&nbsp;_memset
</UL>

<P><STRONG><a name="[b6]"></a>_memset</STRONG> (Thumb, 30 bytes, Stack size 0 bytes, rt_memclr.o(.text), UNUSED)
<BR><BR>[Calls]<UL><LI><a href="#[b7]">&gt;&gt;</a>&nbsp;&nbsp;&nbsp;_memset_w
</UL>
<BR>[Called By]<UL><LI><a href="#[b8]">&gt;&gt;</a>&nbsp;&nbsp;&nbsp;__aeabi_memclr
</UL>

<P><STRONG><a name="[b8]"></a>__aeabi_memclr</STRONG> (Thumb, 4 bytes, Stack size 0 bytes, rt_memclr.o(.text), UNUSED)
<BR><BR>[Calls]<UL><LI><a href="#[b6]">&gt;&gt;</a>&nbsp;&nbsp;&nbsp;_memset
</UL>

<P><STRONG><a name="[1de]"></a>__rt_memclr</STRONG> (Thumb, 0 bytes, Stack size 0 bytes, rt_memclr.o(.text), UNUSED)

<P><STRONG><a name="[c3]"></a>__aeabi_memclr4</STRONG> (Thumb, 0 bytes, Stack size 0 bytes, rt_memclr.o(.text))
<BR><BR>[Called By]<UL><LI><a href="#[c2]">&gt;&gt;</a>&nbsp;&nbsp;&nbsp;AppCanGpioInit
<LI><a href="#[dd]">&gt;&gt;</a>&nbsp;&nbsp;&nbsp;HalPwmInit
<LI><a href="#[c0]">&gt;&gt;</a>&nbsp;&nbsp;&nbsp;HalAdcDefaultSet
<LI><a href="#[139]">&gt;&gt;</a>&nbsp;&nbsp;&nbsp;Clockchange
</UL>

<P><STRONG><a name="[1df]"></a>__aeabi_memclr8</STRONG> (Thumb, 0 bytes, Stack size 0 bytes, rt_memclr.o(.text), UNUSED)

<P><STRONG><a name="[b9]"></a>__rt_memclr_w</STRONG> (Thumb, 4 bytes, Stack size 0 bytes, rt_memclr.o(.text), UNUSED)
<BR><BR>[Calls]<UL><LI><a href="#[b7]">&gt;&gt;</a>&nbsp;&nbsp;&nbsp;_memset_w
</UL>

<P><STRONG><a name="[1e0]"></a>__aeabi_uidiv</STRONG> (Thumb, 0 bytes, Stack size 0 bytes, aeabi_sdiv.o(.text), UNUSED)

<P><STRONG><a name="[e6]"></a>__aeabi_uidivmod</STRONG> (Thumb, 20 bytes, Stack size 0 bytes, aeabi_sdiv.o(.text))
<BR><BR>[Called By]<UL><LI><a href="#[ce]">&gt;&gt;</a>&nbsp;&nbsp;&nbsp;Dcm_Init
<LI><a href="#[d4]">&gt;&gt;</a>&nbsp;&nbsp;&nbsp;Com_MainFunctionTx
<LI><a href="#[d3]">&gt;&gt;</a>&nbsp;&nbsp;&nbsp;Com_MainFunctionRx
<LI><a href="#[19e]">&gt;&gt;</a>&nbsp;&nbsp;&nbsp;SystemPLLClockUpdate
<LI><a href="#[168]">&gt;&gt;</a>&nbsp;&nbsp;&nbsp;FL_DelayUs
<LI><a href="#[40]">&gt;&gt;</a>&nbsp;&nbsp;&nbsp;Traversal
<LI><a href="#[f2]">&gt;&gt;</a>&nbsp;&nbsp;&nbsp;DsdInternal_SecurityAccessKeyCompared
<LI><a href="#[e3]">&gt;&gt;</a>&nbsp;&nbsp;&nbsp;DsdInternal_ProcessingDone
<LI><a href="#[96]">&gt;&gt;</a>&nbsp;&nbsp;&nbsp;App_Kuwe_Session
<LI><a href="#[95]">&gt;&gt;</a>&nbsp;&nbsp;&nbsp;App_Extended_DiagnosticPost
<LI><a href="#[94]">&gt;&gt;</a>&nbsp;&nbsp;&nbsp;App_Extended_Diagnostic
<LI><a href="#[90]">&gt;&gt;</a>&nbsp;&nbsp;&nbsp;App_Default
<LI><a href="#[105]">&gt;&gt;</a>&nbsp;&nbsp;&nbsp;Com_SetSendRequest
<LI><a href="#[44]">&gt;&gt;</a>&nbsp;&nbsp;&nbsp;Com_TxConfirmation
<LI><a href="#[146]">&gt;&gt;</a>&nbsp;&nbsp;&nbsp;Com_TransmitIpdu
<LI><a href="#[145]">&gt;&gt;</a>&nbsp;&nbsp;&nbsp;Com_ManageCyclicIpdu
<LI><a href="#[13f]">&gt;&gt;</a>&nbsp;&nbsp;&nbsp;Com_InitTxIpdu
<LI><a href="#[13d]">&gt;&gt;</a>&nbsp;&nbsp;&nbsp;Com_InitRxIpdu
<LI><a href="#[125]">&gt;&gt;</a>&nbsp;&nbsp;&nbsp;CanTp_TxMainFunction
<LI><a href="#[12f]">&gt;&gt;</a>&nbsp;&nbsp;&nbsp;CanTp_RxSFPdu
<LI><a href="#[124]">&gt;&gt;</a>&nbsp;&nbsp;&nbsp;CanTp_RxMainFunction
<LI><a href="#[12d]">&gt;&gt;</a>&nbsp;&nbsp;&nbsp;CanTp_RxFFPdu
<LI><a href="#[12b]">&gt;&gt;</a>&nbsp;&nbsp;&nbsp;CanTp_RxFCPdu
<LI><a href="#[126]">&gt;&gt;</a>&nbsp;&nbsp;&nbsp;CanTp_RxCFPdu
<LI><a href="#[159]">&gt;&gt;</a>&nbsp;&nbsp;&nbsp;Dcm_TxConfirmation
<LI><a href="#[157]">&gt;&gt;</a>&nbsp;&nbsp;&nbsp;Dcm_RxIndication
<LI><a href="#[154]">&gt;&gt;</a>&nbsp;&nbsp;&nbsp;DslInternal_Timer_CallbackTask
<LI><a href="#[15f]">&gt;&gt;</a>&nbsp;&nbsp;&nbsp;DsdInternal_SessionTransferPostProcessing
</UL>

<P><STRONG><a name="[1e1]"></a>__aeabi_idiv</STRONG> (Thumb, 0 bytes, Stack size 8 bytes, aeabi_sdiv.o(.text), UNUSED)

<P><STRONG><a name="[12a]"></a>__aeabi_idivmod</STRONG> (Thumb, 326 bytes, Stack size 8 bytes, aeabi_sdiv.o(.text))
<BR><BR>[Stack]<UL><LI>Max Depth = 8<LI>Call Chain = __aeabi_idivmod
</UL>
<BR>[Called By]<UL><LI><a href="#[125]">&gt;&gt;</a>&nbsp;&nbsp;&nbsp;CanTp_TxMainFunction
<LI><a href="#[124]">&gt;&gt;</a>&nbsp;&nbsp;&nbsp;CanTp_RxMainFunction
<LI><a href="#[12d]">&gt;&gt;</a>&nbsp;&nbsp;&nbsp;CanTp_RxFFPdu
<LI><a href="#[126]">&gt;&gt;</a>&nbsp;&nbsp;&nbsp;CanTp_RxCFPdu
<LI><a href="#[18d]">&gt;&gt;</a>&nbsp;&nbsp;&nbsp;NmSetAlarm
</UL>

<P><STRONG><a name="[1e2]"></a>__use_two_region_memory</STRONG> (Thumb, 2 bytes, Stack size 0 bytes, heapauxi.o(.text), UNUSED)

<P><STRONG><a name="[1e3]"></a>__rt_heap_escrow$2region</STRONG> (Thumb, 2 bytes, Stack size 0 bytes, heapauxi.o(.text), UNUSED)

<P><STRONG><a name="[1e4]"></a>__rt_heap_expand$2region</STRONG> (Thumb, 2 bytes, Stack size 0 bytes, heapauxi.o(.text), UNUSED)

<P><STRONG><a name="[ac]"></a>__user_setup_stackheap</STRONG> (Thumb, 62 bytes, Stack size 8 bytes, sys_stackheap_outer.o(.text))
<BR><BR>[Stack]<UL><LI>Max Depth = 8 + Unknown Stack Size
<LI>Call Chain = __user_setup_stackheap
</UL>
<BR>[Calls]<UL><LI><a href="#[bb]">&gt;&gt;</a>&nbsp;&nbsp;&nbsp;__user_initial_stackheap
<LI><a href="#[ba]">&gt;&gt;</a>&nbsp;&nbsp;&nbsp;__user_perproc_libspace
</UL>
<BR>[Called By]<UL><LI><a href="#[ab]">&gt;&gt;</a>&nbsp;&nbsp;&nbsp;__rt_entry_sh
</UL>

<P><STRONG><a name="[b1]"></a>exit</STRONG> (Thumb, 16 bytes, Stack size 8 bytes, exit.o(.text))
<BR><BR>[Stack]<UL><LI>Max Depth = 8 + Unknown Stack Size
<LI>Call Chain = exit
</UL>
<BR>[Calls]<UL><LI><a href="#[bd]">&gt;&gt;</a>&nbsp;&nbsp;&nbsp;__rt_exit
<LI><a href="#[bc]">&gt;&gt;</a>&nbsp;&nbsp;&nbsp;_call_atexit_fns (Weak Reference)
</UL>
<BR>[Called By]<UL><LI><a href="#[af]">&gt;&gt;</a>&nbsp;&nbsp;&nbsp;__rt_entry_main
</UL>

<P><STRONG><a name="[1e5]"></a>__user_libspace</STRONG> (Thumb, 8 bytes, Stack size 0 bytes, libspace.o(.text), UNUSED)

<P><STRONG><a name="[ba]"></a>__user_perproc_libspace</STRONG> (Thumb, 0 bytes, Stack size 0 bytes, libspace.o(.text))
<BR><BR>[Called By]<UL><LI><a href="#[ac]">&gt;&gt;</a>&nbsp;&nbsp;&nbsp;__user_setup_stackheap
</UL>

<P><STRONG><a name="[1e6]"></a>__user_perthread_libspace</STRONG> (Thumb, 0 bytes, Stack size 0 bytes, libspace.o(.text), UNUSED)

<P><STRONG><a name="[b5]"></a>_sys_exit</STRONG> (Thumb, 8 bytes, Stack size 0 bytes, sys_exit.o(.text))
<BR><BR>[Called By]<UL><LI><a href="#[b4]">&gt;&gt;</a>&nbsp;&nbsp;&nbsp;__rt_exit_exit
</UL>

<P><STRONG><a name="[1e7]"></a>__I$use$semihosting</STRONG> (Thumb, 0 bytes, Stack size 0 bytes, use_no_semi.o(.text), UNUSED)

<P><STRONG><a name="[1e8]"></a>__use_no_semihosting_swi</STRONG> (Thumb, 2 bytes, Stack size 0 bytes, use_no_semi.o(.text), UNUSED)

<P><STRONG><a name="[1e9]"></a>__decompress</STRONG> (Thumb, 0 bytes, Stack size unknown bytes, __dczerorl2.o(.text), UNUSED)

<P><STRONG><a name="[1ea]"></a>__decompress1</STRONG> (Thumb, 86 bytes, Stack size unknown bytes, __dczerorl2.o(.text), UNUSED)

<P><STRONG><a name="[1eb]"></a>__semihosting_library_function</STRONG> (Thumb, 0 bytes, Stack size unknown bytes, indicate_semi.o(.text), UNUSED)

<P><STRONG><a name="[39]"></a>AddVoltage</STRONG> (Thumb, 46 bytes, Stack size 8 bytes, drv_system_voltage.o(i.AddVoltage))
<BR><BR>[Stack]<UL><LI>Max Depth = 8<LI>Call Chain = AddVoltage
</UL>
<BR>[Address Reference Count : 1]<UL><LI> drv_system_voltage.o(.constdata)
</UL>
<P><STRONG><a name="[be]"></a>AppAdcInit</STRONG> (Thumb, 28 bytes, Stack size 8 bytes, app_adc.o(i.AppAdcInit))
<BR><BR>[Stack]<UL><LI>Max Depth = 104<LI>Call Chain = AppAdcInit &rArr; HalAdcDefaultSet &rArr; HalAdcCommonInit &rArr; FL_ADC_CommonInit
</UL>
<BR>[Calls]<UL><LI><a href="#[c0]">&gt;&gt;</a>&nbsp;&nbsp;&nbsp;HalAdcDefaultSet
<LI><a href="#[bf]">&gt;&gt;</a>&nbsp;&nbsp;&nbsp;HalGpioSetMode
</UL>
<BR>[Called By]<UL><LI><a href="#[b0]">&gt;&gt;</a>&nbsp;&nbsp;&nbsp;main
</UL>

<P><STRONG><a name="[1a4]"></a>AppAdcTask</STRONG> (Thumb, 68 bytes, Stack size 8 bytes, app_adc.o(i.AppAdcTask))
<BR><BR>[Stack]<UL><LI>Max Depth = 8<LI>Call Chain = AppAdcTask
</UL>
<BR>[Called By]<UL><LI><a href="#[1a3]">&gt;&gt;</a>&nbsp;&nbsp;&nbsp;TickTime5MsTask
</UL>

<P><STRONG><a name="[c1]"></a>AppButtonInit</STRONG> (Thumb, 926 bytes, Stack size 8 bytes, app_button.o(i.AppButtonInit))
<BR><BR>[Stack]<UL><LI>Max Depth = 92<LI>Call Chain = AppButtonInit &rArr; HalGpioSetMode &rArr; FL_GPIO_Init &rArr; FL_GPIO_SetPinMode
</UL>
<BR>[Calls]<UL><LI><a href="#[bf]">&gt;&gt;</a>&nbsp;&nbsp;&nbsp;HalGpioSetMode
</UL>
<BR>[Called By]<UL><LI><a href="#[b0]">&gt;&gt;</a>&nbsp;&nbsp;&nbsp;main
</UL>

<P><STRONG><a name="[1a0]"></a>AppButtonTask</STRONG> (Thumb, 196 bytes, Stack size 8 bytes, app_button.o(i.AppButtonTask))
<BR><BR>[Stack]<UL><LI>Max Depth = 8<LI>Call Chain = AppButtonTask
</UL>
<BR>[Called By]<UL><LI><a href="#[19f]">&gt;&gt;</a>&nbsp;&nbsp;&nbsp;TickTime10MsTask
</UL>

<P><STRONG><a name="[c5]"></a>AppCanInit</STRONG> (Thumb, 130 bytes, Stack size 8 bytes, app_can.o(i.AppCanInit))
<BR><BR>[Stack]<UL><LI>Max Depth = 176<LI>Call Chain = AppCanInit &rArr; CanNm_Init &rArr; CanNm_Start &rArr; CanIf_Transmit &rArr; CanIf_TxConfirmation &rArr; Can_Write
</UL>
<BR>[Calls]<UL><LI><a href="#[ce]">&gt;&gt;</a>&nbsp;&nbsp;&nbsp;Dcm_Init
<LI><a href="#[cb]">&gt;&gt;</a>&nbsp;&nbsp;&nbsp;Com_TxStart
<LI><a href="#[cc]">&gt;&gt;</a>&nbsp;&nbsp;&nbsp;Com_RxStart
<LI><a href="#[ca]">&gt;&gt;</a>&nbsp;&nbsp;&nbsp;Com_Init
<LI><a href="#[c7]">&gt;&gt;</a>&nbsp;&nbsp;&nbsp;Can_Init
<LI><a href="#[c6]">&gt;&gt;</a>&nbsp;&nbsp;&nbsp;CanTrcv_Init
<LI><a href="#[cd]">&gt;&gt;</a>&nbsp;&nbsp;&nbsp;CanTp_Init
<LI><a href="#[d0]">&gt;&gt;</a>&nbsp;&nbsp;&nbsp;CanNm_Init
<LI><a href="#[d1]">&gt;&gt;</a>&nbsp;&nbsp;&nbsp;CanNm_GotoMode
<LI><a href="#[c9]">&gt;&gt;</a>&nbsp;&nbsp;&nbsp;CanIf_SetControllerMode
<LI><a href="#[c8]">&gt;&gt;</a>&nbsp;&nbsp;&nbsp;CanIf_Init
<LI><a href="#[cf]">&gt;&gt;</a>&nbsp;&nbsp;&nbsp;NVIC_SetPriority
<LI><a href="#[c2]">&gt;&gt;</a>&nbsp;&nbsp;&nbsp;AppCanGpioInit
</UL>
<BR>[Called By]<UL><LI><a href="#[b0]">&gt;&gt;</a>&nbsp;&nbsp;&nbsp;main
</UL>

<P><STRONG><a name="[d2]"></a>AppCanTask5ms</STRONG> (Thumb, 24 bytes, Stack size 8 bytes, app_can.o(i.AppCanTask5ms))
<BR><BR>[Stack]<UL><LI>Max Depth = 200<LI>Call Chain = AppCanTask5ms &rArr; Dcm_MainFunction &rArr; DslInternal_Timer_CallbackTask &rArr; App_DefaultPost &rArr; CanNm_Start &rArr; CanIf_Transmit &rArr; CanIf_TxConfirmation &rArr; Can_Write
</UL>
<BR>[Calls]<UL><LI><a href="#[d6]">&gt;&gt;</a>&nbsp;&nbsp;&nbsp;Dcm_MainFunction
<LI><a href="#[d4]">&gt;&gt;</a>&nbsp;&nbsp;&nbsp;Com_MainFunctionTx
<LI><a href="#[d3]">&gt;&gt;</a>&nbsp;&nbsp;&nbsp;Com_MainFunctionRx
<LI><a href="#[d7]">&gt;&gt;</a>&nbsp;&nbsp;&nbsp;CanTp_MainFunction
<LI><a href="#[d5]">&gt;&gt;</a>&nbsp;&nbsp;&nbsp;CanNm_MainFunction
</UL>
<BR>[Called By]<UL><LI><a href="#[1a3]">&gt;&gt;</a>&nbsp;&nbsp;&nbsp;TickTime5MsTask
</UL>

<P><STRONG><a name="[da]"></a>AppCrc8Calc</STRONG> (Thumb, 44 bytes, Stack size 16 bytes, app_crc8.o(i.AppCrc8Calc))
<BR><BR>[Stack]<UL><LI>Max Depth = 16<LI>Call Chain = AppCrc8Calc
</UL>
<BR>[Called By]<UL><LI><a href="#[61]">&gt;&gt;</a>&nbsp;&nbsp;&nbsp;AppIpduCSM_3CA_Conf
</UL>

<P><STRONG><a name="[f8]"></a>AppDemmNmLimphomeFaultEventSet</STRONG> (Thumb, 18 bytes, Stack size 0 bytes, event.o(i.AppDemmNmLimphomeFaultEventSet))
<BR><BR>[Called By]<UL><LI><a href="#[f7]">&gt;&gt;</a>&nbsp;&nbsp;&nbsp;ApplNmCanLimpHomeEnd
<LI><a href="#[fc]">&gt;&gt;</a>&nbsp;&nbsp;&nbsp;ApplNmLimpHomeState
</UL>

<P><STRONG><a name="[65]"></a>AppIpduBCM_1F0_Ind</STRONG> (Thumb, 24 bytes, Stack size 8 bytes, app_com.o(i.AppIpduBCM_1F0_Ind))
<BR><BR>[Stack]<UL><LI>Max Depth = 44<LI>Call Chain = AppIpduBCM_1F0_Ind &rArr; Com_ReceiveSignal &rArr; Com_GetRxIpduStatus
</UL>
<BR>[Calls]<UL><LI><a href="#[d8]">&gt;&gt;</a>&nbsp;&nbsp;&nbsp;Com_ReceiveSignal
</UL>
<BR>[Address Reference Count : 1]<UL><LI> com_cfg.o(.constdata)
</UL>
<P><STRONG><a name="[61]"></a>AppIpduCSM_3CA_Conf</STRONG> (Thumb, 646 bytes, Stack size 16 bytes, app_com.o(i.AppIpduCSM_3CA_Conf))
<BR><BR>[Stack]<UL><LI>Max Depth = 40<LI>Call Chain = AppIpduCSM_3CA_Conf &rArr; Com_SendSignalExt
</UL>
<BR>[Calls]<UL><LI><a href="#[da]">&gt;&gt;</a>&nbsp;&nbsp;&nbsp;AppCrc8Calc
<LI><a href="#[d9]">&gt;&gt;</a>&nbsp;&nbsp;&nbsp;Com_SendSignalExt
</UL>
<BR>[Address Reference Count : 1]<UL><LI> com_cfg.o(.constdata)
</UL>
<P><STRONG><a name="[60]"></a>AppIpduCSM_3CA_TxTOIndication</STRONG> (Thumb, 2 bytes, Stack size 0 bytes, app_com.o(i.AppIpduCSM_3CA_TxTOIndication))
<BR>[Address Reference Count : 1]<UL><LI> com_cfg.o(.constdata)
</UL>
<P><STRONG><a name="[63]"></a>AppIpduEHB_125_Ind</STRONG> (Thumb, 24 bytes, Stack size 8 bytes, app_com.o(i.AppIpduEHB_125_Ind))
<BR><BR>[Stack]<UL><LI>Max Depth = 44<LI>Call Chain = AppIpduEHB_125_Ind &rArr; Com_ReceiveSignal &rArr; Com_GetRxIpduStatus
</UL>
<BR>[Calls]<UL><LI><a href="#[d8]">&gt;&gt;</a>&nbsp;&nbsp;&nbsp;Com_ReceiveSignal
</UL>
<BR>[Address Reference Count : 1]<UL><LI> com_cfg.o(.constdata)
</UL>
<P><STRONG><a name="[64]"></a>AppIpduPMS_162_Ind</STRONG> (Thumb, 24 bytes, Stack size 8 bytes, app_com.o(i.AppIpduPMS_162_Ind))
<BR><BR>[Stack]<UL><LI>Max Depth = 44<LI>Call Chain = AppIpduPMS_162_Ind &rArr; Com_ReceiveSignal &rArr; Com_GetRxIpduStatus
</UL>
<BR>[Calls]<UL><LI><a href="#[d8]">&gt;&gt;</a>&nbsp;&nbsp;&nbsp;Com_ReceiveSignal
</UL>
<BR>[Address Reference Count : 1]<UL><LI> com_cfg.o(.constdata)
</UL>
<P><STRONG><a name="[66]"></a>AppIpduPMS_214_Ind</STRONG> (Thumb, 24 bytes, Stack size 8 bytes, app_com.o(i.AppIpduPMS_214_Ind))
<BR><BR>[Stack]<UL><LI>Max Depth = 44<LI>Call Chain = AppIpduPMS_214_Ind &rArr; Com_ReceiveSignal &rArr; Com_GetRxIpduStatus
</UL>
<BR>[Calls]<UL><LI><a href="#[d8]">&gt;&gt;</a>&nbsp;&nbsp;&nbsp;Com_ReceiveSignal
</UL>
<BR>[Address Reference Count : 1]<UL><LI> com_cfg.o(.constdata)
</UL>
<P><STRONG><a name="[67]"></a>AppIpduPMS_3C1_Ind</STRONG> (Thumb, 24 bytes, Stack size 8 bytes, app_com.o(i.AppIpduPMS_3C1_Ind))
<BR><BR>[Stack]<UL><LI>Max Depth = 44<LI>Call Chain = AppIpduPMS_3C1_Ind &rArr; Com_ReceiveSignal &rArr; Com_GetRxIpduStatus
</UL>
<BR>[Calls]<UL><LI><a href="#[d8]">&gt;&gt;</a>&nbsp;&nbsp;&nbsp;Com_ReceiveSignal
</UL>
<BR>[Address Reference Count : 1]<UL><LI> com_cfg.o(.constdata)
</UL>
<P><STRONG><a name="[62]"></a>AppIpduPSM_A0_Ind</STRONG> (Thumb, 24 bytes, Stack size 8 bytes, app_com.o(i.AppIpduPSM_A0_Ind))
<BR><BR>[Stack]<UL><LI>Max Depth = 44<LI>Call Chain = AppIpduPSM_A0_Ind &rArr; Com_ReceiveSignal &rArr; Com_GetRxIpduStatus
</UL>
<BR>[Calls]<UL><LI><a href="#[d8]">&gt;&gt;</a>&nbsp;&nbsp;&nbsp;Com_ReceiveSignal
</UL>
<BR>[Address Reference Count : 1]<UL><LI> com_cfg.o(.constdata)
</UL>
<P><STRONG><a name="[db]"></a>AppLedInit</STRONG> (Thumb, 602 bytes, Stack size 8 bytes, app_led.o(i.AppLedInit))
<BR><BR>[Stack]<UL><LI>Max Depth = 92<LI>Call Chain = AppLedInit &rArr; HalGpioSetMode &rArr; FL_GPIO_Init &rArr; FL_GPIO_SetPinMode
</UL>
<BR>[Calls]<UL><LI><a href="#[bf]">&gt;&gt;</a>&nbsp;&nbsp;&nbsp;HalGpioSetMode
</UL>
<BR>[Called By]<UL><LI><a href="#[b0]">&gt;&gt;</a>&nbsp;&nbsp;&nbsp;main
</UL>

<P><STRONG><a name="[1a1]"></a>AppLedTask</STRONG> (Thumb, 1000 bytes, Stack size 8 bytes, app_led.o(i.AppLedTask))
<BR><BR>[Stack]<UL><LI>Max Depth = 8<LI>Call Chain = AppLedTask
</UL>
<BR>[Called By]<UL><LI><a href="#[19f]">&gt;&gt;</a>&nbsp;&nbsp;&nbsp;TickTime10MsTask
</UL>

<P><STRONG><a name="[dc]"></a>AppPwmInit</STRONG> (Thumb, 42 bytes, Stack size 16 bytes, app_pwm.o(i.AppPwmInit))
<BR><BR>[Stack]<UL><LI>Max Depth = 148<LI>Call Chain = AppPwmInit &rArr; HalPwmInit &rArr; FL_GPTIM_OC_Init &rArr; OCConfig
</UL>
<BR>[Calls]<UL><LI><a href="#[de]">&gt;&gt;</a>&nbsp;&nbsp;&nbsp;HalPwmSetCcr
<LI><a href="#[dd]">&gt;&gt;</a>&nbsp;&nbsp;&nbsp;HalPwmInit
</UL>
<BR>[Called By]<UL><LI><a href="#[b0]">&gt;&gt;</a>&nbsp;&nbsp;&nbsp;main
</UL>

<P><STRONG><a name="[6b]"></a>AppRxIpduBCM_1F0_TimeOutInd</STRONG> (Thumb, 2 bytes, Stack size 0 bytes, app_com.o(i.AppRxIpduBCM_1F0_TimeOutInd))
<BR>[Address Reference Count : 1]<UL><LI> com_cfg.o(.constdata)
</UL>
<P><STRONG><a name="[69]"></a>AppRxIpduEHB_125_TimeOutInd</STRONG> (Thumb, 2 bytes, Stack size 0 bytes, app_com.o(i.AppRxIpduEHB_125_TimeOutInd))
<BR>[Address Reference Count : 1]<UL><LI> com_cfg.o(.constdata)
</UL>
<P><STRONG><a name="[6a]"></a>AppRxIpduPMS_162_TimeOutInd</STRONG> (Thumb, 2 bytes, Stack size 0 bytes, app_com.o(i.AppRxIpduPMS_162_TimeOutInd))
<BR>[Address Reference Count : 1]<UL><LI> com_cfg.o(.constdata)
</UL>
<P><STRONG><a name="[6c]"></a>AppRxIpduPMS_214_TimeOutInd</STRONG> (Thumb, 2 bytes, Stack size 0 bytes, app_com.o(i.AppRxIpduPMS_214_TimeOutInd))
<BR>[Address Reference Count : 1]<UL><LI> com_cfg.o(.constdata)
</UL>
<P><STRONG><a name="[6d]"></a>AppRxIpduPMS_3C1_TimeOutInd</STRONG> (Thumb, 2 bytes, Stack size 0 bytes, app_com.o(i.AppRxIpduPMS_3C1_TimeOutInd))
<BR>[Address Reference Count : 1]<UL><LI> com_cfg.o(.constdata)
</UL>
<P><STRONG><a name="[68]"></a>AppRxIpduPSM_A0_TimeOutInd</STRONG> (Thumb, 2 bytes, Stack size 0 bytes, app_com.o(i.AppRxIpduPSM_A0_TimeOutInd))
<BR>[Address Reference Count : 1]<UL><LI> com_cfg.o(.constdata)
</UL>
<P><STRONG><a name="[df]"></a>AppSystemVoltageInit</STRONG> (Thumb, 320 bytes, Stack size 8 bytes, app_system_voltage.o(i.AppSystemVoltageInit))
<BR><BR>[Stack]<UL><LI>Max Depth = 92<LI>Call Chain = AppSystemVoltageInit &rArr; HalGpioSetMode &rArr; FL_GPIO_Init &rArr; FL_GPIO_SetPinMode
</UL>
<BR>[Calls]<UL><LI><a href="#[bf]">&gt;&gt;</a>&nbsp;&nbsp;&nbsp;HalGpioSetMode
</UL>
<BR>[Called By]<UL><LI><a href="#[b0]">&gt;&gt;</a>&nbsp;&nbsp;&nbsp;main
</UL>

<P><STRONG><a name="[1a2]"></a>AppSystemVoltageTask</STRONG> (Thumb, 392 bytes, Stack size 8 bytes, app_system_voltage.o(i.AppSystemVoltageTask))
<BR><BR>[Stack]<UL><LI>Max Depth = 8<LI>Call Chain = AppSystemVoltageTask
</UL>
<BR>[Called By]<UL><LI><a href="#[19f]">&gt;&gt;</a>&nbsp;&nbsp;&nbsp;TickTime10MsTask
</UL>

<P><STRONG><a name="[e0]"></a>App_ClearDiagnosticInformation</STRONG> (Thumb, 72 bytes, Stack size 24 bytes, app_dcm.o(i.App_ClearDiagnosticInformation), UNUSED)
<BR><BR>[Calls]<UL><LI><a href="#[e1]">&gt;&gt;</a>&nbsp;&nbsp;&nbsp;dem_clear_dtc
<LI><a href="#[e2]">&gt;&gt;</a>&nbsp;&nbsp;&nbsp;DsdInternal_SetNegResponse
<LI><a href="#[e3]">&gt;&gt;</a>&nbsp;&nbsp;&nbsp;DsdInternal_ProcessingDone
</UL>

<P><STRONG><a name="[a6]"></a>App_DTCRecordOff</STRONG> (Thumb, 38 bytes, Stack size 8 bytes, app_dcm.o(i.App_DTCRecordOff))
<BR><BR>[Stack]<UL><LI>Max Depth = 88<LI>Call Chain = App_DTCRecordOff &rArr; DsdInternal_ProcessingDone &rArr; PduR_DcmTransmit &rArr; CanTp_Transmit &rArr; CanTp_ChannelInit
</UL>
<BR>[Calls]<UL><LI><a href="#[e4]">&gt;&gt;</a>&nbsp;&nbsp;&nbsp;dem_disable_dtc_setting
<LI><a href="#[e3]">&gt;&gt;</a>&nbsp;&nbsp;&nbsp;DsdInternal_ProcessingDone
</UL>
<BR>[Address Reference Count : 1]<UL><LI> dcm_cfg.o(.constdata)
</UL>
<P><STRONG><a name="[a5]"></a>App_DTCRecordOn</STRONG> (Thumb, 38 bytes, Stack size 8 bytes, app_dcm.o(i.App_DTCRecordOn))
<BR><BR>[Stack]<UL><LI>Max Depth = 88<LI>Call Chain = App_DTCRecordOn &rArr; DsdInternal_ProcessingDone &rArr; PduR_DcmTransmit &rArr; CanTp_Transmit &rArr; CanTp_ChannelInit
</UL>
<BR>[Calls]<UL><LI><a href="#[e5]">&gt;&gt;</a>&nbsp;&nbsp;&nbsp;dem_enable_dtc_setting
<LI><a href="#[e3]">&gt;&gt;</a>&nbsp;&nbsp;&nbsp;DsdInternal_ProcessingDone
</UL>
<BR>[Address Reference Count : 1]<UL><LI> dcm_cfg.o(.constdata)
</UL>
<P><STRONG><a name="[90]"></a>App_Default</STRONG> (Thumb, 122 bytes, Stack size 16 bytes, app_dcm.o(i.App_Default))
<BR><BR>[Stack]<UL><LI>Max Depth = 104<LI>Call Chain = App_Default &rArr; DsdInternal_ProcessingDoneNoResponse &rArr; DsdInternal_ProcessingDone &rArr; PduR_DcmTransmit &rArr; CanTp_Transmit &rArr; CanTp_ChannelInit
</UL>
<BR>[Calls]<UL><LI><a href="#[e7]">&gt;&gt;</a>&nbsp;&nbsp;&nbsp;DsdInternal_ProcessingDoneNoResponse
<LI><a href="#[e3]">&gt;&gt;</a>&nbsp;&nbsp;&nbsp;DsdInternal_ProcessingDone
<LI><a href="#[e6]">&gt;&gt;</a>&nbsp;&nbsp;&nbsp;__aeabi_uidivmod
</UL>
<BR>[Address Reference Count : 1]<UL><LI> dcm_cfg.o(.constdata)
</UL>
<P><STRONG><a name="[91]"></a>App_DefaultPost</STRONG> (Thumb, 176 bytes, Stack size 16 bytes, app_dcm.o(i.App_DefaultPost))
<BR><BR>[Stack]<UL><LI>Max Depth = 168<LI>Call Chain = App_DefaultPost &rArr; CanNm_Start &rArr; CanIf_Transmit &rArr; CanIf_TxConfirmation &rArr; Can_Write
</UL>
<BR>[Calls]<UL><LI><a href="#[cb]">&gt;&gt;</a>&nbsp;&nbsp;&nbsp;Com_TxStart
<LI><a href="#[cc]">&gt;&gt;</a>&nbsp;&nbsp;&nbsp;Com_RxStart
<LI><a href="#[e8]">&gt;&gt;</a>&nbsp;&nbsp;&nbsp;CanNm_Start
</UL>
<BR>[Called By]<UL><LI><a href="#[154]">&gt;&gt;</a>&nbsp;&nbsp;&nbsp;DslInternal_Timer_CallbackTask
</UL>
<BR>[Address Reference Count : 1]<UL><LI> dcm_cfg.o(.constdata)
</UL>
<P><STRONG><a name="[a4]"></a>App_DisableRxAndEnableTx</STRONG> (Thumb, 114 bytes, Stack size 8 bytes, app_dcm.o(i.App_DisableRxAndEnableTx))
<BR><BR>[Stack]<UL><LI>Max Depth = 160<LI>Call Chain = App_DisableRxAndEnableTx &rArr; CanNm_Start &rArr; CanIf_Transmit &rArr; CanIf_TxConfirmation &rArr; Can_Write
</UL>
<BR>[Calls]<UL><LI><a href="#[cb]">&gt;&gt;</a>&nbsp;&nbsp;&nbsp;Com_TxStart
<LI><a href="#[e3]">&gt;&gt;</a>&nbsp;&nbsp;&nbsp;DsdInternal_ProcessingDone
<LI><a href="#[e9]">&gt;&gt;</a>&nbsp;&nbsp;&nbsp;Com_RxStop
<LI><a href="#[e8]">&gt;&gt;</a>&nbsp;&nbsp;&nbsp;CanNm_Start
</UL>
<BR>[Address Reference Count : 1]<UL><LI> dcm_cfg.o(.constdata)
</UL>
<P><STRONG><a name="[a2]"></a>App_DisableRxAndTx</STRONG> (Thumb, 114 bytes, Stack size 8 bytes, app_dcm.o(i.App_DisableRxAndTx))
<BR><BR>[Stack]<UL><LI>Max Depth = 88<LI>Call Chain = App_DisableRxAndTx &rArr; DsdInternal_ProcessingDone &rArr; PduR_DcmTransmit &rArr; CanTp_Transmit &rArr; CanTp_ChannelInit
</UL>
<BR>[Calls]<UL><LI><a href="#[e3]">&gt;&gt;</a>&nbsp;&nbsp;&nbsp;DsdInternal_ProcessingDone
<LI><a href="#[ea]">&gt;&gt;</a>&nbsp;&nbsp;&nbsp;Com_TxStop
<LI><a href="#[e9]">&gt;&gt;</a>&nbsp;&nbsp;&nbsp;Com_RxStop
<LI><a href="#[eb]">&gt;&gt;</a>&nbsp;&nbsp;&nbsp;CanNm_Stop
</UL>
<BR>[Address Reference Count : 1]<UL><LI> dcm_cfg.o(.constdata)
</UL>
<P><STRONG><a name="[a3]"></a>App_EnableRxAndDisableTx</STRONG> (Thumb, 114 bytes, Stack size 8 bytes, app_dcm.o(i.App_EnableRxAndDisableTx))
<BR><BR>[Stack]<UL><LI>Max Depth = 88<LI>Call Chain = App_EnableRxAndDisableTx &rArr; DsdInternal_ProcessingDone &rArr; PduR_DcmTransmit &rArr; CanTp_Transmit &rArr; CanTp_ChannelInit
</UL>
<BR>[Calls]<UL><LI><a href="#[cc]">&gt;&gt;</a>&nbsp;&nbsp;&nbsp;Com_RxStart
<LI><a href="#[e3]">&gt;&gt;</a>&nbsp;&nbsp;&nbsp;DsdInternal_ProcessingDone
<LI><a href="#[ea]">&gt;&gt;</a>&nbsp;&nbsp;&nbsp;Com_TxStop
<LI><a href="#[eb]">&gt;&gt;</a>&nbsp;&nbsp;&nbsp;CanNm_Stop
</UL>
<BR>[Address Reference Count : 1]<UL><LI> dcm_cfg.o(.constdata)
</UL>
<P><STRONG><a name="[a1]"></a>App_EnableRxAndTx</STRONG> (Thumb, 114 bytes, Stack size 8 bytes, app_dcm.o(i.App_EnableRxAndTx))
<BR><BR>[Stack]<UL><LI>Max Depth = 160<LI>Call Chain = App_EnableRxAndTx &rArr; CanNm_Start &rArr; CanIf_Transmit &rArr; CanIf_TxConfirmation &rArr; Can_Write
</UL>
<BR>[Calls]<UL><LI><a href="#[cb]">&gt;&gt;</a>&nbsp;&nbsp;&nbsp;Com_TxStart
<LI><a href="#[cc]">&gt;&gt;</a>&nbsp;&nbsp;&nbsp;Com_RxStart
<LI><a href="#[e3]">&gt;&gt;</a>&nbsp;&nbsp;&nbsp;DsdInternal_ProcessingDone
<LI><a href="#[e8]">&gt;&gt;</a>&nbsp;&nbsp;&nbsp;CanNm_Start
</UL>
<BR>[Address Reference Count : 1]<UL><LI> dcm_cfg.o(.constdata)
</UL>
<P><STRONG><a name="[94]"></a>App_Extended_Diagnostic</STRONG> (Thumb, 122 bytes, Stack size 16 bytes, app_dcm.o(i.App_Extended_Diagnostic))
<BR><BR>[Stack]<UL><LI>Max Depth = 104<LI>Call Chain = App_Extended_Diagnostic &rArr; DsdInternal_ProcessingDoneNoResponse &rArr; DsdInternal_ProcessingDone &rArr; PduR_DcmTransmit &rArr; CanTp_Transmit &rArr; CanTp_ChannelInit
</UL>
<BR>[Calls]<UL><LI><a href="#[e7]">&gt;&gt;</a>&nbsp;&nbsp;&nbsp;DsdInternal_ProcessingDoneNoResponse
<LI><a href="#[e3]">&gt;&gt;</a>&nbsp;&nbsp;&nbsp;DsdInternal_ProcessingDone
<LI><a href="#[e6]">&gt;&gt;</a>&nbsp;&nbsp;&nbsp;__aeabi_uidivmod
</UL>
<BR>[Address Reference Count : 1]<UL><LI> dcm_cfg.o(.constdata)
</UL>
<P><STRONG><a name="[95]"></a>App_Extended_DiagnosticPost</STRONG> (Thumb, 180 bytes, Stack size 16 bytes, app_dcm.o(i.App_Extended_DiagnosticPost))
<BR><BR>[Stack]<UL><LI>Max Depth = 16<LI>Call Chain = App_Extended_DiagnosticPost
</UL>
<BR>[Calls]<UL><LI><a href="#[e6]">&gt;&gt;</a>&nbsp;&nbsp;&nbsp;__aeabi_uidivmod
</UL>
<BR>[Address Reference Count : 1]<UL><LI> dcm_cfg.o(.constdata)
</UL>
<P><STRONG><a name="[98]"></a>App_HardReset</STRONG> (Thumb, 16 bytes, Stack size 8 bytes, app_dcm.o(i.App_HardReset))
<BR><BR>[Stack]<UL><LI>Max Depth = 88<LI>Call Chain = App_HardReset &rArr; DsdInternal_ProcessingDone &rArr; PduR_DcmTransmit &rArr; CanTp_Transmit &rArr; CanTp_ChannelInit
</UL>
<BR>[Calls]<UL><LI><a href="#[e3]">&gt;&gt;</a>&nbsp;&nbsp;&nbsp;DsdInternal_ProcessingDone
</UL>
<BR>[Address Reference Count : 1]<UL><LI> dcm_cfg.o(.constdata)
</UL>
<P><STRONG><a name="[99]"></a>App_HardResetPost</STRONG> (Thumb, 124 bytes, Stack size 0 bytes, app_dcm.o(i.App_HardResetPost))
<BR>[Address Reference Count : 1]<UL><LI> dcm_cfg.o(.constdata)
</UL>
<P><STRONG><a name="[96]"></a>App_Kuwe_Session</STRONG> (Thumb, 122 bytes, Stack size 16 bytes, app_dcm.o(i.App_Kuwe_Session))
<BR><BR>[Stack]<UL><LI>Max Depth = 104<LI>Call Chain = App_Kuwe_Session &rArr; DsdInternal_ProcessingDoneNoResponse &rArr; DsdInternal_ProcessingDone &rArr; PduR_DcmTransmit &rArr; CanTp_Transmit &rArr; CanTp_ChannelInit
</UL>
<BR>[Calls]<UL><LI><a href="#[e7]">&gt;&gt;</a>&nbsp;&nbsp;&nbsp;DsdInternal_ProcessingDoneNoResponse
<LI><a href="#[e3]">&gt;&gt;</a>&nbsp;&nbsp;&nbsp;DsdInternal_ProcessingDone
<LI><a href="#[e6]">&gt;&gt;</a>&nbsp;&nbsp;&nbsp;__aeabi_uidivmod
</UL>
<BR>[Address Reference Count : 1]<UL><LI> dcm_cfg.o(.constdata)
</UL>
<P><STRONG><a name="[97]"></a>App_Kuwe_SessionPost</STRONG> (Thumb, 124 bytes, Stack size 0 bytes, app_dcm.o(i.App_Kuwe_SessionPost))
<BR>[Address Reference Count : 1]<UL><LI> dcm_cfg.o(.constdata)
</UL>
<P><STRONG><a name="[92]"></a>App_Programming</STRONG> (Thumb, 74 bytes, Stack size 8 bytes, app_dcm.o(i.App_Programming))
<BR><BR>[Stack]<UL><LI>Max Depth = 96<LI>Call Chain = App_Programming &rArr; DsdInternal_ProcessingDoneNoResponse &rArr; DsdInternal_ProcessingDone &rArr; PduR_DcmTransmit &rArr; CanTp_Transmit &rArr; CanTp_ChannelInit
</UL>
<BR>[Calls]<UL><LI><a href="#[ec]">&gt;&gt;</a>&nbsp;&nbsp;&nbsp;DslInternal_RCRResponsePending
<LI><a href="#[e7]">&gt;&gt;</a>&nbsp;&nbsp;&nbsp;DsdInternal_ProcessingDoneNoResponse
</UL>
<BR>[Address Reference Count : 1]<UL><LI> dcm_cfg.o(.constdata)
</UL>
<P><STRONG><a name="[93]"></a>App_ProgrammingPost</STRONG> (Thumb, 6 bytes, Stack size 0 bytes, app_dcm.o(i.App_ProgrammingPost))
<BR>[Address Reference Count : 1]<UL><LI> dcm_cfg.o(.constdata)
</UL>
<P><STRONG><a name="[73]"></a>App_Read0x1540</STRONG> (Thumb, 110 bytes, Stack size 16 bytes, app_dcm.o(i.App_Read0x1540))
<BR><BR>[Stack]<UL><LI>Max Depth = 96<LI>Call Chain = App_Read0x1540 &rArr; DsdInternal_ProcessingDone &rArr; PduR_DcmTransmit &rArr; CanTp_Transmit &rArr; CanTp_ChannelInit
</UL>
<BR>[Calls]<UL><LI><a href="#[e3]">&gt;&gt;</a>&nbsp;&nbsp;&nbsp;DsdInternal_ProcessingDone
</UL>
<BR>[Address Reference Count : 1]<UL><LI> dcm_lcfg.o(.constdata)
</UL>
<P><STRONG><a name="[74]"></a>App_Read0x1541</STRONG> (Thumb, 126 bytes, Stack size 16 bytes, app_dcm.o(i.App_Read0x1541))
<BR><BR>[Stack]<UL><LI>Max Depth = 96<LI>Call Chain = App_Read0x1541 &rArr; DsdInternal_ProcessingDone &rArr; PduR_DcmTransmit &rArr; CanTp_Transmit &rArr; CanTp_ChannelInit
</UL>
<BR>[Calls]<UL><LI><a href="#[e3]">&gt;&gt;</a>&nbsp;&nbsp;&nbsp;DsdInternal_ProcessingDone
</UL>
<BR>[Address Reference Count : 1]<UL><LI> dcm_lcfg.o(.constdata)
</UL>
<P><STRONG><a name="[76]"></a>App_Read0xF183</STRONG> (Thumb, 152 bytes, Stack size 16 bytes, app_dcm.o(i.App_Read0xF183))
<BR><BR>[Stack]<UL><LI>Max Depth = 96<LI>Call Chain = App_Read0xF183 &rArr; DsdInternal_ProcessingDone &rArr; PduR_DcmTransmit &rArr; CanTp_Transmit &rArr; CanTp_ChannelInit
</UL>
<BR>[Calls]<UL><LI><a href="#[e3]">&gt;&gt;</a>&nbsp;&nbsp;&nbsp;DsdInternal_ProcessingDone
<LI><a href="#[ed]">&gt;&gt;</a>&nbsp;&nbsp;&nbsp;memory_copys
</UL>
<BR>[Address Reference Count : 1]<UL><LI> dcm_lcfg.o(.constdata)
</UL>
<P><STRONG><a name="[77]"></a>App_Read0xF184</STRONG> (Thumb, 146 bytes, Stack size 16 bytes, app_dcm.o(i.App_Read0xF184))
<BR><BR>[Stack]<UL><LI>Max Depth = 96<LI>Call Chain = App_Read0xF184 &rArr; DsdInternal_ProcessingDone &rArr; PduR_DcmTransmit &rArr; CanTp_Transmit &rArr; CanTp_ChannelInit
</UL>
<BR>[Calls]<UL><LI><a href="#[ee]">&gt;&gt;</a>&nbsp;&nbsp;&nbsp;Eeprom_RamRead
<LI><a href="#[e3]">&gt;&gt;</a>&nbsp;&nbsp;&nbsp;DsdInternal_ProcessingDone
</UL>
<BR>[Address Reference Count : 1]<UL><LI> dcm_lcfg.o(.constdata)
</UL>
<P><STRONG><a name="[6e]"></a>App_Read0xF187</STRONG> (Thumb, 158 bytes, Stack size 16 bytes, app_dcm.o(i.App_Read0xF187))
<BR><BR>[Stack]<UL><LI>Max Depth = 96<LI>Call Chain = App_Read0xF187 &rArr; DsdInternal_ProcessingDone &rArr; PduR_DcmTransmit &rArr; CanTp_Transmit &rArr; CanTp_ChannelInit
</UL>
<BR>[Calls]<UL><LI><a href="#[e3]">&gt;&gt;</a>&nbsp;&nbsp;&nbsp;DsdInternal_ProcessingDone
<LI><a href="#[ed]">&gt;&gt;</a>&nbsp;&nbsp;&nbsp;memory_copys
</UL>
<BR>[Address Reference Count : 1]<UL><LI> dcm_lcfg.o(.constdata)
</UL>
<P><STRONG><a name="[6f]"></a>App_Read0xF18A</STRONG> (Thumb, 158 bytes, Stack size 16 bytes, app_dcm.o(i.App_Read0xF18A))
<BR><BR>[Stack]<UL><LI>Max Depth = 96<LI>Call Chain = App_Read0xF18A &rArr; DsdInternal_ProcessingDone &rArr; PduR_DcmTransmit &rArr; CanTp_Transmit &rArr; CanTp_ChannelInit
</UL>
<BR>[Calls]<UL><LI><a href="#[e3]">&gt;&gt;</a>&nbsp;&nbsp;&nbsp;DsdInternal_ProcessingDone
<LI><a href="#[ed]">&gt;&gt;</a>&nbsp;&nbsp;&nbsp;memory_copys
</UL>
<BR>[Address Reference Count : 1]<UL><LI> dcm_lcfg.o(.constdata)
</UL>
<P><STRONG><a name="[72]"></a>App_Read0xF18E</STRONG> (Thumb, 158 bytes, Stack size 16 bytes, app_dcm.o(i.App_Read0xF18E))
<BR><BR>[Stack]<UL><LI>Max Depth = 96<LI>Call Chain = App_Read0xF18E &rArr; DsdInternal_ProcessingDone &rArr; PduR_DcmTransmit &rArr; CanTp_Transmit &rArr; CanTp_ChannelInit
</UL>
<BR>[Calls]<UL><LI><a href="#[e3]">&gt;&gt;</a>&nbsp;&nbsp;&nbsp;DsdInternal_ProcessingDone
<LI><a href="#[ed]">&gt;&gt;</a>&nbsp;&nbsp;&nbsp;memory_copys
</UL>
<BR>[Address Reference Count : 1]<UL><LI> dcm_lcfg.o(.constdata)
</UL>
<P><STRONG><a name="[75]"></a>App_Read0xF190</STRONG> (Thumb, 146 bytes, Stack size 16 bytes, app_dcm.o(i.App_Read0xF190))
<BR><BR>[Stack]<UL><LI>Max Depth = 96<LI>Call Chain = App_Read0xF190 &rArr; DsdInternal_ProcessingDone &rArr; PduR_DcmTransmit &rArr; CanTp_Transmit &rArr; CanTp_ChannelInit
</UL>
<BR>[Calls]<UL><LI><a href="#[ee]">&gt;&gt;</a>&nbsp;&nbsp;&nbsp;Eeprom_RamRead
<LI><a href="#[e3]">&gt;&gt;</a>&nbsp;&nbsp;&nbsp;DsdInternal_ProcessingDone
</UL>
<BR>[Address Reference Count : 1]<UL><LI> dcm_lcfg.o(.constdata)
</UL>
<P><STRONG><a name="[70]"></a>App_Read0xF191</STRONG> (Thumb, 158 bytes, Stack size 16 bytes, app_dcm.o(i.App_Read0xF191))
<BR><BR>[Stack]<UL><LI>Max Depth = 96<LI>Call Chain = App_Read0xF191 &rArr; DsdInternal_ProcessingDone &rArr; PduR_DcmTransmit &rArr; CanTp_Transmit &rArr; CanTp_ChannelInit
</UL>
<BR>[Calls]<UL><LI><a href="#[e3]">&gt;&gt;</a>&nbsp;&nbsp;&nbsp;DsdInternal_ProcessingDone
<LI><a href="#[ed]">&gt;&gt;</a>&nbsp;&nbsp;&nbsp;memory_copys
</UL>
<BR>[Address Reference Count : 1]<UL><LI> dcm_lcfg.o(.constdata)
</UL>
<P><STRONG><a name="[71]"></a>App_Read0xF195</STRONG> (Thumb, 158 bytes, Stack size 16 bytes, app_dcm.o(i.App_Read0xF195))
<BR><BR>[Stack]<UL><LI>Max Depth = 96<LI>Call Chain = App_Read0xF195 &rArr; DsdInternal_ProcessingDone &rArr; PduR_DcmTransmit &rArr; CanTp_Transmit &rArr; CanTp_ChannelInit
</UL>
<BR>[Calls]<UL><LI><a href="#[e3]">&gt;&gt;</a>&nbsp;&nbsp;&nbsp;DsdInternal_ProcessingDone
<LI><a href="#[ed]">&gt;&gt;</a>&nbsp;&nbsp;&nbsp;memory_copys
</UL>
<BR>[Address Reference Count : 1]<UL><LI> dcm_lcfg.o(.constdata)
</UL>
<P><STRONG><a name="[9b]"></a>App_ReportDTCByStatusMask</STRONG> (Thumb, 188 bytes, Stack size 24 bytes, app_dcm.o(i.App_ReportDTCByStatusMask))
<BR><BR>[Stack]<UL><LI>Max Depth = 104<LI>Call Chain = App_ReportDTCByStatusMask &rArr; DsdInternal_ProcessingDone &rArr; PduR_DcmTransmit &rArr; CanTp_Transmit &rArr; CanTp_ChannelInit
</UL>
<BR>[Calls]<UL><LI><a href="#[ef]">&gt;&gt;</a>&nbsp;&nbsp;&nbsp;_dem_get_state
<LI><a href="#[e3]">&gt;&gt;</a>&nbsp;&nbsp;&nbsp;DsdInternal_ProcessingDone
</UL>
<BR>[Address Reference Count : 1]<UL><LI> dcm_cfg.o(.constdata)
</UL>
<P><STRONG><a name="[9e]"></a>App_ReportDTCSnapshotIdentification</STRONG> (Thumb, 168 bytes, Stack size 16 bytes, app_dcm.o(i.App_ReportDTCSnapshotIdentification))
<BR><BR>[Stack]<UL><LI>Max Depth = 96<LI>Call Chain = App_ReportDTCSnapshotIdentification &rArr; DsdInternal_ProcessingDone &rArr; PduR_DcmTransmit &rArr; CanTp_Transmit &rArr; CanTp_ChannelInit
</UL>
<BR>[Calls]<UL><LI><a href="#[e3]">&gt;&gt;</a>&nbsp;&nbsp;&nbsp;DsdInternal_ProcessingDone
</UL>
<BR>[Address Reference Count : 1]<UL><LI> dcm_cfg.o(.constdata)
</UL>
<P><STRONG><a name="[9d]"></a>App_ReportDTCSnapshotRecordByDTCNumber</STRONG> (Thumb, 340 bytes, Stack size 40 bytes, app_dcm.o(i.App_ReportDTCSnapshotRecordByDTCNumber))
<BR><BR>[Stack]<UL><LI>Max Depth = 120<LI>Call Chain = App_ReportDTCSnapshotRecordByDTCNumber &rArr; DsdInternal_ProcessingDone &rArr; PduR_DcmTransmit &rArr; CanTp_Transmit &rArr; CanTp_ChannelInit
</UL>
<BR>[Calls]<UL><LI><a href="#[f0]">&gt;&gt;</a>&nbsp;&nbsp;&nbsp;dem_get_stored_index
<LI><a href="#[ef]">&gt;&gt;</a>&nbsp;&nbsp;&nbsp;_dem_get_state
<LI><a href="#[e2]">&gt;&gt;</a>&nbsp;&nbsp;&nbsp;DsdInternal_SetNegResponse
<LI><a href="#[e3]">&gt;&gt;</a>&nbsp;&nbsp;&nbsp;DsdInternal_ProcessingDone
</UL>
<BR>[Address Reference Count : 1]<UL><LI> dcm_cfg.o(.constdata)
</UL>
<P><STRONG><a name="[9a]"></a>App_ReportNumberOfDTCByStatusMask</STRONG> (Thumb, 104 bytes, Stack size 24 bytes, app_dcm.o(i.App_ReportNumberOfDTCByStatusMask))
<BR><BR>[Stack]<UL><LI>Max Depth = 104<LI>Call Chain = App_ReportNumberOfDTCByStatusMask &rArr; DsdInternal_ProcessingDone &rArr; PduR_DcmTransmit &rArr; CanTp_Transmit &rArr; CanTp_ChannelInit
</UL>
<BR>[Calls]<UL><LI><a href="#[ef]">&gt;&gt;</a>&nbsp;&nbsp;&nbsp;_dem_get_state
<LI><a href="#[e3]">&gt;&gt;</a>&nbsp;&nbsp;&nbsp;DsdInternal_ProcessingDone
</UL>
<BR>[Address Reference Count : 1]<UL><LI> dcm_cfg.o(.constdata)
</UL>
<P><STRONG><a name="[9c]"></a>App_ReportSupportedDTC</STRONG> (Thumb, 146 bytes, Stack size 16 bytes, app_dcm.o(i.App_ReportSupportedDTC))
<BR><BR>[Stack]<UL><LI>Max Depth = 96<LI>Call Chain = App_ReportSupportedDTC &rArr; DsdInternal_ProcessingDone &rArr; PduR_DcmTransmit &rArr; CanTp_Transmit &rArr; CanTp_ChannelInit
</UL>
<BR>[Calls]<UL><LI><a href="#[ef]">&gt;&gt;</a>&nbsp;&nbsp;&nbsp;_dem_get_state
<LI><a href="#[e3]">&gt;&gt;</a>&nbsp;&nbsp;&nbsp;DsdInternal_ProcessingDone
</UL>
<BR>[Address Reference Count : 1]<UL><LI> dcm_cfg.o(.constdata)
</UL>
<P><STRONG><a name="[9f]"></a>App_Request_Seed_L1</STRONG> (Thumb, 148 bytes, Stack size 16 bytes, app_dcm.o(i.App_Request_Seed_L1))
<BR><BR>[Stack]<UL><LI>Max Depth = 96<LI>Call Chain = App_Request_Seed_L1 &rArr; DsdInternal_ProcessingDone &rArr; PduR_DcmTransmit &rArr; CanTp_Transmit &rArr; CanTp_ChannelInit
</UL>
<BR>[Calls]<UL><LI><a href="#[e3]">&gt;&gt;</a>&nbsp;&nbsp;&nbsp;DsdInternal_ProcessingDone
</UL>
<BR>[Address Reference Count : 1]<UL><LI> dcm_cfg.o(.constdata)
</UL>
<P><STRONG><a name="[79]"></a>App_ReturnControlToEcu0x3901</STRONG> (Thumb, 36 bytes, Stack size 8 bytes, app_dcm.o(i.App_ReturnControlToEcu0x3901))
<BR><BR>[Stack]<UL><LI>Max Depth = 88<LI>Call Chain = App_ReturnControlToEcu0x3901 &rArr; DsdInternal_ProcessingDone &rArr; PduR_DcmTransmit &rArr; CanTp_Transmit &rArr; CanTp_ChannelInit
</UL>
<BR>[Calls]<UL><LI><a href="#[e3]">&gt;&gt;</a>&nbsp;&nbsp;&nbsp;DsdInternal_ProcessingDone
</UL>
<BR>[Address Reference Count : 1]<UL><LI> dcm_lcfg.o(.constdata)
</UL>
<P><STRONG><a name="[7b]"></a>App_ReturnControlToEcu0x3902</STRONG> (Thumb, 36 bytes, Stack size 8 bytes, app_dcm.o(i.App_ReturnControlToEcu0x3902))
<BR><BR>[Stack]<UL><LI>Max Depth = 88<LI>Call Chain = App_ReturnControlToEcu0x3902 &rArr; DsdInternal_ProcessingDone &rArr; PduR_DcmTransmit &rArr; CanTp_Transmit &rArr; CanTp_ChannelInit
</UL>
<BR>[Calls]<UL><LI><a href="#[e3]">&gt;&gt;</a>&nbsp;&nbsp;&nbsp;DsdInternal_ProcessingDone
</UL>
<BR>[Address Reference Count : 1]<UL><LI> dcm_lcfg.o(.constdata)
</UL>
<P><STRONG><a name="[7d]"></a>App_ReturnControlToEcu0x3903</STRONG> (Thumb, 2 bytes, Stack size 0 bytes, app_dcm.o(i.App_ReturnControlToEcu0x3903))
<BR>[Address Reference Count : 1]<UL><LI> dcm_lcfg.o(.constdata)
</UL>
<P><STRONG><a name="[7f]"></a>App_ReturnControlToEcu0x3904</STRONG> (Thumb, 2 bytes, Stack size 0 bytes, app_dcm.o(i.App_ReturnControlToEcu0x3904))
<BR>[Address Reference Count : 1]<UL><LI> dcm_lcfg.o(.constdata)
</UL>
<P><STRONG><a name="[81]"></a>App_ReturnControlToEcu0x3905</STRONG> (Thumb, 2 bytes, Stack size 0 bytes, app_dcm.o(i.App_ReturnControlToEcu0x3905))
<BR>[Address Reference Count : 1]<UL><LI> dcm_lcfg.o(.constdata)
</UL>
<P><STRONG><a name="[a0]"></a>App_Send_Key_L1</STRONG> (Thumb, 116 bytes, Stack size 24 bytes, app_dcm.o(i.App_Send_Key_L1))
<BR><BR>[Stack]<UL><LI>Max Depth = 104<LI>Call Chain = App_Send_Key_L1 &rArr; DsdInternal_ProcessingDone &rArr; PduR_DcmTransmit &rArr; CanTp_Transmit &rArr; CanTp_ChannelInit
</UL>
<BR>[Calls]<UL><LI><a href="#[e2]">&gt;&gt;</a>&nbsp;&nbsp;&nbsp;DsdInternal_SetNegResponse
<LI><a href="#[f2]">&gt;&gt;</a>&nbsp;&nbsp;&nbsp;DsdInternal_SecurityAccessKeyCompared
<LI><a href="#[e3]">&gt;&gt;</a>&nbsp;&nbsp;&nbsp;DsdInternal_ProcessingDone
<LI><a href="#[f1]">&gt;&gt;</a>&nbsp;&nbsp;&nbsp;GetKey
</UL>
<BR>[Address Reference Count : 1]<UL><LI> dcm_cfg.o(.constdata)
</UL>
<P><STRONG><a name="[7a]"></a>App_ShortTermAdjustment0x3901</STRONG> (Thumb, 2 bytes, Stack size 0 bytes, app_dcm.o(i.App_ShortTermAdjustment0x3901))
<BR>[Address Reference Count : 1]<UL><LI> dcm_lcfg.o(.constdata)
</UL>
<P><STRONG><a name="[7c]"></a>App_ShortTermAdjustment0x3902</STRONG> (Thumb, 36 bytes, Stack size 8 bytes, app_dcm.o(i.App_ShortTermAdjustment0x3902))
<BR><BR>[Stack]<UL><LI>Max Depth = 88<LI>Call Chain = App_ShortTermAdjustment0x3902 &rArr; DsdInternal_ProcessingDone &rArr; PduR_DcmTransmit &rArr; CanTp_Transmit &rArr; CanTp_ChannelInit
</UL>
<BR>[Calls]<UL><LI><a href="#[e3]">&gt;&gt;</a>&nbsp;&nbsp;&nbsp;DsdInternal_ProcessingDone
</UL>
<BR>[Address Reference Count : 1]<UL><LI> dcm_lcfg.o(.constdata)
</UL>
<P><STRONG><a name="[7e]"></a>App_ShortTermAdjustment0x3903</STRONG> (Thumb, 2 bytes, Stack size 0 bytes, app_dcm.o(i.App_ShortTermAdjustment0x3903))
<BR>[Address Reference Count : 1]<UL><LI> dcm_lcfg.o(.constdata)
</UL>
<P><STRONG><a name="[80]"></a>App_ShortTermAdjustment0x3904</STRONG> (Thumb, 2 bytes, Stack size 0 bytes, app_dcm.o(i.App_ShortTermAdjustment0x3904))
<BR>[Address Reference Count : 1]<UL><LI> dcm_lcfg.o(.constdata)
</UL>
<P><STRONG><a name="[82]"></a>App_ShortTermAdjustment0x3905</STRONG> (Thumb, 2 bytes, Stack size 0 bytes, app_dcm.o(i.App_ShortTermAdjustment0x3905))
<BR>[Address Reference Count : 1]<UL><LI> dcm_lcfg.o(.constdata)
</UL>
<P><STRONG><a name="[83]"></a>App_StartRoutine0x0203</STRONG> (Thumb, 72 bytes, Stack size 8 bytes, app_dcm.o(i.App_StartRoutine0x0203))
<BR><BR>[Stack]<UL><LI>Max Depth = 88<LI>Call Chain = App_StartRoutine0x0203 &rArr; DsdInternal_ProcessingDone &rArr; PduR_DcmTransmit &rArr; CanTp_Transmit &rArr; CanTp_ChannelInit
</UL>
<BR>[Calls]<UL><LI><a href="#[e2]">&gt;&gt;</a>&nbsp;&nbsp;&nbsp;DsdInternal_SetNegResponse
<LI><a href="#[f3]">&gt;&gt;</a>&nbsp;&nbsp;&nbsp;DsdInternal_RoutineStarted
<LI><a href="#[e3]">&gt;&gt;</a>&nbsp;&nbsp;&nbsp;DsdInternal_ProcessingDone
</UL>
<BR>[Address Reference Count : 1]<UL><LI> dcm_lcfg.o(.constdata)
</UL>
<P><STRONG><a name="[78]"></a>App_Write0xF190</STRONG> (Thumb, 116 bytes, Stack size 16 bytes, app_dcm.o(i.App_Write0xF190))
<BR><BR>[Stack]<UL><LI>Max Depth = 96<LI>Call Chain = App_Write0xF190 &rArr; DsdInternal_ProcessingDone &rArr; PduR_DcmTransmit &rArr; CanTp_Transmit &rArr; CanTp_ChannelInit
</UL>
<BR>[Calls]<UL><LI><a href="#[f4]">&gt;&gt;</a>&nbsp;&nbsp;&nbsp;Eeprom_RamWrite
<LI><a href="#[e3]">&gt;&gt;</a>&nbsp;&nbsp;&nbsp;DsdInternal_ProcessingDone
</UL>
<BR>[Address Reference Count : 1]<UL><LI> dcm_lcfg.o(.constdata)
</UL>
<P><STRONG><a name="[f5]"></a>ApplNmBusOff</STRONG> (Thumb, 14 bytes, Stack size 8 bytes, oseknm_app.o(i.ApplNmBusOff))
<BR><BR>[Stack]<UL><LI>Max Depth = 8<LI>Call Chain = ApplNmBusOff
</UL>
<BR>[Calls]<UL><LI><a href="#[ea]">&gt;&gt;</a>&nbsp;&nbsp;&nbsp;Com_TxStop
<LI><a href="#[e9]">&gt;&gt;</a>&nbsp;&nbsp;&nbsp;Com_RxStop
</UL>
<BR>[Called By]<UL><LI><a href="#[18c]">&gt;&gt;</a>&nbsp;&nbsp;&nbsp;NmBusErrorRecover
</UL>

[...]
<LI><a href="#[18c]">&gt;&gt;</a>&nbsp;&nbsp;&nbsp;NmBusErrorRecover
</UL>
<BR>[Called By]<UL><LI><a href="#[d5]">&gt;&gt;</a>&nbsp;&nbsp;&nbsp;CanNm_MainFunction
</UL>

<P><STRONG><a name="[11b]"></a>NmCancelAlarm</STRONG> (Thumb, 306 bytes, Stack size 8 bytes, oseknm.o(i.NmCancelAlarm))
<BR><BR>[Stack]<UL><LI>Max Depth = 8<LI>Call Chain = NmCancelAlarm
</UL>
<BR>[Called By]<UL><LI><a href="#[eb]">&gt;&gt;</a>&nbsp;&nbsp;&nbsp;CanNm_Stop
<LI><a href="#[11f]">&gt;&gt;</a>&nbsp;&nbsp;&nbsp;NmTxConfirmation
<LI><a href="#[199]">&gt;&gt;</a>&nbsp;&nbsp;&nbsp;NmTtypTimeOutProc
<LI><a href="#[194]">&gt;&gt;</a>&nbsp;&nbsp;&nbsp;NmReadyToBusSleep
<LI><a href="#[11a]">&gt;&gt;</a>&nbsp;&nbsp;&nbsp;NmInitReset
<LI><a href="#[18f]">&gt;&gt;</a>&nbsp;&nbsp;&nbsp;NmGotoModeAwake
<LI><a href="#[18c]">&gt;&gt;</a>&nbsp;&nbsp;&nbsp;NmBusErrorRecover
</UL>

<P><STRONG><a name="[18f]"></a>NmGotoModeAwake</STRONG> (Thumb, 322 bytes, Stack size 24 bytes, oseknm.o(i.NmGotoModeAwake))
<BR><BR>[Stack]<UL><LI>Max Depth = 152<LI>Call Chain = NmGotoModeAwake &rArr; CanIf_Transmit &rArr; CanIf_TxConfirmation &rArr; Can_Write
</UL>
<BR>[Calls]<UL><LI><a href="#[10a]">&gt;&gt;</a>&nbsp;&nbsp;&nbsp;CanIf_Transmit
<LI><a href="#[109]">&gt;&gt;</a>&nbsp;&nbsp;&nbsp;CanIf_SetPduMode
<LI><a href="#[fe]">&gt;&gt;</a>&nbsp;&nbsp;&nbsp;ApplNmWaitBusSleepCancel
<LI><a href="#[10f]">&gt;&gt;</a>&nbsp;&nbsp;&nbsp;__set_PRIMASK
<LI><a href="#[10d]">&gt;&gt;</a>&nbsp;&nbsp;&nbsp;__get_PRIMASK
<LI><a href="#[18d]">&gt;&gt;</a>&nbsp;&nbsp;&nbsp;NmSetAlarm
<LI><a href="#[11a]">&gt;&gt;</a>&nbsp;&nbsp;&nbsp;NmInitReset
<LI><a href="#[11b]">&gt;&gt;</a>&nbsp;&nbsp;&nbsp;NmCancelAlarm
<LI><a href="#[118]">&gt;&gt;</a>&nbsp;&nbsp;&nbsp;CanNm_SetNxtState
<LI><a href="#[119]">&gt;&gt;</a>&nbsp;&nbsp;&nbsp;CanNm_GetCurState
</UL>
<BR>[Called By]<UL><LI><a href="#[110]">&gt;&gt;</a>&nbsp;&nbsp;&nbsp;NmModeCheckFun
</UL>

<P><STRONG><a name="[190]"></a>NmGotoModeSleep</STRONG> (Thumb, 70 bytes, Stack size 16 bytes, oseknm.o(i.NmGotoModeSleep))
<BR><BR>[Stack]<UL><LI>Max Depth = 32<LI>Call Chain = NmGotoModeSleep &rArr; CanNm_SetNxtState
</UL>
<BR>[Calls]<UL><LI><a href="#[118]">&gt;&gt;</a>&nbsp;&nbsp;&nbsp;CanNm_SetNxtState
<LI><a href="#[119]">&gt;&gt;</a>&nbsp;&nbsp;&nbsp;CanNm_GetCurState
</UL>
<BR>[Called By]<UL><LI><a href="#[110]">&gt;&gt;</a>&nbsp;&nbsp;&nbsp;NmModeCheckFun
</UL>

<P><STRONG><a name="[11a]"></a>NmInitReset</STRONG> (Thumb, 760 bytes, Stack size 16 bytes, oseknm.o(i.NmInitReset))
<BR><BR>[Stack]<UL><LI>Max Depth = 56<LI>Call Chain = NmInitReset &rArr; CanIf_SetControllerMode &rArr; Can_SetControllerMode
</UL>
<BR>[Calls]<UL><LI><a href="#[c9]">&gt;&gt;</a>&nbsp;&nbsp;&nbsp;CanIf_SetControllerMode
<LI><a href="#[193]">&gt;&gt;</a>&nbsp;&nbsp;&nbsp;ApplNmCanLimpHomeStart
<LI><a href="#[f7]">&gt;&gt;</a>&nbsp;&nbsp;&nbsp;ApplNmCanLimpHomeEnd
<LI><a href="#[109]">&gt;&gt;</a>&nbsp;&nbsp;&nbsp;CanIf_SetPduMode
<LI><a href="#[fb]">&gt;&gt;</a>&nbsp;&nbsp;&nbsp;ApplNmCanStart
<LI><a href="#[192]">&gt;&gt;</a>&nbsp;&nbsp;&nbsp;NmTxPDUCreat
<LI><a href="#[191]">&gt;&gt;</a>&nbsp;&nbsp;&nbsp;NmSetConfig
<LI><a href="#[18d]">&gt;&gt;</a>&nbsp;&nbsp;&nbsp;NmSetAlarm
<LI><a href="#[11c]">&gt;&gt;</a>&nbsp;&nbsp;&nbsp;NmResetConfig
<LI><a href="#[11b]">&gt;&gt;</a>&nbsp;&nbsp;&nbsp;NmCancelAlarm
</UL>
<BR>[Called By]<UL><LI><a href="#[e8]">&gt;&gt;</a>&nbsp;&nbsp;&nbsp;CanNm_Start
<LI><a href="#[197]">&gt;&gt;</a>&nbsp;&nbsp;&nbsp;NmTmaxTimeOutProc
<LI><a href="#[18f]">&gt;&gt;</a>&nbsp;&nbsp;&nbsp;NmGotoModeAwake
</UL>

<P><STRONG><a name="[110]"></a>NmModeCheckFun</STRONG> (Thumb, 184 bytes, Stack size 16 bytes, oseknm.o(i.NmModeCheckFun))
<BR><BR>[Stack]<UL><LI>Max Depth = 168<LI>Call Chain = NmModeCheckFun &rArr; NmGotoModeAwake &rArr; CanIf_Transmit &rArr; CanIf_TxConfirmation &rArr; Can_Write
</UL>
<BR>[Calls]<UL><LI><a href="#[10f]">&gt;&gt;</a>&nbsp;&nbsp;&nbsp;__set_PRIMASK
<LI><a href="#[10d]">&gt;&gt;</a>&nbsp;&nbsp;&nbsp;__get_PRIMASK
<LI><a href="#[190]">&gt;&gt;</a>&nbsp;&nbsp;&nbsp;NmGotoModeSleep
<LI><a href="#[18f]">&gt;&gt;</a>&nbsp;&nbsp;&nbsp;NmGotoModeAwake
</UL>
<BR>[Called By]<UL><LI><a href="#[d5]">&gt;&gt;</a>&nbsp;&nbsp;&nbsp;CanNm_MainFunction
</UL>

<P><STRONG><a name="[194]"></a>NmReadyToBusSleep</STRONG> (Thumb, 182 bytes, Stack size 16 bytes, oseknm.o(i.NmReadyToBusSleep))
<BR><BR>[Stack]<UL><LI>Max Depth = 40<LI>Call Chain = NmReadyToBusSleep &rArr; NmSetAlarm &rArr; __aeabi_idivmod
</UL>
<BR>[Calls]<UL><LI><a href="#[109]">&gt;&gt;</a>&nbsp;&nbsp;&nbsp;CanIf_SetPduMode
<LI><a href="#[fd]">&gt;&gt;</a>&nbsp;&nbsp;&nbsp;ApplNmWaitBusSleep
<LI><a href="#[18d]">&gt;&gt;</a>&nbsp;&nbsp;&nbsp;NmSetAlarm
<LI><a href="#[11c]">&gt;&gt;</a>&nbsp;&nbsp;&nbsp;NmResetConfig
<LI><a href="#[11b]">&gt;&gt;</a>&nbsp;&nbsp;&nbsp;NmCancelAlarm
<LI><a href="#[119]">&gt;&gt;</a>&nbsp;&nbsp;&nbsp;CanNm_GetCurState
</UL>
<BR>[Called By]<UL><LI><a href="#[11f]">&gt;&gt;</a>&nbsp;&nbsp;&nbsp;NmTxConfirmation
<LI><a href="#[197]">&gt;&gt;</a>&nbsp;&nbsp;&nbsp;NmTmaxTimeOutProc
</UL>

<P><STRONG><a name="[11c]"></a>NmResetConfig</STRONG> (Thumb, 134 bytes, Stack size 12 bytes, oseknm.o(i.NmResetConfig))
<BR><BR>[Stack]<UL><LI>Max Depth = 12<LI>Call Chain = NmResetConfig
</UL>
<BR>[Called By]<UL><LI><a href="#[eb]">&gt;&gt;</a>&nbsp;&nbsp;&nbsp;CanNm_Stop
<LI><a href="#[194]">&gt;&gt;</a>&nbsp;&nbsp;&nbsp;NmReadyToBusSleep
<LI><a href="#[11a]">&gt;&gt;</a>&nbsp;&nbsp;&nbsp;NmInitReset
<LI><a href="#[18c]">&gt;&gt;</a>&nbsp;&nbsp;&nbsp;NmBusErrorRecover
</UL>

<P><STRONG><a name="[18d]"></a>NmSetAlarm</STRONG> (Thumb, 350 bytes, Stack size 16 bytes, oseknm.o(i.NmSetAlarm))
<BR><BR>[Stack]<UL><LI>Max Depth = 24<LI>Call Chain = NmSetAlarm &rArr; __aeabi_idivmod
</UL>
<BR>[Calls]<UL><LI><a href="#[12a]">&gt;&gt;</a>&nbsp;&nbsp;&nbsp;__aeabi_idivmod
</UL>
<BR>[Called By]<UL><LI><a href="#[11f]">&gt;&gt;</a>&nbsp;&nbsp;&nbsp;NmTxConfirmation
<LI><a href="#[199]">&gt;&gt;</a>&nbsp;&nbsp;&nbsp;NmTtypTimeOutProc
<LI><a href="#[196]">&gt;&gt;</a>&nbsp;&nbsp;&nbsp;NmTerrTimeOutProc
<LI><a href="#[194]">&gt;&gt;</a>&nbsp;&nbsp;&nbsp;NmReadyToBusSleep
<LI><a href="#[11a]">&gt;&gt;</a>&nbsp;&nbsp;&nbsp;NmInitReset
<LI><a href="#[18f]">&gt;&gt;</a>&nbsp;&nbsp;&nbsp;NmGotoModeAwake
<LI><a href="#[18c]">&gt;&gt;</a>&nbsp;&nbsp;&nbsp;NmBusErrorRecover
</UL>

<P><STRONG><a name="[191]"></a>NmSetConfig</STRONG> (Thumb, 356 bytes, Stack size 32 bytes, oseknm.o(i.NmSetConfig))
<BR><BR>[Stack]<UL><LI>Max Depth = 32<LI>Call Chain = NmSetConfig
</UL>
<BR>[Called By]<UL><LI><a href="#[11a]">&gt;&gt;</a>&nbsp;&nbsp;&nbsp;NmInitReset
</UL>

<P><STRONG><a name="[195]"></a>NmTBusOffRecoveryTimeOutProc</STRONG> (Thumb, 12 bytes, Stack size 8 bytes, oseknm.o(i.NmTBusOffRecoveryTimeOutProc))
<BR><BR>[Stack]<UL><LI>Max Depth = 160<LI>Call Chain = NmTBusOffRecoveryTimeOutProc &rArr; NmTerrTimeOutProc &rArr; CanIf_Transmit &rArr; CanIf_TxConfirmation &rArr; Can_Write
</UL>
<BR>[Calls]<UL><LI><a href="#[196]">&gt;&gt;</a>&nbsp;&nbsp;&nbsp;NmTerrTimeOutProc
</UL>
<BR>[Called By]<UL><LI><a href="#[117]">&gt;&gt;</a>&nbsp;&nbsp;&nbsp;NmTimerTBusOffCntFun
</UL>

<P><STRONG><a name="[196]"></a>NmTerrTimeOutProc</STRONG> (Thumb, 946 bytes, Stack size 24 bytes, oseknm.o(i.NmTerrTimeOutProc))
<BR><BR>[Stack]<UL><LI>Max Depth = 152<LI>Call Chain = NmTerrTimeOutProc &rArr; CanIf_Transmit &rArr; CanIf_TxConfirmation &rArr; Can_Write
</UL>
<BR>[Calls]<UL><LI><a href="#[c9]">&gt;&gt;</a>&nbsp;&nbsp;&nbsp;CanIf_SetControllerMode
<LI><a href="#[f6]">&gt;&gt;</a>&nbsp;&nbsp;&nbsp;ApplNmBusOffEnd
<LI><a href="#[10a]">&gt;&gt;</a>&nbsp;&nbsp;&nbsp;CanIf_Transmit
<LI><a href="#[109]">&gt;&gt;</a>&nbsp;&nbsp;&nbsp;CanIf_SetPduMode
<LI><a href="#[108]">&gt;&gt;</a>&nbsp;&nbsp;&nbsp;CanIf_ClearTransmitBuffer
<LI><a href="#[135]">&gt;&gt;</a>&nbsp;&nbsp;&nbsp;Can_InitController
<LI><a href="#[fc]">&gt;&gt;</a>&nbsp;&nbsp;&nbsp;ApplNmLimpHomeState
<LI><a href="#[10f]">&gt;&gt;</a>&nbsp;&nbsp;&nbsp;__set_PRIMASK
<LI><a href="#[10d]">&gt;&gt;</a>&nbsp;&nbsp;&nbsp;__get_PRIMASK
<LI><a href="#[192]">&gt;&gt;</a>&nbsp;&nbsp;&nbsp;NmTxPDUCreat
<LI><a href="#[18d]">&gt;&gt;</a>&nbsp;&nbsp;&nbsp;NmSetAlarm
<LI><a href="#[118]">&gt;&gt;</a>&nbsp;&nbsp;&nbsp;CanNm_SetNxtState
<LI><a href="#[119]">&gt;&gt;</a>&nbsp;&nbsp;&nbsp;CanNm_GetCurState
</UL>
<BR>[Called By]<UL><LI><a href="#[114]">&gt;&gt;</a>&nbsp;&nbsp;&nbsp;NmTimerTErrCntFun
<LI><a href="#[195]">&gt;&gt;</a>&nbsp;&nbsp;&nbsp;NmTBusOffRecoveryTimeOutProc
</UL>

<P><STRONG><a name="[117]"></a>NmTimerTBusOffCntFun</STRONG> (Thumb, 82 bytes, Stack size 16 bytes, oseknm.o(i.NmTimerTBusOffCntFun))
<BR><BR>[Stack]<UL><LI>Max Depth = 176<LI>Call Chain = NmTimerTBusOffCntFun &rArr; NmTBusOffRecoveryTimeOutProc &rArr; NmTerrTimeOutProc &rArr; CanIf_Transmit &rArr; CanIf_TxConfirmation &rArr; Can_Write
</UL>
<BR>[Calls]<UL><LI><a href="#[10f]">&gt;&gt;</a>&nbsp;&nbsp;&nbsp;__set_PRIMASK
<LI><a href="#[10d]">&gt;&gt;</a>&nbsp;&nbsp;&nbsp;__get_PRIMASK
<LI><a href="#[195]">&gt;&gt;</a>&nbsp;&nbsp;&nbsp;NmTBusOffRecoveryTimeOutProc
</UL>
<BR>[Called By]<UL><LI><a href="#[d5]">&gt;&gt;</a>&nbsp;&nbsp;&nbsp;CanNm_MainFunction
</UL>

<P><STRONG><a name="[114]"></a>NmTimerTErrCntFun</STRONG> (Thumb, 82 bytes, Stack size 16 bytes, oseknm.o(i.NmTimerTErrCntFun))
<BR><BR>[Stack]<UL><LI>Max Depth = 168<LI>Call Chain = NmTimerTErrCntFun &rArr; NmTerrTimeOutProc &rArr; CanIf_Transmit &rArr; CanIf_TxConfirmation &rArr; Can_Write
</UL>
<BR>[Calls]<UL><LI><a href="#[10f]">&gt;&gt;</a>&nbsp;&nbsp;&nbsp;__set_PRIMASK
<LI><a href="#[10d]">&gt;&gt;</a>&nbsp;&nbsp;&nbsp;__get_PRIMASK
<LI><a href="#[196]">&gt;&gt;</a>&nbsp;&nbsp;&nbsp;NmTerrTimeOutProc
</UL>
<BR>[Called By]<UL><LI><a href="#[d5]">&gt;&gt;</a>&nbsp;&nbsp;&nbsp;CanNm_MainFunction
</UL>

<P><STRONG><a name="[113]"></a>NmTimerTMaxCntFun</STRONG> (Thumb, 82 bytes, Stack size 16 bytes, oseknm.o(i.NmTimerTMaxCntFun))
<BR><BR>[Stack]<UL><LI>Max Depth = 168<LI>Call Chain = NmTimerTMaxCntFun &rArr; NmTmaxTimeOutProc &rArr; CanIf_Transmit &rArr; CanIf_TxConfirmation &rArr; Can_Write
</UL>
<BR>[Calls]<UL><LI><a href="#[10f]">&gt;&gt;</a>&nbsp;&nbsp;&nbsp;__set_PRIMASK
<LI><a href="#[10d]">&gt;&gt;</a>&nbsp;&nbsp;&nbsp;__get_PRIMASK
<LI><a href="#[197]">&gt;&gt;</a>&nbsp;&nbsp;&nbsp;NmTmaxTimeOutProc
</UL>
<BR>[Called By]<UL><LI><a href="#[d5]">&gt;&gt;</a>&nbsp;&nbsp;&nbsp;CanNm_MainFunction
</UL>

<P><STRONG><a name="[116]"></a>NmTimerTTxCntFun</STRONG> (Thumb, 68 bytes, Stack size 8 bytes, oseknm.o(i.NmTimerTTxCntFun))
<BR><BR>[Stack]<UL><LI>Max Depth = 152<LI>Call Chain = NmTimerTTxCntFun &rArr; NmTtxTimeOutProc &rArr; CanIf_Transmit &rArr; CanIf_TxConfirmation &rArr; Can_Write
</UL>
<BR>[Calls]<UL><LI><a href="#[198]">&gt;&gt;</a>&nbsp;&nbsp;&nbsp;NmTtxTimeOutProc
</UL>
<BR>[Called By]<UL><LI><a href="#[d5]">&gt;&gt;</a>&nbsp;&nbsp;&nbsp;CanNm_MainFunction
</UL>

<P><STRONG><a name="[112]"></a>NmTimerTTypCntFun</STRONG> (Thumb, 82 bytes, Stack size 16 bytes, oseknm.o(i.NmTimerTTypCntFun))
<BR><BR>[Stack]<UL><LI>Max Depth = 168<LI>Call Chain = NmTimerTTypCntFun &rArr; NmTtypTimeOutProc &rArr; CanIf_Transmit &rArr; CanIf_TxConfirmation &rArr; Can_Write
</UL>
<BR>[Calls]<UL><LI><a href="#[10f]">&gt;&gt;</a>&nbsp;&nbsp;&nbsp;__set_PRIMASK
<LI><a href="#[10d]">&gt;&gt;</a>&nbsp;&nbsp;&nbsp;__get_PRIMASK
<LI><a href="#[199]">&gt;&gt;</a>&nbsp;&nbsp;&nbsp;NmTtypTimeOutProc
</UL>
<BR>[Called By]<UL><LI><a href="#[d5]">&gt;&gt;</a>&nbsp;&nbsp;&nbsp;CanNm_MainFunction
</UL>

<P><STRONG><a name="[115]"></a>NmTimerTWBSCntFun</STRONG> (Thumb, 82 bytes, Stack size 16 bytes, oseknm.o(i.NmTimerTWBSCntFun))
<BR><BR>[Stack]<UL><LI>Max Depth = 88<LI>Call Chain = NmTimerTWBSCntFun &rArr; NmTwbsTimeOutProc &rArr; ApplNmCanSleep &rArr; CanIf_SetControllerMode &rArr; Can_SetControllerMode
</UL>
<BR>[Calls]<UL><LI><a href="#[10f]">&gt;&gt;</a>&nbsp;&nbsp;&nbsp;__set_PRIMASK
<LI><a href="#[10d]">&gt;&gt;</a>&nbsp;&nbsp;&nbsp;__get_PRIMASK
<LI><a href="#[19a]">&gt;&gt;</a>&nbsp;&nbsp;&nbsp;NmTwbsTimeOutProc
</UL>
<BR>[Called By]<UL><LI><a href="#[d5]">&gt;&gt;</a>&nbsp;&nbsp;&nbsp;CanNm_MainFunction
</UL>

<P><STRONG><a name="[197]"></a>NmTmaxTimeOutProc</STRONG> (Thumb, 172 bytes, Stack size 24 bytes, oseknm.o(i.NmTmaxTimeOutProc))
<BR><BR>[Stack]<UL><LI>Max Depth = 152<LI>Call Chain = NmTmaxTimeOutProc &rArr; CanIf_Transmit &rArr; CanIf_TxConfirmation &rArr; Can_Write
</UL>
<BR>[Calls]<UL><LI><a href="#[10a]">&gt;&gt;</a>&nbsp;&nbsp;&nbsp;CanIf_Transmit
<LI><a href="#[10f]">&gt;&gt;</a>&nbsp;&nbsp;&nbsp;__set_PRIMASK
<LI><a href="#[10d]">&gt;&gt;</a>&nbsp;&nbsp;&nbsp;__get_PRIMASK
<LI><a href="#[194]">&gt;&gt;</a>&nbsp;&nbsp;&nbsp;NmReadyToBusSleep
<LI><a href="#[11a]">&gt;&gt;</a>&nbsp;&nbsp;&nbsp;NmInitReset
<LI><a href="#[118]">&gt;&gt;</a>&nbsp;&nbsp;&nbsp;CanNm_SetNxtState
<LI><a href="#[119]">&gt;&gt;</a>&nbsp;&nbsp;&nbsp;CanNm_GetCurState
</UL>
<BR>[Called By]<UL><LI><a href="#[113]">&gt;&gt;</a>&nbsp;&nbsp;&nbsp;NmTimerTMaxCntFun
</UL>

<P><STRONG><a name="[198]"></a>NmTtxTimeOutProc</STRONG> (Thumb, 68 bytes, Stack size 16 bytes, oseknm.o(i.NmTtxTimeOutProc))
<BR><BR>[Stack]<UL><LI>Max Depth = 144<LI>Call Chain = NmTtxTimeOutProc &rArr; CanIf_Transmit &rArr; CanIf_TxConfirmation &rArr; Can_Write
</UL>
<BR>[Calls]<UL><LI><a href="#[10a]">&gt;&gt;</a>&nbsp;&nbsp;&nbsp;CanIf_Transmit
<LI><a href="#[192]">&gt;&gt;</a>&nbsp;&nbsp;&nbsp;NmTxPDUCreat
<LI><a href="#[119]">&gt;&gt;</a>&nbsp;&nbsp;&nbsp;CanNm_GetCurState
</UL>
<BR>[Called By]<UL><LI><a href="#[116]">&gt;&gt;</a>&nbsp;&nbsp;&nbsp;NmTimerTTxCntFun
</UL>

<P><STRONG><a name="[199]"></a>NmTtypTimeOutProc</STRONG> (Thumb, 824 bytes, Stack size 24 bytes, oseknm.o(i.NmTtypTimeOutProc))
<BR><BR>[Stack]<UL><LI>Max Depth = 152<LI>Call Chain = NmTtypTimeOutProc &rArr; CanIf_Transmit &rArr; CanIf_TxConfirmation &rArr; Can_Write
</UL>
<BR>[Calls]<UL><LI><a href="#[193]">&gt;&gt;</a>&nbsp;&nbsp;&nbsp;ApplNmCanLimpHomeStart
<LI><a href="#[10a]">&gt;&gt;</a>&nbsp;&nbsp;&nbsp;CanIf_Transmit
<LI><a href="#[10f]">&gt;&gt;</a>&nbsp;&nbsp;&nbsp;__set_PRIMASK
<LI><a href="#[10d]">&gt;&gt;</a>&nbsp;&nbsp;&nbsp;__get_PRIMASK
<LI><a href="#[192]">&gt;&gt;</a>&nbsp;&nbsp;&nbsp;NmTxPDUCreat
<LI><a href="#[18d]">&gt;&gt;</a>&nbsp;&nbsp;&nbsp;NmSetAlarm
<LI><a href="#[11b]">&gt;&gt;</a>&nbsp;&nbsp;&nbsp;NmCancelAlarm
<LI><a href="#[118]">&gt;&gt;</a>&nbsp;&nbsp;&nbsp;CanNm_SetNxtState
<LI><a href="#[119]">&gt;&gt;</a>&nbsp;&nbsp;&nbsp;CanNm_GetCurState
</UL>
<BR>[Called By]<UL><LI><a href="#[112]">&gt;&gt;</a>&nbsp;&nbsp;&nbsp;NmTimerTTypCntFun
</UL>

<P><STRONG><a name="[19a]"></a>NmTwbsTimeOutProc</STRONG> (Thumb, 70 bytes, Stack size 24 bytes, oseknm.o(i.NmTwbsTimeOutProc))
<BR><BR>[Stack]<UL><LI>Max Depth = 72<LI>Call Chain = NmTwbsTimeOutProc &rArr; ApplNmCanSleep &rArr; CanIf_SetControllerMode &rArr; Can_SetControllerMode
</UL>
<BR>[Calls]<UL><LI><a href="#[f9]">&gt;&gt;</a>&nbsp;&nbsp;&nbsp;ApplNmCanSleep
<LI><a href="#[10f]">&gt;&gt;</a>&nbsp;&nbsp;&nbsp;__set_PRIMASK
<LI><a href="#[10d]">&gt;&gt;</a>&nbsp;&nbsp;&nbsp;__get_PRIMASK
<LI><a href="#[118]">&gt;&gt;</a>&nbsp;&nbsp;&nbsp;CanNm_SetNxtState
<LI><a href="#[119]">&gt;&gt;</a>&nbsp;&nbsp;&nbsp;CanNm_GetCurState
</UL>
<BR>[Called By]<UL><LI><a href="#[115]">&gt;&gt;</a>&nbsp;&nbsp;&nbsp;NmTimerTWBSCntFun
</UL>

<P><STRONG><a name="[11f]"></a>NmTxConfirmation</STRONG> (Thumb, 396 bytes, Stack size 16 bytes, oseknm.o(i.NmTxConfirmation))
<BR><BR>[Stack]<UL><LI>Max Depth = 56<LI>Call Chain = NmTxConfirmation &rArr; NmReadyToBusSleep &rArr; NmSetAlarm &rArr; __aeabi_idivmod
</UL>
<BR>[Calls]<UL><LI><a href="#[18d]">&gt;&gt;</a>&nbsp;&nbsp;&nbsp;NmSetAlarm
<LI><a href="#[194]">&gt;&gt;</a>&nbsp;&nbsp;&nbsp;NmReadyToBusSleep
<LI><a href="#[11b]">&gt;&gt;</a>&nbsp;&nbsp;&nbsp;NmCancelAlarm
<LI><a href="#[118]">&gt;&gt;</a>&nbsp;&nbsp;&nbsp;CanNm_SetNxtState
<LI><a href="#[119]">&gt;&gt;</a>&nbsp;&nbsp;&nbsp;CanNm_GetCurState
</UL>
<BR>[Called By]<UL><LI><a href="#[45]">&gt;&gt;</a>&nbsp;&nbsp;&nbsp;CanNm_TxConfirmation
</UL>

<P><STRONG><a name="[19b]"></a>NmTxPDUCopy</STRONG> (Thumb, 72 bytes, Stack size 16 bytes, oseknm.o(i.NmTxPDUCopy))
<BR><BR>[Stack]<UL><LI>Max Depth = 16<LI>Call Chain = NmTxPDUCopy
</UL>
<BR>[Calls]<UL><LI><a href="#[10f]">&gt;&gt;</a>&nbsp;&nbsp;&nbsp;__set_PRIMASK
<LI><a href="#[10d]">&gt;&gt;</a>&nbsp;&nbsp;&nbsp;__get_PRIMASK
</UL>
<BR>[Called By]<UL><LI><a href="#[192]">&gt;&gt;</a>&nbsp;&nbsp;&nbsp;NmTxPDUCreat
</UL>

<P><STRONG><a name="[192]"></a>NmTxPDUCreat</STRONG> (Thumb, 12 bytes, Stack size 8 bytes, oseknm.o(i.NmTxPDUCreat))
<BR><BR>[Stack]<UL><LI>Max Depth = 24<LI>Call Chain = NmTxPDUCreat &rArr; NmTxPDUCopy
</UL>
<BR>[Calls]<UL><LI><a href="#[19b]">&gt;&gt;</a>&nbsp;&nbsp;&nbsp;NmTxPDUCopy
</UL>
<BR>[Called By]<UL><LI><a href="#[199]">&gt;&gt;</a>&nbsp;&nbsp;&nbsp;NmTtypTimeOutProc
<LI><a href="#[198]">&gt;&gt;</a>&nbsp;&nbsp;&nbsp;NmTtxTimeOutProc
<LI><a href="#[196]">&gt;&gt;</a>&nbsp;&nbsp;&nbsp;NmTerrTimeOutProc
<LI><a href="#[11a]">&gt;&gt;</a>&nbsp;&nbsp;&nbsp;NmInitReset
</UL>

<P><STRONG><a name="[10d]"></a>__get_PRIMASK</STRONG> (Thumb, 6 bytes, Stack size 0 bytes, oseknm.o(i.__get_PRIMASK))
<BR><BR>[Called By]<UL><LI><a href="#[d0]">&gt;&gt;</a>&nbsp;&nbsp;&nbsp;CanNm_Init
<LI><a href="#[eb]">&gt;&gt;</a>&nbsp;&nbsp;&nbsp;CanNm_Stop
<LI><a href="#[e8]">&gt;&gt;</a>&nbsp;&nbsp;&nbsp;CanNm_Start
<LI><a href="#[10e]">&gt;&gt;</a>&nbsp;&nbsp;&nbsp;CanNm_Talk
<LI><a href="#[19b]">&gt;&gt;</a>&nbsp;&nbsp;&nbsp;NmTxPDUCopy
<LI><a href="#[19a]">&gt;&gt;</a>&nbsp;&nbsp;&nbsp;NmTwbsTimeOutProc
<LI><a href="#[199]">&gt;&gt;</a>&nbsp;&nbsp;&nbsp;NmTtypTimeOutProc
<LI><a href="#[197]">&gt;&gt;</a>&nbsp;&nbsp;&nbsp;NmTmaxTimeOutProc
<LI><a href="#[115]">&gt;&gt;</a>&nbsp;&nbsp;&nbsp;NmTimerTWBSCntFun
<LI><a href="#[112]">&gt;&gt;</a>&nbsp;&nbsp;&nbsp;NmTimerTTypCntFun
<LI><a href="#[113]">&gt;&gt;</a>&nbsp;&nbsp;&nbsp;NmTimerTMaxCntFun
<LI><a href="#[114]">&gt;&gt;</a>&nbsp;&nbsp;&nbsp;NmTimerTErrCntFun
<LI><a href="#[117]">&gt;&gt;</a>&nbsp;&nbsp;&nbsp;NmTimerTBusOffCntFun
<LI><a href="#[196]">&gt;&gt;</a>&nbsp;&nbsp;&nbsp;NmTerrTimeOutProc
<LI><a href="#[110]">&gt;&gt;</a>&nbsp;&nbsp;&nbsp;NmModeCheckFun
<LI><a href="#[18f]">&gt;&gt;</a>&nbsp;&nbsp;&nbsp;NmGotoModeAwake
<LI><a href="#[111]">&gt;&gt;</a>&nbsp;&nbsp;&nbsp;NmCanBusOffCheckFun
<LI><a href="#[118]">&gt;&gt;</a>&nbsp;&nbsp;&nbsp;CanNm_SetNxtState
</UL>

<P><STRONG><a name="[10f]"></a>__set_PRIMASK</STRONG> (Thumb, 6 bytes, Stack size 0 bytes, oseknm.o(i.__set_PRIMASK))
<BR><BR>[Called By]<UL><LI><a href="#[d0]">&gt;&gt;</a>&nbsp;&nbsp;&nbsp;CanNm_Init
<LI><a href="#[eb]">&gt;&gt;</a>&nbsp;&nbsp;&nbsp;CanNm_Stop
<LI><a href="#[e8]">&gt;&gt;</a>&nbsp;&nbsp;&nbsp;CanNm_Start
<LI><a href="#[10e]">&gt;&gt;</a>&nbsp;&nbsp;&nbsp;CanNm_Talk
<LI><a href="#[19b]">&gt;&gt;</a>&nbsp;&nbsp;&nbsp;NmTxPDUCopy
<LI><a href="#[19a]">&gt;&gt;</a>&nbsp;&nbsp;&nbsp;NmTwbsTimeOutProc
<LI><a href="#[199]">&gt;&gt;</a>&nbsp;&nbsp;&nbsp;NmTtypTimeOutProc
<LI><a href="#[197]">&gt;&gt;</a>&nbsp;&nbsp;&nbsp;NmTmaxTimeOutProc
<LI><a href="#[115]">&gt;&gt;</a>&nbsp;&nbsp;&nbsp;NmTimerTWBSCntFun
<LI><a href="#[112]">&gt;&gt;</a>&nbsp;&nbsp;&nbsp;NmTimerTTypCntFun
<LI><a href="#[113]">&gt;&gt;</a>&nbsp;&nbsp;&nbsp;NmTimerTMaxCntFun
<LI><a href="#[114]">&gt;&gt;</a>&nbsp;&nbsp;&nbsp;NmTimerTErrCntFun
<LI><a href="#[117]">&gt;&gt;</a>&nbsp;&nbsp;&nbsp;NmTimerTBusOffCntFun
<LI><a href="#[196]">&gt;&gt;</a>&nbsp;&nbsp;&nbsp;NmTerrTimeOutProc
<LI><a href="#[110]">&gt;&gt;</a>&nbsp;&nbsp;&nbsp;NmModeCheckFun
<LI><a href="#[18f]">&gt;&gt;</a>&nbsp;&nbsp;&nbsp;NmGotoModeAwake
<LI><a href="#[111]">&gt;&gt;</a>&nbsp;&nbsp;&nbsp;NmCanBusOffCheckFun
<LI><a href="#[118]">&gt;&gt;</a>&nbsp;&nbsp;&nbsp;CanNm_SetNxtState
</UL>
<P>
<H3>
Undefined Global Symbols
</H3>
<P><STRONG><a name="[bc]"></a>_call_atexit_fns</STRONG> (ARM, 0 bytes, Stack size 0 bytes, UNDEFINED)
<BR><BR>[Called By]<UL><LI><a href="#[b1]">&gt;&gt;</a>&nbsp;&nbsp;&nbsp;exit
</UL>
<HR></body></html>
