Component: ARM Compiler 5.06 update 7 (build 960) Tool: armlink [4d3601]

==============================================================================

Section Cross References

    app_button.o(i.AppButtonInit) refers to drv_button.o(.constdata) for g_drv_button_interface
    app_button.o(i.AppButtonInit) refers to app_button.o(i.Btn1PressDownHandler) for Btn1PressDownHandler
    app_button.o(i.AppButtonInit) refers to app_button.o(.data) for g_start_key_
    app_button.o(i.AppButtonInit) refers to app_button.o(i.Btn2PressDownHandler) for Btn2PressDownHandler
    app_button.o(i.AppButtonInit) refers to app_button.o(i.Btn3PressDownHandler) for Btn3PressDownHandler
    app_button.o(i.AppButtonInit) refers to app_button.o(i.Btn4PressDownHandler) for Btn4PressDownHandler
    app_button.o(i.AppButtonInit) refers to app_button.o(i.Btn5PressDownHandler) for Btn5PressDownHandler
    app_button.o(i.AppButtonInit) refers to app_button.o(i.Btn6PressDownHandler) for Btn6PressDownHandler
    app_button.o(i.AppButtonInit) refers to app_button.o(i.Btn1PressUpHandler) for Btn1PressUpHandler
    app_button.o(i.AppButtonInit) refers to app_button.o(i.Btn2PressUpHandler) for Btn2PressUpHandler
    app_button.o(i.AppButtonInit) refers to app_button.o(i.Btn3PressUpHandler) for Btn3PressUpHandler
    app_button.o(i.AppButtonInit) refers to app_button.o(i.Btn4PressUpHandler) for Btn4PressUpHandler
    app_button.o(i.AppButtonInit) refers to app_button.o(i.Btn5PressUpHandler) for Btn5PressUpHandler
    app_button.o(i.AppButtonInit) refers to app_button.o(i.Btn6PressUpHandler) for Btn6PressUpHandler
    app_button.o(i.AppButtonInit) refers to app_button.o(i.Btn1ClampErrHandler) for Btn1ClampErrHandler
    app_button.o(i.AppButtonInit) refers to app_button.o(i.Btn2ClampErrHandler) for Btn2ClampErrHandler
    app_button.o(i.AppButtonInit) refers to app_button.o(i.Btn3ClampErrHandler) for Btn3ClampErrHandler
    app_button.o(i.AppButtonInit) refers to app_button.o(i.Btn4ClampErrHandler) for Btn4ClampErrHandler
    app_button.o(i.AppButtonInit) refers to app_button.o(i.Btn5ClampErrHandler) for Btn5ClampErrHandler
    app_button.o(i.AppButtonInit) refers to app_button.o(i.Btn6ClampErrHandler) for Btn6ClampErrHandler
    app_button.o(i.AppButtonInit) refers to hal_gpio.o(i.HalGpioSetMode) for HalGpioSetMode
    app_button.o(i.AppButtonTask) refers to drv_button.o(.constdata) for g_drv_button_interface
    app_button.o(i.AppButtonTask) refers to app_button.o(.data) for g_start_key_
    app_button.o(i.Btn1ClampErrHandler) refers to app_button.o(.data) for g_app_button
    app_button.o(i.Btn1PressDownHandler) refers to app_button.o(.data) for g_app_button
    app_button.o(i.Btn1PressUpHandler) refers to app_button.o(.data) for g_app_button
    app_button.o(i.Btn2ClampErrHandler) refers to app_button.o(.data) for g_app_button
    app_button.o(i.Btn2PressDownHandler) refers to app_button.o(.data) for g_app_button
    app_button.o(i.Btn2PressUpHandler) refers to app_button.o(.data) for g_app_button
    app_button.o(i.Btn3ClampErrHandler) refers to app_button.o(.data) for g_app_button
    app_button.o(i.Btn3PressDownHandler) refers to app_button.o(.data) for g_app_button
    app_button.o(i.Btn3PressUpHandler) refers to app_button.o(.data) for g_app_button
    app_button.o(i.Btn4ClampErrHandler) refers to app_button.o(.data) for g_app_button
    app_button.o(i.Btn4PressDownHandler) refers to app_button.o(.data) for g_app_button
    app_button.o(i.Btn4PressUpHandler) refers to app_button.o(.data) for g_app_button
    app_button.o(i.Btn5ClampErrHandler) refers to app_button.o(.data) for g_app_button
    app_button.o(i.Btn5PressDownHandler) refers to app_button.o(.data) for g_app_button
    app_button.o(i.Btn5PressUpHandler) refers to app_button.o(.data) for g_app_button
    app_button.o(i.Btn6ClampErrHandler) refers to app_button.o(.data) for g_app_button
    app_button.o(i.Btn6PressDownHandler) refers to app_button.o(.data) for g_app_button
    app_button.o(i.Btn6PressUpHandler) refers to app_button.o(.data) for g_app_button
    app_button.o(i.ReadKeyState) refers to app_button.o(c.ReadKeyState.0000000c) for c.ReadKeyState.0000000c
    app_button.o(i.ReadKeyState) refers to hal_gpio.o(i.HalGpioReadPin) for HalGpioReadPin
    app_button.o(.data) refers to app_button.o(i.ReadKeyState) for ReadKeyState
    app_crc8.o(i.AppCrc8Calc) refers to drv_crc8.o(.constdata) for g_drv_crc8_interface
    app_crc8.o(i.AppCrc8Calc) refers to app_crc8.o(.data) for g_drv_crc8
    app_led.o(i.AppLedInit) refers to drv_led.o(.constdata) for g_drv_led_interface
    app_led.o(i.AppLedInit) refers to app_led.o(.data) for s_drv_led
    app_led.o(i.AppLedInit) refers to hal_gpio.o(i.HalGpioSetMode) for HalGpioSetMode
    app_led.o(i.AppLedTask) refers to app_can.o(.data) for g_app_can_receive_data
    app_led.o(i.AppLedTask) refers to drv_led.o(.constdata) for g_drv_led_interface
    app_led.o(i.AppLedTask) refers to app_led.o(.data) for s_drv_led
[...]
    Com_GetTxIpduStatus                      0x000082bd   Thumb Code    56  com.o(i.Com_GetTxIpduStatus)
    Com_Init                                 0x000082f5   Thumb Code    30  com.o(i.Com_Init)
    Com_MainFunctionRx                       0x000086d3   Thumb Code   618  com.o(i.Com_MainFunctionRx)
    Com_MainFunctionTx                       0x0000893d   Thumb Code   442  com.o(i.Com_MainFunctionTx)
    Com_ReceiveSignal                        0x00008dd5   Thumb Code    92  com.o(i.Com_ReceiveSignal)
    Com_RxIndication                         0x00008e31   Thumb Code   118  com.o(i.Com_RxIndication)
    Com_RxIpduCallout                        0x00008edd   Thumb Code     2  app_com.o(i.Com_RxIpduCallout)
    Com_RxStart                              0x00008edf   Thumb Code    34  com.o(i.Com_RxStart)
    Com_RxStop                               0x00008f01   Thumb Code    34  com.o(i.Com_RxStop)
    Com_SendSignalExt                        0x00008f23   Thumb Code    78  com.o(i.Com_SendSignalExt)
    Com_SetSendRequest                       0x00008f71   Thumb Code   956  com.o(i.Com_SetSendRequest)
    Com_StopRxIpdu                           0x00009363   Thumb Code    58  com.o(i.Com_StopRxIpdu)
    Com_StopTxIpdu                           0x0000939d   Thumb Code    58  com.o(i.Com_StopTxIpdu)
    Com_TriggerIPDUSend                      0x000094d1   Thumb Code    42  com.o(i.Com_TriggerIPDUSend)
    Com_TxConfirmation                       0x000094fb   Thumb Code   140  com.o(i.Com_TxConfirmation)
    Com_TxIpduCallout                        0x000095bd   Thumb Code     2  app_com.o(i.Com_TxIpduCallout)
    Com_TxStart                              0x000095f7   Thumb Code    90  com.o(i.Com_TxStart)
    Com_TxStop                               0x00009651   Thumb Code    52  com.o(i.Com_TxStop)
    Dcm_CopyRxData                           0x00009685   Thumb Code   208  dcm_cbk.o(i.Dcm_CopyRxData)
    Dcm_CopyTxData                           0x00009755   Thumb Code   286  dcm_cbk.o(i.Dcm_CopyTxData)
    Dcm_Init                                 0x00009917   Thumb Code   752  dcm.o(i.Dcm_Init)
    Dcm_MainFunction                         0x00009c07   Thumb Code    24  dcm.o(i.Dcm_MainFunction)
    Dcm_RxIndication                         0x00009c43   Thumb Code   376  dcm_cbk.o(i.Dcm_RxIndication)
    Dcm_StartOfReception                     0x00009dbb   Thumb Code   346  dcm_cbk.o(i.Dcm_StartOfReception)
    Dcm_TxConfirmation                       0x00009f15   Thumb Code   356  dcm_cbk.o(i.Dcm_TxConfirmation)
    DeleteVoltage                            0x0000a079   Thumb Code    38  drv_system_voltage.o(i.DeleteVoltage)
    Dem_ReportErrorStatus                    0x0000a09f   Thumb Code     2  dem.o(i.Dem_ReportErrorStatus)
    DrvButtonAttach                          0x0000a0c3   Thumb Code    12  drv_button.o(i.DrvButtonAttach)
    DrvButtonGetEvent                        0x0000a0cf   Thumb Code     8  drv_button.o(i.DrvButtonGetEvent)
    DrvCrc8                                  0x0000a0d7   Thumb Code    80  drv_crc8.o(i.DrvCrc8)
    DrvCrc8LookTable                         0x0000a127   Thumb Code    84  drv_crc8.o(i.DrvCrc8LookTable)
    DsdInternal_ProcessingDone               0x0000a631   Thumb Code   818  dcm.o(i.DsdInternal_ProcessingDone)
    DsdInternal_ProcessingDoneNoResponse     0x0000a963   Thumb Code    28  dcm.o(i.DsdInternal_ProcessingDoneNoResponse)
    DsdInternal_RoutineStarted               0x0000aaed   Thumb Code    88  dcm.o(i.DsdInternal_RoutineStarted)
    DsdInternal_SecurityAccessKeyCompared    0x0000ab45   Thumb Code   220  dcm.o(i.DsdInternal_SecurityAccessKeyCompared)
    DsdInternal_SetNegResponse               0x0000acfd   Thumb Code   100  dcm.o(i.DsdInternal_SetNegResponse)
    Dsd_GetSessionMapId                      0x0000b41b   Thumb Code    82  dcm.o(i.Dsd_GetSessionMapId)
    Dsd_InteralInit                          0x0000b46d   Thumb Code   192  dcm.o(i.Dsd_InteralInit)
    DslInternal_RCRResponsePending           0x0000b52d   Thumb Code   178  dcm.o(i.DslInternal_RCRResponsePending)
    DspInternal_Uds_ClearDiagnosticInformation 0x0000b969   Thumb Code    94  dcm.o(i.DspInternal_Uds_ClearDiagnosticInformation)
    DspInternal_Uds_CommunicationControl     0x0000b9c7   Thumb Code   120  dcm.o(i.DspInternal_Uds_CommunicationControl)
    DspInternal_Uds_ControlDTCSetting        0x0000ba3f   Thumb Code     8  dcm.o(i.DspInternal_Uds_ControlDTCSetting)
    DspInternal_Uds_DiagnosticSessionControl 0x0000ba47   Thumb Code     8  dcm.o(i.DspInternal_Uds_DiagnosticSessionControl)
    DspInternal_Uds_EcuReset                 0x0000ba4f   Thumb Code     8  dcm.o(i.DspInternal_Uds_EcuReset)
    DspInternal_Uds_InputOutputControlByIdentifier 0x0000ba57   Thumb Code    38  dcm.o(i.DspInternal_Uds_InputOutputControlByIdentifier)
    DspInternal_Uds_ReadDTCInformation       0x0000ba7d   Thumb Code   246  dcm.o(i.DspInternal_Uds_ReadDTCInformation)
    DspInternal_Uds_ReadDataByIdentifier     0x0000bb73   Thumb Code   120  dcm.o(i.DspInternal_Uds_ReadDataByIdentifier)
    DspInternal_Uds_RoutineControl           0x0000bbeb   Thumb Code  2752  dcm.o(i.DspInternal_Uds_RoutineControl)
    DspInternal_Uds_SecurityAccess           0x0000c6ab   Thumb Code  1054  dcm.o(i.DspInternal_Uds_SecurityAccess)
    DspInternal_Uds_TesterPresent            0x0000cac9   Thumb Code    70  dcm.o(i.DspInternal_Uds_TesterPresent)
    DspInternal_Uds_WriteDataByIdentifier    0x0000cb0f   Thumb Code   736  dcm.o(i.DspInternal_Uds_WriteDataByIdentifier)
    Eeprom_RamRead                           0x0000cdef   Thumb Code    82  eeprom_cfg.o(i.Eeprom_RamRead)
    Eeprom_RamWrite                          0x0000ce41   Thumb Code    84  eeprom_cfg.o(i.Eeprom_RamWrite)
    FL_ADC_CommonInit                        0x0000cea1   Thumb Code   274  fm33lg0xx_fl_adc.o(i.FL_ADC_CommonInit)
    FL_ADC_Init                              0x0000cfc9   Thumb Code   608  fm33lg0xx_fl_adc.o(i.FL_ADC_Init)
    FL_DelayInit                             0x0000d251   Thumb Code    44  fm33lg0xx_fl.o(i.FL_DelayInit)
    FL_DelayMs                               0x0000d27d   Thumb Code    24  fm33lg0xx_fl.o(i.FL_DelayMs)
    FL_DelayUs                               0x0000d295   Thumb Code    88  fm33lg0xx_fl.o(i.FL_DelayUs)
    FL_GPIO_Init                             0x0000d31f   Thumb Code   264  fm33lg0xx_fl_gpio.o(i.FL_GPIO_Init)
    FL_GPIO_StructInit                       0x0000d441   Thumb Code    26  fm33lg0xx_fl_gpio.o(i.FL_GPIO_StructInit)
    FL_GPTIM_Init                            0x0000d4c5   Thumb Code   238  fm33lg0xx_fl_gptim.o(i.FL_GPTIM_Init)
    FL_GPTIM_OC_Init                         0x0000d5d3   Thumb Code   268  fm33lg0xx_fl_gptim.o(i.FL_GPTIM_OC_Init)
    FL_Init                                  0x0000d6eb   Thumb Code     8  fm33lg0xx_fl.o(i.FL_Init)
    FL_NVIC_Init                             0x0000d6f3   Thumb Code    80  fm33lg0xx_fl.o(i.FL_NVIC_Init)
    GPTIM0_1_IRQHandler                      0x0000d777   Thumb Code   198  hal_time.o(i.GPTIM0_1_IRQHandler)
    GPTIM2_IRQHandler                        0x0000d83d   Thumb Code   102  hal_time.o(i.GPTIM2_IRQHandler)
    HalAdcCommonInit                         0x0000db07   Thumb Code   204  hal_adc.o(i.HalAdcCommonInit)
    HalAdcDefaultSet                         0x0000dbd3   Thumb Code   100  hal_adc.o(i.HalAdcDefaultSet)
    HalAdcReadValue                          0x0000dc37   Thumb Code    22  hal_adc.o(i.HalAdcReadValue)
    HalGpioReadPin                           0x0000dc4d   Thumb Code    32  hal_gpio.o(i.HalGpioReadPin)
    HalGpioSetMode                           0x0000dc6d   Thumb Code   142  hal_gpio.o(i.HalGpioSetMode)
    HalGpioSetPin                            0x0000dcfb   Thumb Code    80  hal_gpio.o(i.HalGpioSetPin)
    HalPwmInit                               0x0000dd4b   Thumb Code   908  hal_pwm.o(i.HalPwmInit)
    HalPwmSetCcr                             0x0000e0d7   Thumb Code   490  hal_pwm.o(i.HalPwmSetCcr)
    HalTickCount                             0x0000e2c1   Thumb Code    36  hal_tick.o(i.HalTickCount)
    HalTickGetTick                           0x0000e2e5   Thumb Code    18  hal_tick.o(i.HalTickGetTick)
    HalTimeInit                              0x0000e2f7   Thumb Code   152  hal_time.o(i.HalTimeInit)
    PduR_CanTpCopyRxData                     0x0000fef1   Thumb Code    92  pdur.o(i.PduR_CanTpCopyRxData)
    PduR_CanTpCopyTxData                     0x0000ff4d   Thumb Code    36  pdur.o(i.PduR_CanTpCopyTxData)
    PduR_CanTpRxIndication                   0x0000ff71   Thumb Code    78  pdur.o(i.PduR_CanTpRxIndication)
    PduR_CanTpStartOfReception               0x0000ffbf   Thumb Code    92  pdur.o(i.PduR_CanTpStartOfReception)
    PduR_CanTpTxConfirmation                 0x0001001b   Thumb Code    20  pdur.o(i.PduR_CanTpTxConfirmation)
    PduR_DcmTransmit                         0x0001002f   Thumb Code    26  pdur.o(i.PduR_DcmTransmit)
    ReadAdc                                  0x000100f3   Thumb Code    40  app_system_voltage.o(i.ReadAdc)
    ReadKeyState                             0x0001011b   Thumb Code   112  app_button.o(i.ReadKeyState)
    ReadMode                                 0x0001018b   Thumb Code    28  drv_system_voltage.o(i.ReadMode)
    Run                                      0x0001029b   Thumb Code   260  drv_led.o(i.Run)
    SetCloseTickTime                         0x0001039f   Thumb Code    12  drv_led.o(i.SetCloseTickTime)
    SetOpenTickTime                          0x000103ab   Thumb Code    12  drv_led.o(i.SetOpenTickTime)
    SetState                                 0x000103b7   Thumb Code    12  drv_led.o(i.SetState)
    SystemCoreClockUpdate                    0x000103c3   Thumb Code   614  system_fm33lg0xx.o(i.SystemCoreClockUpdate)
    SystemInit                               0x00010629   Thumb Code   476  system_fm33lg0xx.o(i.SystemInit)
    TickTime10MsTask                         0x000109cf   Thumb Code    16  main.o(i.TickTime10MsTask)
    TickTime1MsTask                          0x000109df   Thumb Code     2  main.o(i.TickTime1MsTask)
    TickTime5MsTask                          0x000109e1   Thumb Code    12  main.o(i.TickTime5MsTask)
    Time0Callback                            0x000109ed   Thumb Code    10  main.o(i.Time0Callback)
    WriteCs                                  0x00010a41   Thumb Code    40  app_system_voltage.o(i.WriteCs)
    _dem_get_state                           0x00010cb3   Thumb Code    20  demm.o(i._dem_get_state)
    dem_clear_dtc                            0x00010d41   Thumb Code   170  demm.o(i.dem_clear_dtc)
    dem_clear_test_result                    0x00010deb   Thumb Code    96  demm.o(i.dem_clear_test_result)
    dem_disable_dtc_setting                  0x00010e4b   Thumb Code    66  demm.o(i.dem_disable_dtc_setting)
    dem_enable_dtc_setting                   0x00010f11   Thumb Code   100  demm.o(i.dem_enable_dtc_setting)
    dem_get_stored_index                     0x00010fb5   Thumb Code    84  demm.o(i.dem_get_stored_index)
    main                                     0x000113a9   Thumb Code   314  main.o(i.main)
    memory_copys                             0x000114e3   Thumb Code    28  memory.o(i.memory_copys)
    g_drv_button_interface                   0x00011528   Data          12  drv_button.o(.constdata)
    g_drv_crc8_interface                     0x00011634   Data           8  drv_crc8.o(.constdata)
    g_drv_system_voltage_interface           0x0001163c   Data          24  drv_system_voltage.o(.constdata)
    g_drv_led_interface                      0x00011654   Data          16  drv_led.o(.constdata)
    g_drv_adc_interface                      0x00011664   Data           8  drv_adc.o(.constdata)
    u8PartNumber                             0x0001166c   Data           9  app_dcm.o(.constdata)
    u8SupplierCode                           0x00011675   Data          10  app_dcm.o(.constdata)
    u8ECU_HardwareVersionNumber              0x0001167f   Data           9  app_dcm.o(.constdata)
    u8ECU_SoftwareVersionNumber              0x00011688   Data           9  app_dcm.o(.constdata)
    u8PartsAssemblyNumber                    0x00011691   Data           9  app_dcm.o(.constdata)
    CanControllerIDtoPhys                    0x0001169a   Data           1  can_pbcfg.o(.constdata)
    CanHardwareObjectConfig                  0x0001169b   Data          12  can_pbcfg.o(.constdata)
    CanControllerIDtoHRH                     0x000116a7   Data           1  can_pbcfg.o(.constdata)
    CanIfInitNumberOfCanRxPduIds             0x000116a8   Data           2  canif_lcfg.o(.constdata)
    CanIfInitNumberOfCanTxPduIds             0x000116aa   Data           2  canif_lcfg.o(.constdata)
    CanIfInitNumberofHrh                     0x000116ac   Data           1  canif_lcfg.o(.constdata)
    CanIfRxPduConfig                         0x000116b0   Data         340  canif_lcfg.o(.constdata)
    CanIfHrhFirstRxPduID                     0x00011804   Data           1  canif_lcfg.o(.constdata)
    CanIfTxPduConfig                         0x00011808   Data          48  canif_lcfg.o(.constdata)
    CanTp_Cfg                                0x00011838   Data          12  cantp_pbcfg.o(.constdata)
    CanTp_RxNsduCfg                          0x00011844   Data          48  cantp_pbcfg.o(.constdata)
    CanTp_TxNsduCfg                          0x00011874   Data          20  cantp_pbcfg.o(.constdata)
    CanTpChannelMode                         0x00011888   Data           1  cantp_pbcfg.o(.constdata)
    COM_SendSignalFunPrt                     0x0001188c   Data          72  com_lcfg.o(.constdata)
    COM_ReceivedSignalFunPrt                 0x000118d4   Data          32  com_lcfg.o(.constdata)
    TxIpduCSM_3CADefualtValue                0x000118f4   Data           8  com_cfg.o(.constdata)
    TxIpduMFS_688DefualtValue                0x000118fc   Data           8  com_cfg.o(.constdata)
    COM_TxDataInitInfo                       0x00011904   Data           8  com_cfg.o(.constdata)
    COM_TxIpduSigNum                         0x0001190c   Data           1  com_cfg.o(.constdata)
    COM_TxSigTable                           0x00011910   Data         144  com_cfg.o(.constdata)
    COM_IpduTxTypeTable                      0x000119a0   Data           1  com_cfg.o(.constdata)
    COM_IdpuTxCycCntTable                    0x000119a2   Data           2  com_cfg.o(.constdata)
    COM_IdpuTxFastCycleTable                 0x000119a4   Data           2  com_cfg.o(.constdata)
    COM_TxIpduOffsetInTxSigTable             0x000119a6   Data           2  com_cfg.o(.constdata)
    COM_IpduTxDelayCntTable                  0x000119a8   Data           2  com_cfg.o(.constdata)
    COM_IpduRepetitionTxCycCntTable          0x000119aa   Data           2  com_cfg.o(.constdata)
    COM_IpduRepetitionTxNumTable             0x000119ac   Data           1  com_cfg.o(.constdata)
    COM_IpduTxTimeOutCntTable                0x000119ae   Data           2  com_cfg.o(.constdata)
    COM_IpduTxOffsetTimerTable               0x000119b0   Data           2  com_cfg.o(.constdata)
    COM_IpduTxTimeOutFunPtr                  0x000119b4   Data           4  com_cfg.o(.constdata)
    COM_IpduTxConfirmFunPtr                  0x000119b8   Data           4  com_cfg.o(.constdata)
    COM_UnderlyHandle                        0x000119bc   Data           2  com_cfg.o(.constdata)
    RxIpduPSM_A0DefualtValue                 0x000119be   Data           8  com_cfg.o(.constdata)
    RxIpduEHB_125DefualtValue                0x000119c6   Data           8  com_cfg.o(.constdata)
    RxIpduPMS_162DefualtValue                0x000119ce   Data           8  com_cfg.o(.constdata)
    RxIpduBCM_1F0DefualtValue                0x000119d6   Data           8  com_cfg.o(.constdata)
    RxIpduPMS_214DefualtValue                0x000119de   Data           8  com_cfg.o(.constdata)
    RxIpduPMS_3C1DefualtValue                0x000119e6   Data           8  com_cfg.o(.constdata)
    RxIpduPEPS_333DefualtValue               0x000119ee   Data           8  com_cfg.o(.constdata)
    RxIpduPSM_A0TimeoutValue                 0x000119f6   Data           8  com_cfg.o(.constdata)
    RxIpduEHB_125TimeoutValue                0x000119fe   Data           8  com_cfg.o(.constdata)
    RxIpduPMS_162TimeoutValue                0x00011a06   Data           8  com_cfg.o(.constdata)
    RxIpduBCM_1F0TimeoutValue                0x00011a0e   Data           8  com_cfg.o(.constdata)
    RxIpduPMS_214TimeoutValue                0x00011a16   Data           8  com_cfg.o(.constdata)
    RxIpduPMS_3C1TimeoutValue                0x00011a1e   Data           8  com_cfg.o(.constdata)
    RxIpduPEPS_333TimeoutValue               0x00011a26   Data           8  com_cfg.o(.constdata)
    COM_RxDataInitInfo                       0x00011a30   Data          48  com_cfg.o(.constdata)
    COM_TpRxIpduBufferSize                   0x00011a60   Data          12  com_cfg.o(.constdata)
    COM_RxIpduSigNum                         0x00011a6c   Data           6  com_cfg.o(.constdata)
    COM_RxSigTable                           0x00011a72   Data          32  com_cfg.o(.constdata)
    COM_RxIpduOffsetInRxSigTable             0x00011a92   Data          12  com_cfg.o(.constdata)
    COM_IpduRxTOTimerTable                   0x00011a9e   Data          36  com_cfg.o(.constdata)
    COM_IpduRxIndicationFunPtr               0x00011ac4   Data          24  com_cfg.o(.constdata)
    COM_IpduRxTimeoutFunPtr                  0x00011adc   Data          24  com_cfg.o(.constdata)
    COM_GroupIpduInfo                        0x00011af4   Data          36  com_cfg.o(.constdata)
    COM_IpduGroupInfo                        0x00011b18   Data           8  com_cfg.o(.constdata)
    SupportedDTC                             0x00011b20   Data          68  dem_cfg.o(.constdata)
    dtc_cfg_tbl                              0x00011b64   Data          51  dem_cfg.o(.constdata)
    c_dtc_snap_shot_data_id                  0x00011b97   Data           4  dem_cfg.o(.constdata)
    c_dtc_snap_shot_data_size                0x00011b9b   Data           2  dem_cfg.o(.constdata)
    gDcmDspNonDefaultSessionS3Server         0x00011ba0   Data           4  dcm_lcfg.o(.constdata)
    gDcmDspSessionRow                        0x00011ba4   Data          48  dcm_lcfg.o(.constdata)
    gDcmDspSecurityRow                       0x00011bd4   Data         140  dcm_lcfg.o(.constdata)
    DcmDspMaxDidToRead                       0x00011c60   Data           2  dcm_lcfg.o(.constdata)
    gDcmDsdSubService_22                     0x00011c64   Data         160  dcm_lcfg.o(.constdata)
    gDcmDsdSubService_2E                     0x00011d04   Data          16  dcm_lcfg.o(.constdata)
    gDcmDsdSubService_2F                     0x00011d14   Data         200  dcm_lcfg.o(.constdata)
    DcmDspRoutineIdentifierTable_31          0x00011ddc   Data          44  dcm_lcfg.o(.constdata)
    gSidMap_1                                0x00011e08   Data          72  dcm_cfg.o(.constdata)
    gCurentDcmDsdServiceTableSize            0x00011f20   Data           4  dcm_cfg.o(.constdata)
    gDcmDsdSubService                        0x00011f24   Data         368  dcm_cfg.o(.constdata)
    nmChannelConfigAry                       0x00012094   Data           1  oseknm_cfg.o(.constdata)
    NmToLogCanChnAry                         0x00012095   Data           1  oseknm_cfg.o(.constdata)
    LogCanToNmChnAry                         0x00012096   Data           1  oseknm_cfg.o(.constdata)
    nmTxPduIdAry                             0x00012098   Data           2  oseknm_cfg.o(.constdata)
    nmChannelNodeID                          0x0001209a   Data           1  oseknm_cfg.o(.constdata)
    nmPduBasicIDAry                          0x0001209c   Data           4  oseknm_cfg.o(.constdata)
    nmPduBasicIDMaskAry                      0x000120a0   Data           4  oseknm_cfg.o(.constdata)
    nmPduSouceIDMaskAry                      0x000120a4   Data           4  oseknm_cfg.o(.constdata)
    nmCountTypAry                            0x000120a8   Data           2  oseknm_cfg.o(.constdata)
    nmCountMaxAry                            0x000120aa   Data           2  oseknm_cfg.o(.constdata)
    nmCountErrAry                            0x000120ac   Data           2  oseknm_cfg.o(.constdata)
    nmCountWbsAry                            0x000120ae   Data           2  oseknm_cfg.o(.constdata)
    nmCountTxAry                             0x000120b0   Data           2  oseknm_cfg.o(.constdata)
    nmCountBusoffFastTimerAry                0x000120b2   Data           2  oseknm_cfg.o(.constdata)
    nmCountBusoffSlowTimerAry                0x000120b4   Data           2  oseknm_cfg.o(.constdata)
    nmBusOffFastRecoveryAry                  0x000120b6   Data           2  oseknm_cfg.o(.constdata)
    nmBusOffSlowRecoveryAry                  0x000120b8   Data           2  oseknm_cfg.o(.constdata)
    nmRxLimitAry                             0x000120ba   Data           1  oseknm_cfg.o(.constdata)
    nmTxLimitAry                             0x000120bb   Data           1  oseknm_cfg.o(.constdata)
    nmNumberOfCfgNodeAry                     0x000120bc   Data           1  oseknm_cfg.o(.constdata)
    nmNormalCfgPtrAry                        0x000120c0   Data           4  oseknm_cfg.o(.constdata)
    nmLimpHomeCfgPtrAry                      0x000120c4   Data           4  oseknm_cfg.o(.constdata)
    Region$$Table$$Base                      0x000120c8   Number         0  anon$$obj.o(Region$$Table)
    Region$$Table$$Limit                     0x000120e8   Number         0  anon$$obj.o(Region$$Table)
    u8EE_Flash_Ram                           0x20000000   Data        4096  eeprom_cfg.o(.EE_Flash_Ram)
    g_app_button                             0x20001000   Data           6  app_button.o(.data)
    g_last_button                            0x20001006   Data           6  app_button.o(.data)
    g_start_key_                             0x2000100c   Data         288  app_button.o(.data)
    g_drv_crc8                               0x2000112c   Data           2  app_crc8.o(.data)
    s_drv_led                                0x20001130   Data         260  app_led.o(.data)
    drv_system_voltage_self                  0x20001238   Data          12  app_system_voltage.o(.data)
    g_light_voltage                          0x20001244   Data          24  app_system_voltage.o(.data)
    nomal_voltage                            0x2000125c   Data          24  app_system_voltage.o(.data)
    light_high_voltage                       0x20001274   Data          24  app_system_voltage.o(.data)
    light_low_voltage                        0x2000128c   Data          24  app_system_voltage.o(.data)
    light_over_voltage                       0x200012a4   Data          24  app_system_voltage.o(.data)
    light_under_voltage                      0x200012bc   Data          24  app_system_voltage.o(.data)
    mode                                     0x200012d4   Data           2  app_system_voltage.o(.data)
    g_drv_adc                                0x200012d8   Data          40  app_adc.o(.data)
    g_app_can_receive_data                   0x20001300   Data           6  app_can.o(.data)
    HalTime0IrqCallBack                      0x2000130c   Data           4  hal_time.o(.data)
    HalTime1IrqCallBack                      0x20001310   Data           4  hal_time.o(.data)
    HalTime2IrqCallBack                      0x20001314   Data           4  hal_time.o(.data)
    XTLFClock                                0x20001318   Data           4  system_fm33lg0xx.o(.data)
    XTHFClock                                0x2000131c   Data           4  system_fm33lg0xx.o(.data)
    SystemCoreClock                          0x20001320   Data           4  system_fm33lg0xx.o(.data)
    tick_time                                0x20001324   Data           2  main.o(.data)
    tick_time_1ms                            0x20001326   Data           2  main.o(.data)
    tick_time_10ms                           0x20001328   Data           2  main.o(.data)
    tick_time_5ms                            0x2000132a   Data           2  main.o(.data)
    gDTCSwitch                               0x20001333   Data           1  app_dcm.o(.data)
    app_dcm_sk_read_allow                    0x20001334   Data           4  app_dcm.o(.data)
    routine_uhf_rssi_test_freq               0x20001338   Data           1  app_dcm.o(.data)
    DTCStatus                                0x2000133a   Data          17  app_dcm.o(.data)
    DATA_0x1540                              0x2000134b   Data           1  app_dcm.o(.data)
    DATA_0x1541                              0x2000134c   Data           1  app_dcm.o(.data)
    u8NM_LimpHome_Flag                       0x2000136a   Data           1  oseknm_app.o(.data)
    CanRegInit                               0x2000136c   Data          48  can_pbcfg.o(.data)
    CanIfTxBufferPDUFillflag                 0x2000139c   Data           3  canif_lcfg.o(.data)
    TxIpduCSM_3CA                            0x200013a0   Data           8  com_cfg.o(.data)
    TxIpduMFS_688                            0x200013a8   Data           8  com_cfg.o(.data)
    COM_TxIpduDefaultValue                   0x200013b0   Data           4  com_cfg.o(.data)
    RxIpduPSM_A0                             0x200013b4   Data           8  com_cfg.o(.data)
    RxIpduEHB_125                            0x200013bc   Data           8  com_cfg.o(.data)
    RxIpduPMS_162                            0x200013c4   Data           8  com_cfg.o(.data)
    RxIpduBCM_1F0                            0x200013cc   Data           8  com_cfg.o(.data)
    RxIpduPMS_214                            0x200013d4   Data           8  com_cfg.o(.data)
    RxIpduPMS_3C1                            0x200013dc   Data           8  com_cfg.o(.data)
    RxIpduPEPS_333                           0x200013e4   Data           8  com_cfg.o(.data)
    COM_RxIpduDefaultValue                   0x200013ec   Data          24  com_cfg.o(.data)
    COM_IpduRxTimeoutValue                   0x20001404   Data          24  com_cfg.o(.data)
    u8BusOffFlag                             0x20001430   Data           1  can.o(.data)
    Com_RxIpduTimeOutFlag                    0x20001464   Data           6  com.o(.data)
    COM_TxDataPtr                            0x2000146c   Data           8  com.o(.data)
    Com_TxIpduTimeOutFlag                    0x20001474   Data           1  com.o(.data)
    Com_TxIdpuConfFlag                       0x20001475   Data           1  com.o(.data)
    gCurrentSidMap                           0x200014a8   Data           4  dcm_cfg.o(.data)
    gCurrentDcmDsdServiceTable               0x200014ac   Data           4  dcm_cfg.o(.data)
    gUDS_Functional_DiagBuffer               0x200014b0   Data           8  dcm.o(.data)
    gDcmDslAvailableBufferSize               0x200014b8   Data           8  dcm.o(.data)
    gNegativeResponseBuffer                  0x200014c0   Data           3  dcm.o(.data)
    gNegativeResponseBufferForRRCP           0x200014c3   Data           3  dcm.o(.data)
    gResponseLength                          0x200014c6   Data           2  dcm.o(.data)
    gCurrentSessionType                      0x200014c8   Data           1  dcm.o(.data)
    gSecLevelType                            0x200014c9   Data           1  dcm.o(.data)
    gSecLevelForCurrentSecurityAccessRequestLevel 0x200014ca   Data           1  dcm.o(.data)
    gSesCtrlType                             0x200014cb   Data           1  dcm.o(.data)
    gActiveProtocol                          0x200014cc   Data           1  dcm.o(.data)
    gNegativeResponseCode                    0x200014cd   Data           1  dcm.o(.data)
    gDiagState                               0x200014ce   Data           1  dcm.o(.data)
    gP2ServerTimer                           0x200014d0   Data           4  dcm.o(.data)
    gS3ServerTimer                           0x200014d4   Data           4  dcm.o(.data)
    gP2ServerTimerStartFlag                  0x200014d8   Data           1  dcm.o(.data)
    gS3ServerTimerStartFlag                  0x200014d9   Data           1  dcm.o(.data)
    gCurrentSecurityAccessRequestLevel       0x200014da   Data           1  dcm.o(.data)
    gSecurityDelayTimeOnBootFlag             0x200014db   Data           1  dcm.o(.data)
    gSecurityAcessAttempNumber               0x200014dc   Data           7  dcm.o(.data)
    gSecurityAcessAttempNumberExceeded       0x200014e3   Data           7  dcm.o(.data)
    gSecurityAcessSequence                   0x200014ea   Data           7  dcm.o(.data)
    gRountineControlSequence                 0x200014f1   Data           1  dcm.o(.data)
    gRountineControlDidHandle                0x200014f2   Data           1  dcm.o(.data)
    gFunctionHandler                         0x200014f4   Data           4  dcm.o(.data)
    gSubFunctionHandler                      0x200014f8   Data           4  dcm.o(.data)
    Event                                    0x20001554   Data          21  event.o(.bss)
    DATA_0xF187                              0x2000157a   Data           9  app_dcm.o(.bss)
    DATA_0xF18A                              0x20001583   Data          10  app_dcm.o(.bss)
    DATA_0xF191                              0x2000158d   Data           9  app_dcm.o(.bss)
    DATA_0xF195                              0x20001596   Data           9  app_dcm.o(.bss)
    DATA_0xF18E                              0x2000159f   Data           9  app_dcm.o(.bss)
    DATA_0xF190                              0x200015a8   Data          17  app_dcm.o(.bss)
    DATA_0xF183                              0x200015b9   Data          10  app_dcm.o(.bss)
    DATA_0xF184                              0x200015c3   Data           9  app_dcm.o(.bss)
    CanIfTxBufferSdu                         0x200015cc   Data          24  canif_lcfg.o(.bss)
    CanIfTxBufferPdu                         0x200015e4   Data          36  canif_lcfg.o(.bss)
    dtc_info_struct                          0x20001650   Data         103  demm.o(.bss)
    gUDS_Physical_DiagBuffer                 0x20001768   Data         440  dcm.o(.bss)
    gMsgContextType                          0x20001920   Data          28  dcm.o(.bss)
    gSecurityAcessDelayTimeOnBoot            0x2000193c   Data          28  dcm.o(.bss)
    gSecurityAcessDelayTime                  0x20001958   Data          28  dcm.o(.bss)
    __libspace_start                         0x200019a8   Data          96  libspace.o(.bss)
    __temporary_stack_top$libspace           0x20001a08   Data           0  libspace.o(.bss)



==============================================================================

Memory Map of the image

  Image Entry point : 0x000000c1

  Load Region LR_IROM1 (Base: 0x00000000, Size: 0x000136bc, Max: 0x00020000, ABSOLUTE, COMPRESSED[0x000122ac])

    Execution Region ER_IROM1 (Exec base: 0x00000000, Load base: 0x00000000, Size: 0x00012168, Max: 0x00020000, ABSOLUTE)

    Exec Addr    Load Addr    Size         Type   Attr      Idx    E Section Name        Object

    0x00000000   0x00000000   0x000000c0   Data   RO         1231    RESET               startup_fm33lg0xx.o
    0x000000c0   0x000000c0   0x00000008   Code   RO         7100  * !!!main             c_p.l(__main.o)
    0x000000c8   0x000000c8   0x0000003c   Code   RO         7310    !!!scatter          c_p.l(__scatter.o)
    0x00000104   0x00000104   0x0000001c   Code   RO         7312    !!handler_zi        c_p.l(__scatter_zi.o)
    0x00000120   0x00000120   0x00000002   Code   RO         7173    .ARM.Collect$$libinit$$00000000  c_p.l(libinit.o)
    0x00000122   0x00000122   0x00000000   Code   RO         7189    .ARM.Collect$$libinit$$00000002  c_p.l(libinit2.o)
    0x00000122   0x00000122   0x00000000   Code   RO         7191    .ARM.Collect$$libinit$$00000004  c_p.l(libinit2.o)
    0x00000122   0x00000122   0x00000000   Code   RO         7194    .ARM.Collect$$libinit$$0000000A  c_p.l(libinit2.o)
    0x00000122   0x00000122   0x00000000   Code   RO         7196    .ARM.Collect$$libinit$$0000000C  c_p.l(libinit2.o)
    0x00000122   0x00000122   0x00000000   Code   RO         7198    .ARM.Collect$$libinit$$0000000E  c_p.l(libinit2.o)
    0x00000122   0x00000122   0x00000000   Code   RO         7201    .ARM.Collect$$libinit$$00000011  c_p.l(libinit2.o)
    0x00000122   0x00000122   0x00000000   Code   RO         7203    .ARM.Collect$$libinit$$00000013  c_p.l(libinit2.o)
    0x00000122   0x00000122   0x00000000   Code   RO         7205    .ARM.Collect$$libinit$$00000015  c_p.l(libinit2.o)
    0x00000122   0x00000122   0x00000000   Code   RO         7207    .ARM.Collect$$libinit$$00000017  c_p.l(libinit2.o)
    0x00000122   0x00000122   0x00000000   Code   RO         7209    .ARM.Collect$$libinit$$00000019  c_p.l(libinit2.o)
    0x00000122   0x00000122   0x00000000   Code   RO         7211    .ARM.Collect$$libinit$$0000001B  c_p.l(libinit2.o)
    0x00000122   0x00000122   0x00000000   Code   RO         7213    .ARM.Collect$$libinit$$0000001D  c_p.l(libinit2.o)
    0x00000122   0x00000122   0x00000000   Code   RO         7215    .ARM.Collect$$libinit$$0000001F  c_p.l(libinit2.o)
    0x00000122   0x00000122   0x00000000   Code   RO         7217    .ARM.Collect$$libinit$$00000021  c_p.l(libinit2.o)
    0x00000122   0x00000122   0x00000000   Code   RO         7219    .ARM.Collect$$libinit$$00000023  c_p.l(libinit2.o)
    0x00000122   0x00000122   0x00000000   Code   RO         7221    .ARM.Collect$$libinit$$00000025  c_p.l(libinit2.o)
    0x00000122   0x00000122   0x00000000   Code   RO         7225    .ARM.Collect$$libinit$$0000002C  c_p.l(libinit2.o)
    0x00000122   0x00000122   0x00000000   Code   RO         7227    .ARM.Collect$$libinit$$0000002E  c_p.l(libinit2.o)
    0x00000122   0x00000122   0x00000000   Code   RO         7229    .ARM.Collect$$libinit$$00000030  c_p.l(libinit2.o)
    0x00000122   0x00000122   0x00000000   Code   RO         7231    .ARM.Collect$$libinit$$00000032  c_p.l(libinit2.o)
    0x00000122   0x00000122   0x00000002   Code   RO         7232    .ARM.Collect$$libinit$$00000033  c_p.l(libinit2.o)
    0x00000124   0x00000124   0x00000002   Code   RO         7263    .ARM.Collect$$libshutdown$$00000000  c_p.l(libshutdown.o)
    0x00000126   0x00000126   0x00000000   Code   RO         7289    .ARM.Collect$$libshutdown$$00000002  c_p.l(libshutdown2.o)
    0x00000126   0x00000126   0x00000000   Code   RO         7291    .ARM.Collect$$libshutdown$$00000004  c_p.l(libshutdown2.o)
    0x00000126   0x00000126   0x00000000   Code   RO         7293    .ARM.Collect$$libshutdown$$00000006  c_p.l(libshutdown2.o)
    0x00000126   0x00000126   0x00000000   Code   RO         7296    .ARM.Collect$$libshutdown$$00000009  c_p.l(libshutdown2.o)
    0x00000126   0x00000126   0x00000000   Code   RO         7299    .ARM.Collect$$libshutdown$$0000000C  c_p.l(libshutdown2.o)
    0x00000126   0x00000126   0x00000000   Code   RO         7301    .ARM.Collect$$libshutdown$$0000000E  c_p.l(libshutdown2.o)
    0x00000126   0x00000126   0x00000000   Code   RO         7304    .ARM.Collect$$libshutdown$$00000011  c_p.l(libshutdown2.o)
    0x00000126   0x00000126   0x00000002   Code   RO         7305    .ARM.Collect$$libshutdown$$00000012  c_p.l(libshutdown2.o)
    0x00000128   0x00000128   0x00000000   Code   RO         7130    .ARM.Collect$$rtentry$$00000000  c_p.l(__rtentry.o)
    0x00000128   0x00000128   0x00000000   Code   RO         7139    .ARM.Collect$$rtentry$$00000002  c_p.l(__rtentry2.o)
    0x00000128   0x00000128   0x00000006   Code   RO         7151    .ARM.Collect$$rtentry$$00000004  c_p.l(__rtentry4.o)
    0x0000012e   0x0000012e   0x00000000   Code   RO         7141    .ARM.Collect$$rtentry$$00000009  c_p.l(__rtentry2.o)
    0x0000012e   0x0000012e   0x00000004   Code   RO         7142    .ARM.Collect$$rtentry$$0000000A  c_p.l(__rtentry2.o)
    0x00000132   0x00000132   0x00000000   Code   RO         7144    .ARM.Collect$$rtentry$$0000000C  c_p.l(__rtentry2.o)
    0x00000132   0x00000132   0x00000008   Code   RO         7145    .ARM.Collect$$rtentry$$0000000D  c_p.l(__rtentry2.o)
    0x0000013a   0x0000013a   0x00000002   Code   RO         7180    .ARM.Collect$$rtexit$$00000000  c_p.l(rtexit.o)
    0x0000013c   0x0000013c   0x00000000   Code   RO         7236    .ARM.Collect$$rtexit$$00000002  c_p.l(rtexit2.o)
    0x0000013c   0x0000013c   0x00000004   Code   RO         7237    .ARM.Collect$$rtexit$$00000003  c_p.l(rtexit2.o)
    0x00000140   0x00000140   0x00000006   Code   RO         7238    .ARM.Collect$$rtexit$$00000004  c_p.l(rtexit2.o)
    0x00000146   0x00000146   0x00000002   PAD
    0x00000148   0x00000148   0x00000038   Code   RO         1232    .text               startup_fm33lg0xx.o
    0x00000180   0x00000180   0x00000040   Code   RO         7092    .text               c_p.l(rt_memclr.o)
    0x000001c0   0x000001c0   0x0000015a   Code   RO         7094    .text               c_p.l(aeabi_sdiv.o)
    0x0000031a   0x0000031a   0x00000006   Code   RO         7098    .text               c_p.l(heapauxi.o)
    0x00000320   0x00000320   0x0000003e   Code   RO         7159    .text               c_p.l(sys_stackheap_outer.o)
    0x0000035e   0x0000035e   0x00000010   Code   RO         7162    .text               c_p.l(exit.o)
    0x0000036e   0x0000036e   0x00000002   PAD
    0x00000370   0x00000370   0x00000008   Code   RO         7176    .text               c_p.l(libspace.o)
    0x00000378   0x00000378   0x0000000c   Code   RO         7233    .text               c_p.l(sys_exit.o)
    0x00000384   0x00000384   0x00000002   Code   RO         7252    .text               c_p.l(use_no_semi.o)
    0x00000386   0x00000386   0x00000000   Code   RO         7254    .text               c_p.l(indicate_semi.o)
    0x00000386   0x00000386   0x00000056   Code   RO         7308    .text               c_p.l(__dczerorl2.o)
    0x000003dc   0x000003dc   0x0000002e   Code   RO          848    i.AddVoltage        drv_system_voltage.o
    0x0000040a   0x0000040a   0x0000001c   Code   RO          512    i.AppAdcInit        app_adc.o
    0x00000426   0x00000426   0x00000044   Code   RO          513    i.AppAdcTask        app_adc.o
    0x0000046a   0x0000046a   0x0000039e   Code   RO            1    i.AppButtonInit     app_button.o
    0x00000808   0x00000808   0x000000c4   Code   RO            2    i.AppButtonTask     app_button.o
    0x000008cc   0x000008cc   0x00000054   Code   RO          567    i.AppCanGpioInit    app_can.o
    0x00000920   0x00000920   0x00000082   Code   RO          568    i.AppCanInit        app_can.o
    0x000009a2   0x000009a2   0x00000018   Code   RO          570    i.AppCanTask5ms     app_can.o
    0x000009ba   0x000009ba   0x0000002c   Code   RO          134    i.AppCrc8Calc       app_crc8.o
    0x000009e6   0x000009e6   0x00000012   Code   RO         3546    i.AppDemmNmLimphomeFaultEventSet  event.o
    0x000009f8   0x000009f8   0x00000018   Code   RO         3999    i.AppIpduBCM_1F0_Ind  app_com.o
    0x00000a10   0x00000a10   0x00000286   Code   RO         4000    i.AppIpduCSM_3CA_Conf  app_com.o
    0x00000c96   0x00000c96   0x00000002   Code   RO         4001    i.AppIpduCSM_3CA_TxTOIndication  app_com.o
    0x00000c98   0x00000c98   0x00000018   Code   RO         4002    i.AppIpduEHB_125_Ind  app_com.o
    0x00000cb0   0x00000cb0   0x00000018   Code   RO         4014    i.AppIpduPMS_162_Ind  app_com.o
    0x00000cc8   0x00000cc8   0x00000018   Code   RO         4015    i.AppIpduPMS_214_Ind  app_com.o
    0x00000ce0   0x00000ce0   0x00000018   Code   RO         4016    i.AppIpduPMS_3C1_Ind  app_com.o
    0x00000cf8   0x00000cf8   0x00000018   Code   RO         4017    i.AppIpduPSM_A0_Ind  app_com.o
    0x00000d10   0x00000d10   0x0000025a   Code   RO          158    i.AppLedInit        app_led.o
    0x00000f6a   0x00000f6a   0x000003e8   Code   RO          159    i.AppLedTask        app_led.o
    0x00001352   0x00001352   0x0000002a   Code   RO          544    i.AppPwmInit        app_pwm.o
    0x0000137c   0x0000137c   0x00000002   Code   RO         4018    i.AppRxIpduBCM_1F0_TimeOutInd  app_com.o
    0x0000137e   0x0000137e   0x00000002   Code   RO         4019    i.AppRxIpduEHB_125_TimeOutInd  app_com.o
    0x00001380   0x00001380   0x00000002   Code   RO         4021    i.AppRxIpduPMS_162_TimeOutInd  app_com.o
    0x00001382   0x00001382   0x00000002   Code   RO         4022    i.AppRxIpduPMS_214_TimeOutInd  app_com.o
    0x00001384   0x00001384   0x00000002   Code   RO         4023    i.AppRxIpduPMS_3C1_TimeOutInd  app_com.o
    0x00001386   0x00001386   0x00000002   Code   RO         4024    i.AppRxIpduPSM_A0_TimeOutInd  app_com.o
    0x00001388   0x00001388   0x00000140   Code   RO          454    i.AppSystemVoltageInit  app_system_voltage.o
    0x000014c8   0x000014c8   0x00000188   Code   RO          455    i.AppSystemVoltageTask  app_system_voltage.o
    0x00001650   0x00001650   0x00000048   Code   RO         4188    i.App_ClearDiagnosticInformation  app_dcm.o
    0x00001698   0x00001698   0x00000026   Code   RO         4189    i.App_DTCRecordOff  app_dcm.o
    0x000016be   0x000016be   0x00000026   Code   RO         4190    i.App_DTCRecordOn   app_dcm.o
    0x000016e4   0x000016e4   0x0000007a   Code   RO         4191    i.App_Default       app_dcm.o
    0x0000175e   0x0000175e   0x000000b0   Code   RO         4192    i.App_DefaultPost   app_dcm.o
    0x0000180e   0x0000180e   0x00000072   Code   RO         4193    i.App_DisableRxAndEnableTx  app_dcm.o
    0x00001880   0x00001880   0x00000072   Code   RO         4194    i.App_DisableRxAndTx  app_dcm.o
    0x000018f2   0x000018f2   0x00000072   Code   RO         4195    i.App_EnableRxAndDisableTx  app_dcm.o
    0x00001964   0x00001964   0x00000072   Code   RO         4196    i.App_EnableRxAndTx  app_dcm.o
    0x000019d6   0x000019d6   0x0000007a   Code   RO         4197    i.App_Extended_Diagnostic  app_dcm.o
    0x00001a50   0x00001a50   0x000000b4   Code   RO         4198    i.App_Extended_DiagnosticPost  app_dcm.o
    0x00001b04   0x00001b04   0x00000010   Code   RO         4199    i.App_HardReset     app_dcm.o
    0x00001b14   0x00001b14   0x0000007c   Code   RO         4200    i.App_HardResetPost  app_dcm.o
    0x00001b90   0x00001b90   0x0000007a   Code   RO         4203    i.App_Kuwe_Session  app_dcm.o
    0x00001c0a   0x00001c0a   0x0000007c   Code   RO         4204    i.App_Kuwe_SessionPost  app_dcm.o
    0x00001c86   0x00001c86   0x0000004a   Code   RO         4205    i.App_Programming   app_dcm.o
    0x00001cd0   0x00001cd0   0x00000006   Code   RO         4206    i.App_ProgrammingPost  app_dcm.o
    0x00001cd6   0x00001cd6   0x0000006e   Code   RO         4207    i.App_Read0x1540    app_dcm.o
    0x00001d44   0x00001d44   0x0000007e   Code   RO         4208    i.App_Read0x1541    app_dcm.o
    0x00001dc2   0x00001dc2   0x00000098   Code   RO         4209    i.App_Read0xF183    app_dcm.o
    0x00001e5a   0x00001e5a   0x00000092   Code   RO         4210    i.App_Read0xF184    app_dcm.o
    0x00001eec   0x00001eec   0x0000009e   Code   RO         4211    i.App_Read0xF187    app_dcm.o
    0x00001f8a   0x00001f8a   0x0000009e   Code   RO         4212    i.App_Read0xF18A    app_dcm.o
    0x00002028   0x00002028   0x0000009e   Code   RO         4213    i.App_Read0xF18E    app_dcm.o
    0x000020c6   0x000020c6   0x00000092   Code   RO         4214    i.App_Read0xF190    app_dcm.o
    0x00002158   0x00002158   0x0000009e   Code   RO         4215    i.App_Read0xF191    app_dcm.o
    0x000021f6   0x000021f6   0x0000009e   Code   RO         4216    i.App_Read0xF195    app_dcm.o
    0x00002294   0x00002294   0x000000bc   Code   RO         4217    i.App_ReportDTCByStatusMask  app_dcm.o
    0x00002350   0x00002350   0x000000a8   Code   RO         4218    i.App_ReportDTCSnapshotIdentification  app_dcm.o
    0x000023f8   0x000023f8   0x00000154   Code   RO         4219    i.App_ReportDTCSnapshotRecordByDTCNumber  app_dcm.o
    0x0000254c   0x0000254c   0x00000068   Code   RO         4220    i.App_ReportNumberOfDTCByStatusMask  app_dcm.o
    0x000025b4   0x000025b4   0x00000092   Code   RO         4221    i.App_ReportSupportedDTC  app_dcm.o
    0x00002646   0x00002646   0x00000094   Code   RO         4222    i.App_Request_Seed_L1  app_dcm.o
    0x000026da   0x000026da   0x00000024   Code   RO         4223    i.App_ReturnControlToEcu0x3901  app_dcm.o
    0x000026fe   0x000026fe   0x00000024   Code   RO         4224    i.App_ReturnControlToEcu0x3902  app_dcm.o
    0x00002722   0x00002722   0x00000002   Code   RO         4225    i.App_ReturnControlToEcu0x3903  app_dcm.o
    0x00002724   0x00002724   0x00000002   Code   RO         4226    i.App_ReturnControlToEcu0x3904  app_dcm.o
    0x00002726   0x00002726   0x00000002   Code   RO         4227    i.App_ReturnControlToEcu0x3905  app_dcm.o
    0x00002728   0x00002728   0x00000074   Code   RO         4228    i.App_Send_Key_L1   app_dcm.o
    0x0000279c   0x0000279c   0x00000002   Code   RO         4229    i.App_ShortTermAdjustment0x3901  app_dcm.o
    0x0000279e   0x0000279e   0x00000024   Code   RO         4230    i.App_ShortTermAdjustment0x3902  app_dcm.o
    0x000027c2   0x000027c2   0x00000002   Code   RO         4231    i.App_ShortTermAdjustment0x3903  app_dcm.o
    0x000027c4   0x000027c4   0x00000002   Code   RO         4232    i.App_ShortTermAdjustment0x3904  app_dcm.o
    0x000027c6   0x000027c6   0x00000002   Code   RO         4233    i.App_ShortTermAdjustment0x3905  app_dcm.o
    0x000027c8   0x000027c8   0x00000048   Code   RO         4234    i.App_StartRoutine0x0203  app_dcm.o
    0x00002810   0x00002810   0x00000074   Code   RO         4235    i.App_Write0xF190   app_dcm.o
    0x00002884   0x00002884   0x0000000e   Code   RO         4611    i.ApplNmBusOff      oseknm_app.o
    0x00002892   0x00002892   0x0000000e   Code   RO         4612    i.ApplNmBusOffEnd   oseknm_app.o
    0x000028a0   0x000028a0   0x00000002   Code   RO         4613    i.ApplNmBusOffRecoverySuccess  oseknm_app.o
    0x000028a2   0x000028a2   0x00000002   Code   RO         4614    i.ApplNmCanBusOffRecoveryFail  oseknm_app.o
    0x000028a4   0x000028a4   0x0000000c   Code   RO         4615    i.ApplNmCanLimpHomeEnd  oseknm_app.o
    0x000028b0   0x000028b0   0x00000002   Code   RO         4616    i.ApplNmCanLimpHomeStart  oseknm_app.o
    0x000028b2   0x000028b2   0x00000028   Code   RO         4617    i.ApplNmCanSleep    oseknm_app.o
    0x000028da   0x000028da   0x0000000e   Code   RO         4618    i.ApplNmCanStart    oseknm_app.o
    0x000028e8   0x000028e8   0x00000030   Code   RO         4621    i.ApplNmLimpHomeState  oseknm_app.o
    0x00002918   0x00002918   0x00000002   Code   RO         4623    i.ApplNmShutDown    oseknm_app.o
    0x0000291a   0x0000291a   0x0000000a   Code   RO         4624    i.ApplNmWaitBusSleep  oseknm_app.o
    0x00002924   0x00002924   0x0000001c   Code   RO         4625    i.ApplNmWaitBusSleepCancel  oseknm_app.o
    0x00002940   0x00002940   0x00000014   Code   RO            3    i.Btn1ClampErrHandler  app_button.o
    0x00002954   0x00002954   0x00000024   Code   RO            4    i.Btn1PressDownHandler  app_button.o
    0x00002978   0x00002978   0x00000014   Code   RO            5    i.Btn1PressUpHandler  app_button.o
    0x0000298c   0x0000298c   0x00000014   Code   RO            6    i.Btn2ClampErrHandler  app_button.o
    0x000029a0   0x000029a0   0x00000024   Code   RO            7    i.Btn2PressDownHandler  app_button.o
    0x000029c4   0x000029c4   0x00000014   Code   RO            8    i.Btn2PressUpHandler  app_button.o
    0x000029d8   0x000029d8   0x00000014   Code   RO            9    i.Btn3ClampErrHandler  app_button.o
    0x000029ec   0x000029ec   0x00000024   Code   RO           10    i.Btn3PressDownHandler  app_button.o
    0x00002a10   0x00002a10   0x00000014   Code   RO           11    i.Btn3PressUpHandler  app_button.o
    0x00002a24   0x00002a24   0x00000014   Code   RO           12    i.Btn4ClampErrHandler  app_button.o
    0x00002a38   0x00002a38   0x00000024   Code   RO           13    i.Btn4PressDownHandler  app_button.o
    0x00002a5c   0x00002a5c   0x00000014   Code   RO           14    i.Btn4PressUpHandler  app_button.o
    0x00002a70   0x00002a70   0x00000014   Code   RO           15    i.Btn5ClampErrHandler  app_button.o
    0x00002a84   0x00002a84   0x00000024   Code   RO           16    i.Btn5PressDownHandler  app_button.o
    0x00002aa8   0x00002aa8   0x00000014   Code   RO           17    i.Btn5PressUpHandler  app_button.o
    0x00002abc   0x00002abc   0x00000014   Code   RO           18    i.Btn6ClampErrHandler  app_button.o
    0x00002ad0   0x00002ad0   0x00000024   Code   RO           19    i.Btn6PressDownHandler  app_button.o
    0x00002af4   0x00002af4   0x00000014   Code   RO           20    i.Btn6PressUpHandler  app_button.o
    0x00002b08   0x00002b08   0x000002e8   Code   RO          786    i.ButtonHandler     drv_button.o
    0x00002df0   0x00002df0   0x000000f4   Code   RO         5083    i.CAN_Controller_Rx_handler  can.o
    0x00002ee4   0x00002ee4   0x000000fa   Code   RO         5084    i.CAN_Controller_Tx_handler  can.o
    0x00002fde   0x00002fde   0x0000016c   Code   RO         5086    i.CAN_IRQHandler    can.o
    0x0000314a   0x0000314a   0x00000018   Code   RO         4856    i.COM_ReceiveSigBCM_1F0_FrontFogLightSts  com_lcfg.o
    0x00003162   0x00003162   0x00000018   Code   RO         4857    i.COM_ReceiveSigEHB_125_PATAResponse  com_lcfg.o
    0x0000317a   0x0000317a   0x00000034   Code   RO         4858    i.COM_ReceiveSigEHB_125_VehicleSpeed  com_lcfg.o
    0x000031ae   0x000031ae   0x00000018   Code   RO         4859    i.COM_ReceiveSigEHB_125_VehicleSpeedInvalid  com_lcfg.o
    0x000031c6   0x000031c6   0x00000018   Code   RO         4860    i.COM_ReceiveSigPMS_162_DriveModeInd  com_lcfg.o
    0x000031de   0x000031de   0x00000018   Code   RO         4861    i.COM_ReceiveSigPMS_214_EpedalActive  com_lcfg.o
    0x000031f6   0x000031f6   0x00000018   Code   RO         4862    i.COM_ReceiveSigPMS_3C1_V2XDchaSwtFb1  com_lcfg.o
    0x0000320e   0x0000320e   0x00000018   Code   RO         4863    i.COM_ReceiveSigPSM_A0_SlidingmomentrSetReq  com_lcfg.o
    0x00003226   0x00003226   0x00000038   Code   RO         4864    i.COM_SendSigCSM_ECO_Req  com_lcfg.o
    0x0000325e   0x0000325e   0x0000003a   Code   RO         4865    i.COM_SendSigCSM_ECO_ReqInvalid  com_lcfg.o
    0x00003298   0x00003298   0x0000003a   Code   RO         4866    i.COM_SendSigCSM_ESCOff_Req  com_lcfg.o
    0x000032d2   0x000032d2   0x0000003a   Code   RO         4867    i.COM_SendSigCSM_ESCOff_ReqInvalid  com_lcfg.o
    0x0000330c   0x0000330c   0x0000003a   Code   RO         4868    i.COM_SendSigCSM_EVMode_Req  com_lcfg.o
    0x00003346   0x00003346   0x0000003a   Code   RO         4869    i.COM_SendSigCSM_EVMode_ReqInvalid  com_lcfg.o
    0x00003380   0x00003380   0x0000003a   Code   RO         4870    i.COM_SendSigCSM_EngRec_Req  com_lcfg.o
    0x000033ba   0x000033ba   0x0000003a   Code   RO         4871    i.COM_SendSigCSM_EngRec_ReqInvalid  com_lcfg.o
    0x000033f4   0x000033f4   0x0000003a   Code   RO         4874    i.COM_SendSigCSM_REVMode_Req  com_lcfg.o
    0x0000342e   0x0000342e   0x0000003a   Code   RO         4875    i.COM_SendSigCSM_REVMode_ReqInvalid  com_lcfg.o
    0x00003468   0x00003468   0x00000038   Code   RO         4876    i.COM_SendSigCSM_SW_FrontFogLight  com_lcfg.o
    0x000034a0   0x000034a0   0x0000003a   Code   RO         4877    i.COM_SendSigCSM_SW_FrontFogLightInvalid  com_lcfg.o
    0x000034da   0x000034da   0x0000003a   Code   RO         4878    i.COM_SendSigCSM_SinglePad_Req  com_lcfg.o
    0x00003514   0x00003514   0x0000003a   Code   RO         4879    i.COM_SendSigCSM_SinglePad_ReqInvalid  com_lcfg.o
    0x0000354e   0x0000354e   0x00000038   Code   RO         4882    i.COM_SendSigCSM_SwitchSts_AliveCounter  com_lcfg.o
    0x00003586   0x00003586   0x0000001e   Code   RO         4883    i.COM_SendSigCSM_SwitchSts_CheckSum  com_lcfg.o
    0x000035a4   0x000035a4   0x0000003a   Code   RO         4884    i.COM_SendSigCSM_V2XDchaSwt  com_lcfg.o
    0x000035de   0x000035de   0x0000003a   Code   RO         4885    i.COM_SendSigCSM_V2XDchaSwtInvalid  com_lcfg.o
    0x00003618   0x00003618   0x0000006a   Code   RO         5282    i.CanIf_ClearTransmitBuffer  canif.o
    0x00003682   0x00003682   0x00000002   Code   RO         5283    i.CanIf_ControllerBusOff  canif.o
    0x00003684   0x00003684   0x00000050   Code   RO         5284    i.CanIf_ControllerModeIndication  canif.o
    0x000036d4   0x000036d4   0x00000120   Code   RO         5288    i.CanIf_Init        canif.o
    0x000037f4   0x000037f4   0x0000001a   Code   RO         5289    i.CanIf_MemCpy      canif.o
    0x0000380e   0x0000380e   0x0000000c   Code   RO         5290    i.CanIf_MemSet      canif.o
    0x0000381a   0x0000381a   0x00000102   Code   RO         5291    i.CanIf_RxIndication  canif.o
    0x0000391c   0x0000391c   0x0000009a   Code   RO         5292    i.CanIf_SetControllerMode  canif.o
    0x000039b6   0x000039b6   0x000000da   Code   RO         5293    i.CanIf_SetPduMode  canif.o
    0x00003a90   0x00003a90   0x000001f8   Code   RO         5294    i.CanIf_Transmit    canif.o
    0x00003c88   0x00003c88   0x00000132   Code   RO         5295    i.CanIf_TxConfirmation  canif.o
    0x00003dba   0x00003dba   0x00000016   Code   RO         6695    i.CanNm_GetCurState  oseknm.o
    0x00003dd0   0x00003dd0   0x0000009a   Code   RO         6697    i.CanNm_GotoMode    oseknm.o
    0x00003e6a   0x00003e6a   0x00000184   Code   RO         6698    i.CanNm_Init        oseknm.o
    0x00003fee   0x00003fee   0x00000072   Code   RO         6699    i.CanNm_MainFunction  oseknm.o
    0x00004060   0x00004060   0x00000028   Code   RO         6702    i.CanNm_SetNxtState  oseknm.o
    0x00004088   0x00004088   0x000000b2   Code   RO         6705    i.CanNm_Start       oseknm.o
    0x0000413a   0x0000413a   0x000000b8   Code   RO         6706    i.CanNm_Stop        oseknm.o
    0x000041f2   0x000041f2   0x0000005c   Code   RO         6707    i.CanNm_Talk        oseknm.o
    0x0000424e   0x0000424e   0x000000c8   Code   RO         6708    i.CanNm_TxConfirmation  oseknm.o
    0x00004316   0x00004316   0x00000236   Code   RO         5676    i.CanTp_AssembleFC  cantp.o
    0x0000454c   0x0000454c   0x00000176   Code   RO         5680    i.CanTp_ChannelInit  cantp.o
    0x000046c2   0x000046c2   0x00000016   Code   RO         5681    i.CanTp_DataCopy    cantp.o
    0x000046d8   0x000046d8   0x00000060   Code   RO         5683    i.CanTp_Init        cantp.o
    0x00004738   0x00004738   0x00000028   Code   RO         5684    i.CanTp_MainFunction  cantp.o
    0x00004760   0x00004760   0x000008bc   Code   RO         5685    i.CanTp_RxCFPdu     cantp.o
    0x0000501c   0x0000501c   0x00000270   Code   RO         5686    i.CanTp_RxFCPdu     cantp.o
    0x0000528c   0x0000528c   0x0000054e   Code   RO         5687    i.CanTp_RxFFPdu     cantp.o
    0x000057da   0x000057da   0x0000023a   Code   RO         5688    i.CanTp_RxIndication  cantp.o
    0x00005a14   0x00005a14   0x00000eac   Code   RO         5689    i.CanTp_RxMainFunction  cantp.o
    0x000068c0   0x000068c0   0x000003d2   Code   RO         5690    i.CanTp_RxSFPdu     cantp.o
    0x00006c92   0x00006c92   0x000000ea   Code   RO         5691    i.CanTp_SetFormatOffset  cantp.o
    0x00006d7c   0x00006d7c   0x00000138   Code   RO         5693    i.CanTp_Transmit    cantp.o
    0x00006eb4   0x00006eb4   0x00000b34   Code   RO         5695    i.CanTp_TxMainFunction  cantp.o
    0x000079e8   0x000079e8   0x0000000c   Code   RO         5819    i.CanTrcv_Disable   cantrcv.o
    0x000079f4   0x000079f4   0x00000014   Code   RO         5820    i.CanTrcv_Init      cantrcv.o
    0x00007a08   0x00007a08   0x00000002   Code   RO         5087    i.Can_BusoffRecovery  can.o
    0x00007a0a   0x00007a0a   0x00000002   Code   RO         5088    i.Can_Controller_Transmit_Abort  can.o
    0x00007a0c   0x00007a0c   0x0000027c   Code   RO         5093    i.Can_Init          can.o
    0x00007c88   0x00007c88   0x000000c0   Code   RO         5094    i.Can_InitController  can.o
    0x00007d48   0x00007d48   0x0000000c   Code   RO         5101    i.Can_MemSet        can.o
    0x00007d54   0x00007d54   0x0000017c   Code   RO         5102    i.Can_SetControllerMode  can.o
    0x00007ed0   0x00007ed0   0x000001ec   Code   RO         5104    i.Can_Write         can.o
    0x000080bc   0x000080bc   0x000000bc   Code   RO         3439    i.Clockchange       main.o
    0x00008178   0x00008178   0x0000003a   Code   RO         6062    i.Com_ActiveTxIpdu  com.o
    0x000081b2   0x000081b2   0x00000060   Code   RO         6064    i.Com_CopyRxPDU     com.o
    0x00008212   0x00008212   0x00000038   Code   RO         6067    i.Com_DisactiveSig  com.o
    0x0000824a   0x0000824a   0x0000003a   Code   RO         6068    i.Com_DisactiveTxIpdu  com.o
    0x00008284   0x00008284   0x00000038   Code   RO         6070    i.Com_GetRxIpduStatus  com.o
    0x000082bc   0x000082bc   0x00000038   Code   RO         6071    i.Com_GetTxIpduStatus  com.o
    0x000082f4   0x000082f4   0x0000001e   Code   RO         6072    i.Com_Init          com.o
    0x00008312   0x00008312   0x00000164   Code   RO         6073    i.Com_InitRxIpdu    com.o
    0x00008476   0x00008476   0x0000025c   Code   RO         6074    i.Com_InitTxIpdu    com.o
    0x000086d2   0x000086d2   0x0000026a   Code   RO         6079    i.Com_MainFunctionRx  com.o
    0x0000893c   0x0000893c   0x000001ba   Code   RO         6080    i.Com_MainFunctionTx  com.o
    0x00008af6   0x00008af6   0x000002de   Code   RO         6081    i.Com_ManageCyclicIpdu  com.o
    0x00008dd4   0x00008dd4   0x0000005c   Code   RO         6082    i.Com_ReceiveSignal  com.o
    0x00008e30   0x00008e30   0x00000076   Code   RO         6083    i.Com_RxIndication  com.o
    0x00008ea6   0x00008ea6   0x00000036   Code   RO         6084    i.Com_RxInit        com.o
    0x00008edc   0x00008edc   0x00000002   Code   RO         4025    i.Com_RxIpduCallout  app_com.o
    0x00008ede   0x00008ede   0x00000022   Code   RO         6085    i.Com_RxStart       com.o
    0x00008f00   0x00008f00   0x00000022   Code   RO         6086    i.Com_RxStop        com.o
    0x00008f22   0x00008f22   0x0000004e   Code   RO         6088    i.Com_SendSignalExt  com.o
    0x00008f70   0x00008f70   0x000003bc   Code   RO         6089    i.Com_SetSendRequest  com.o
    0x0000932c   0x0000932c   0x00000036   Code   RO         6090    i.Com_SigIsActived  com.o
    0x00009362   0x00009362   0x0000003a   Code   RO         6094    i.Com_StopRxIpdu    com.o
    0x0000939c   0x0000939c   0x0000003a   Code   RO         6095    i.Com_StopTxIpdu    com.o
    0x000093d6   0x000093d6   0x000000fa   Code   RO         6099    i.Com_TransmitIpdu  com.o
    0x000094d0   0x000094d0   0x0000002a   Code   RO         6100    i.Com_TriggerIPDUSend  com.o
    0x000094fa   0x000094fa   0x0000008c   Code   RO         6101    i.Com_TxConfirmation  com.o
    0x00009586   0x00009586   0x00000036   Code   RO         6102    i.Com_TxInit        com.o
    0x000095bc   0x000095bc   0x00000002   Code   RO         4026    i.Com_TxIpduCallout  app_com.o
    0x000095be   0x000095be   0x00000038   Code   RO         6103    i.Com_TxIpduIsActived  com.o
    0x000095f6   0x000095f6   0x0000005a   Code   RO         6104    i.Com_TxStart       com.o
    0x00009650   0x00009650   0x00000034   Code   RO         6105    i.Com_TxStop        com.o
    0x00009684   0x00009684   0x000000d0   Code   RO         6635    i.Dcm_CopyRxData    dcm_cbk.o
    0x00009754   0x00009754   0x0000011e   Code   RO         6636    i.Dcm_CopyTxData    dcm_cbk.o
    0x00009872   0x00009872   0x000000a4   Code   RO         6380    i.Dcm_GetSecurityLevelMap  dcm.o
    0x00009916   0x00009916   0x000002f0   Code   RO         6383    i.Dcm_Init          dcm.o
    0x00009c06   0x00009c06   0x00000018   Code   RO         6384    i.Dcm_MainFunction  dcm.o
    0x00009c1e   0x00009c1e   0x00000024   Code   RO         6385    i.Dcm_ResetToDefaultSession  dcm.o
    0x00009c42   0x00009c42   0x00000178   Code   RO         6637    i.Dcm_RxIndication  dcm_cbk.o
    0x00009dba   0x00009dba   0x0000015a   Code   RO         6638    i.Dcm_StartOfReception  dcm_cbk.o
    0x00009f14   0x00009f14   0x00000164   Code   RO         6639    i.Dcm_TxConfirmation  dcm_cbk.o
    0x0000a078   0x0000a078   0x00000026   Code   RO          849    i.DeleteVoltage     drv_system_voltage.o
    0x0000a09e   0x0000a09e   0x00000002   Code   RO         5407    i.Dem_ReportErrorStatus  dem.o
    0x0000a0a0   0x0000a0a0   0x00000016   Code   RO         6640    i.DiagCopy          dcm_cbk.o
    0x0000a0b6   0x0000a0b6   0x0000000c   Code   RO          850    i.Disable           drv_system_voltage.o
    0x0000a0c2   0x0000a0c2   0x0000000c   Code   RO          787    i.DrvButtonAttach   drv_button.o
    0x0000a0ce   0x0000a0ce   0x00000008   Code   RO          788    i.DrvButtonGetEvent  drv_button.o
    0x0000a0d6   0x0000a0d6   0x00000050   Code   RO          824    i.DrvCrc8           drv_crc8.o
    0x0000a126   0x0000a126   0x00000054   Code   RO          825    i.DrvCrc8LookTable  drv_crc8.o
    0x0000a17a   0x0000a17a   0x00000032   Code   RO         6386    i.DsdInternal_10_11_85  dcm.o
    0x0000a1ac   0x0000a1ac   0x000000a0   Code   RO         6387    i.DsdInternal_AccessAttemptNumberDec  dcm.o
    0x0000a24c   0x0000a24c   0x000003e4   Code   RO         6388    i.DsdInternal_DidDispatcher  dcm.o
    0x0000a630   0x0000a630   0x00000332   Code   RO         6389    i.DsdInternal_ProcessingDone  dcm.o
    0x0000a962   0x0000a962   0x0000001c   Code   RO         6390    i.DsdInternal_ProcessingDoneNoResponse  dcm.o
    0x0000a97e   0x0000a97e   0x0000016e   Code   RO         6391    i.DsdInternal_RepeatTransmitCheck  dcm.o
    0x0000aaec   0x0000aaec   0x00000058   Code   RO         6393    i.DsdInternal_RoutineStarted  dcm.o
    0x0000ab44   0x0000ab44   0x000000dc   Code   RO         6395    i.DsdInternal_SecurityAccessKeyCompared  dcm.o
    0x0000ac20   0x0000ac20   0x000000dc   Code   RO         6396    i.DsdInternal_SessionTransferPostProcessing  dcm.o
    0x0000acfc   0x0000acfc   0x00000064   Code   RO         6397    i.DsdInternal_SetNegResponse  dcm.o
    0x0000ad60   0x0000ad60   0x00000056   Code   RO         6398    i.DsdInternal_UdsPostServiceProcessing  dcm.o
    0x0000adb6   0x0000adb6   0x00000050   Code   RO         6399    i.DsdInternal_UdsRepeatServiceCall  dcm.o
    0x0000ae06   0x0000ae06   0x0000051a   Code   RO         6400    i.DsdInternal_UdsSidDispatcher  dcm.o
    0x0000b320   0x0000b320   0x000000fa   Code   RO         6401    i.DsdInternal_Uds_Common  dcm.o
    0x0000b41a   0x0000b41a   0x00000052   Code   RO         6402    i.Dsd_GetSessionMapId  dcm.o
    0x0000b46c   0x0000b46c   0x000000c0   Code   RO         6403    i.Dsd_InteralInit   dcm.o
    0x0000b52c   0x0000b52c   0x000000b2   Code   RO         6404    i.DslInternal_RCRResponsePending  dcm.o
    0x0000b5de   0x0000b5de   0x00000388   Code   RO         6405    i.DslInternal_Timer_CallbackTask  dcm.o
    0x0000b966   0x0000b966   0x00000002   PAD
    0x0000b968   0x0000b968   0x0000005e   Code   RO         6406    i.DspInternal_Uds_ClearDiagnosticInformation  dcm.o
    0x0000b9c6   0x0000b9c6   0x00000078   Code   RO         6407    i.DspInternal_Uds_CommunicationControl  dcm.o
    0x0000ba3e   0x0000ba3e   0x00000008   Code   RO         6408    i.DspInternal_Uds_ControlDTCSetting  dcm.o
    0x0000ba46   0x0000ba46   0x00000008   Code   RO         6409    i.DspInternal_Uds_DiagnosticSessionControl  dcm.o
    0x0000ba4e   0x0000ba4e   0x00000008   Code   RO         6410    i.DspInternal_Uds_EcuReset  dcm.o
    0x0000ba56   0x0000ba56   0x00000026   Code   RO         6411    i.DspInternal_Uds_InputOutputControlByIdentifier  dcm.o
    0x0000ba7c   0x0000ba7c   0x000000f6   Code   RO         6412    i.DspInternal_Uds_ReadDTCInformation  dcm.o
    0x0000bb72   0x0000bb72   0x00000078   Code   RO         6413    i.DspInternal_Uds_ReadDataByIdentifier  dcm.o
    0x0000bbea   0x0000bbea   0x00000ac0   Code   RO         6414    i.DspInternal_Uds_RoutineControl  dcm.o
    0x0000c6aa   0x0000c6aa   0x0000041e   Code   RO         6415    i.DspInternal_Uds_SecurityAccess  dcm.o
    0x0000cac8   0x0000cac8   0x00000046   Code   RO         6416    i.DspInternal_Uds_TesterPresent  dcm.o
    0x0000cb0e   0x0000cb0e   0x000002e0   Code   RO         6417    i.DspInternal_Uds_WriteDataByIdentifier  dcm.o
    0x0000cdee   0x0000cdee   0x00000052   Code   RO         3915    i.Eeprom_RamRead    eeprom_cfg.o
    0x0000ce40   0x0000ce40   0x00000054   Code   RO         3916    i.Eeprom_RamWrite   eeprom_cfg.o
    0x0000ce94   0x0000ce94   0x0000000c   Code   RO          851    i.Enable            drv_system_voltage.o
    0x0000cea0   0x0000cea0   0x00000112   Code   RO         1306    i.FL_ADC_CommonInit  fm33lg0xx_fl_adc.o
    0x0000cfb2   0x0000cfb2   0x0000000a   Code   RO         1309    i.FL_ADC_Disable    fm33lg0xx_fl_adc.o
    0x0000cfbc   0x0000cfbc   0x0000000c   Code   RO         1310    i.FL_ADC_DisableOverSampling  fm33lg0xx_fl_adc.o
    0x0000cfc8   0x0000cfc8   0x00000260   Code   RO         1311    i.FL_ADC_Init       fm33lg0xx_fl_adc.o
    0x0000d228   0x0000d228   0x0000000c   Code   RO         1312    i.FL_ADC_SetClockSource  fm33lg0xx_fl_adc.o
    0x0000d234   0x0000d234   0x0000001c   Code   RO         2456    i.FL_CMU_EnableGroup4BusClock  fm33lg0xx_fl_gptim.o
    0x0000d250   0x0000d250   0x0000002c   Code   RO         1239    i.FL_DelayInit      fm33lg0xx_fl.o
    0x0000d27c   0x0000d27c   0x00000018   Code   RO         1240    i.FL_DelayMs        fm33lg0xx_fl.o
    0x0000d294   0x0000d294   0x00000058   Code   RO         1242    i.FL_DelayUs        fm33lg0xx_fl.o
    0x0000d2ec   0x0000d2ec   0x0000000a   Code   RO         2368    i.FL_GPIO_DisablePinAnalogSwitch  fm33lg0xx_fl_gpio.o
    0x0000d2f6   0x0000d2f6   0x0000000a   Code   RO         2369    i.FL_GPIO_DisablePinInput  fm33lg0xx_fl_gpio.o
    0x0000d300   0x0000d300   0x0000000a   Code   RO         2370    i.FL_GPIO_DisablePinOpenDrain  fm33lg0xx_fl_gpio.o
    0x0000d30a   0x0000d30a   0x0000000a   Code   RO         2371    i.FL_GPIO_DisablePinPullup  fm33lg0xx_fl_gpio.o
    0x0000d314   0x0000d314   0x0000000a   Code   RO         2372    i.FL_GPIO_DisablePinRemap  fm33lg0xx_fl_gpio.o
    0x0000d31e   0x0000d31e   0x00000108   Code   RO         2373    i.FL_GPIO_Init      fm33lg0xx_fl_gpio.o
    0x0000d426   0x0000d426   0x0000001a   Code   RO         2374    i.FL_GPIO_SetPinMode  fm33lg0xx_fl_gpio.o
    0x0000d440   0x0000d440   0x0000001a   Code   RO         2375    i.FL_GPIO_StructInit  fm33lg0xx_fl_gpio.o
    0x0000d45a   0x0000d45a   0x00000050   Code   RO         2457    i.FL_GPTIM_CC_SetChannelMode  fm33lg0xx_fl_gptim.o
    0x0000d4aa   0x0000d4aa   0x00000006   Code   RO         1102    i.FL_GPTIM_ClearFlag_Update  hal_time.o
    0x0000d4b0   0x0000d4b0   0x0000000a   Code   RO         1158    i.FL_GPTIM_Enable   hal_pwm.o
    0x0000d4ba   0x0000d4ba   0x0000000a   Code   RO         2461    i.FL_GPTIM_GenerateUpdateEvent  fm33lg0xx_fl_gptim.o
    0x0000d4c4   0x0000d4c4   0x000000ee   Code   RO         2464    i.FL_GPTIM_Init     fm33lg0xx_fl_gptim.o
    0x0000d5b2   0x0000d5b2   0x00000010   Code   RO         1103    i.FL_GPTIM_IsActiveFlag_Update  hal_time.o
    0x0000d5c2   0x0000d5c2   0x00000010   Code   RO         1104    i.FL_GPTIM_IsEnabledIT_Update  hal_time.o
    0x0000d5d2   0x0000d5d2   0x0000010c   Code   RO         2465    i.FL_GPTIM_OC_Init  fm33lg0xx_fl_gptim.o
    0x0000d6de   0x0000d6de   0x0000000c   Code   RO         2467    i.FL_GPTIM_SetCounterAlignedMode  fm33lg0xx_fl_gptim.o
    0x0000d6ea   0x0000d6ea   0x00000008   Code   RO         1244    i.FL_Init           fm33lg0xx_fl.o
    0x0000d6f2   0x0000d6f2   0x00000050   Code   RO         1245    i.FL_NVIC_Init      fm33lg0xx_fl.o
    0x0000d742   0x0000d742   0x00000034   Code   RO         6418    i.FindUdsSid        dcm.o
    0x0000d776   0x0000d776   0x000000c6   Code   RO         1105    i.GPTIM0_1_IRQHandler  hal_time.o
    0x0000d83c   0x0000d83c   0x00000066   Code   RO         1106    i.GPTIM2_IRQHandler  hal_time.o
    0x0000d8a2   0x0000d8a2   0x00000092   Code   RO         4236    i.GenerateKeyEx     app_dcm.o
    0x0000d934   0x0000d934   0x0000001a   Code   RO          934    i.GetAdcValue       drv_adc.o
    0x0000d94e   0x0000d94e   0x0000005a   Code   RO         4237    i.GetKey            app_dcm.o
    0x0000d9a8   0x0000d9a8   0x0000015e   Code   RO         1055    i.GetSingleChannelSample  hal_adc.o
    0x0000db06   0x0000db06   0x000000cc   Code   RO         1056    i.HalAdcCommonInit  hal_adc.o
    0x0000dbd2   0x0000dbd2   0x00000064   Code   RO         1057    i.HalAdcDefaultSet  hal_adc.o
    0x0000dc36   0x0000dc36   0x00000016   Code   RO         1058    i.HalAdcReadValue   hal_adc.o
    0x0000dc4c   0x0000dc4c   0x00000020   Code   RO          959    i.HalGpioReadPin    hal_gpio.o
    0x0000dc6c   0x0000dc6c   0x0000008e   Code   RO          960    i.HalGpioSetMode    hal_gpio.o
    0x0000dcfa   0x0000dcfa   0x00000050   Code   RO          961    i.HalGpioSetPin     hal_gpio.o
    0x0000dd4a   0x0000dd4a   0x0000038c   Code   RO         1159    i.HalPwmInit        hal_pwm.o
    0x0000e0d6   0x0000e0d6   0x000001ea   Code   RO         1160    i.HalPwmSetCcr      hal_pwm.o
    0x0000e2c0   0x0000e2c0   0x00000024   Code   RO         1030    i.HalTickCount      hal_tick.o
    0x0000e2e4   0x0000e2e4   0x00000012   Code   RO         1031    i.HalTickGetTick    hal_tick.o
    0x0000e2f6   0x0000e2f6   0x00000098   Code   RO         1107    i.HalTimeInit       hal_time.o
    0x0000e38e   0x0000e38e   0x0000008a   Code   RO          571    i.NVIC_SetPriority  app_can.o
    0x0000e418   0x0000e418   0x0000008a   Code   RO         1246    i.NVIC_SetPriority  fm33lg0xx_fl.o
    0x0000e4a2   0x0000e4a2   0x00000192   Code   RO         6710    i.NmBusErrorRecover  oseknm.o
    0x0000e634   0x0000e634   0x000000ca   Code   RO         6711    i.NmCanBusOffCheckFun  oseknm.o
    0x0000e6fe   0x0000e6fe   0x00000132   Code   RO         6712    i.NmCancelAlarm     oseknm.o
    0x0000e830   0x0000e830   0x00000142   Code   RO         6713    i.NmGotoModeAwake   oseknm.o
    0x0000e972   0x0000e972   0x00000046   Code   RO         6714    i.NmGotoModeSleep   oseknm.o
    0x0000e9b8   0x0000e9b8   0x000002f8   Code   RO         6715    i.NmInitReset       oseknm.o
    0x0000ecb0   0x0000ecb0   0x000000b8   Code   RO         6717    i.NmModeCheckFun    oseknm.o
    0x0000ed68   0x0000ed68   0x000000b6   Code   RO         6718    i.NmReadyToBusSleep  oseknm.o
    0x0000ee1e   0x0000ee1e   0x00000086   Code   RO         6719    i.NmResetConfig     oseknm.o
    0x0000eea4   0x0000eea4   0x0000015e   Code   RO         6722    i.NmSetAlarm        oseknm.o
    0x0000f002   0x0000f002   0x00000164   Code   RO         6723    i.NmSetConfig       oseknm.o
    0x0000f166   0x0000f166   0x0000000c   Code   RO         6725    i.NmTBusOffRecoveryTimeOutProc  oseknm.o
    0x0000f172   0x0000f172   0x000003b2   Code   RO         6726    i.NmTerrTimeOutProc  oseknm.o
    0x0000f524   0x0000f524   0x00000052   Code   RO         6727    i.NmTimerTBusOffCntFun  oseknm.o
    0x0000f576   0x0000f576   0x00000052   Code   RO         6728    i.NmTimerTErrCntFun  oseknm.o
    0x0000f5c8   0x0000f5c8   0x00000052   Code   RO         6729    i.NmTimerTMaxCntFun  oseknm.o
    0x0000f61a   0x0000f61a   0x00000044   Code   RO         6730    i.NmTimerTTxCntFun  oseknm.o
    0x0000f65e   0x0000f65e   0x00000052   Code   RO         6731    i.NmTimerTTypCntFun  oseknm.o
    0x0000f6b0   0x0000f6b0   0x00000052   Code   RO         6732    i.NmTimerTWBSCntFun  oseknm.o
    0x0000f702   0x0000f702   0x000000ac   Code   RO         6733    i.NmTmaxTimeOutProc  oseknm.o
    0x0000f7ae   0x0000f7ae   0x00000044   Code   RO         6734    i.NmTtxTimeOutProc  oseknm.o
    0x0000f7f2   0x0000f7f2   0x00000338   Code   RO         6735    i.NmTtypTimeOutProc  oseknm.o
    0x0000fb2a   0x0000fb2a   0x00000046   Code   RO         6736    i.NmTwbsTimeOutProc  oseknm.o
    0x0000fb70   0x0000fb70   0x0000018c   Code   RO         6737    i.NmTxConfirmation  oseknm.o
    0x0000fcfc   0x0000fcfc   0x00000048   Code   RO         6738    i.NmTxPDUCopy       oseknm.o
    0x0000fd44   0x0000fd44   0x0000000c   Code   RO         6739    i.NmTxPDUCreat      oseknm.o
    0x0000fd50   0x0000fd50   0x000001a0   Code   RO         2474    i.OCConfig          fm33lg0xx_fl_gptim.o
    0x0000fef0   0x0000fef0   0x0000005c   Code   RO         7012    i.PduR_CanTpCopyRxData  pdur.o
    0x0000ff4c   0x0000ff4c   0x00000024   Code   RO         7013    i.PduR_CanTpCopyTxData  pdur.o
    0x0000ff70   0x0000ff70   0x0000004e   Code   RO         7014    i.PduR_CanTpRxIndication  pdur.o
    0x0000ffbe   0x0000ffbe   0x0000005c   Code   RO         7015    i.PduR_CanTpStartOfReception  pdur.o
    0x0001001a   0x0001001a   0x00000014   Code   RO         7016    i.PduR_CanTpTxConfirmation  pdur.o
    0x0001002e   0x0001002e   0x0000001a   Code   RO         7018    i.PduR_DcmTransmit  pdur.o
    0x00010048   0x00010048   0x0000000e   Code   RO          962    i.PortClrBit        hal_gpio.o
    0x00010056   0x00010056   0x0000001c   Code   RO          963    i.PortGetBit        hal_gpio.o
    0x00010072   0x00010072   0x0000005c   Code   RO          964    i.PortGetInputTBspGpioPortxEnum  hal_gpio.o
    0x000100ce   0x000100ce   0x0000000e   Code   RO          965    i.PortSetBit        hal_gpio.o
    0x000100dc   0x000100dc   0x00000016   Code   RO          966    i.PortToggleBit     hal_gpio.o
    0x000100f2   0x000100f2   0x00000028   Code   RO          456    i.ReadAdc           app_system_voltage.o
    0x0001011a   0x0001011a   0x00000070   Code   RO           21    i.ReadKeyState      app_button.o
    0x0001018a   0x0001018a   0x0000001c   Code   RO          852    i.ReadMode          drv_system_voltage.o
    0x000101a6   0x000101a6   0x00000080   Code   RO         1059    i.ReturnChannel     hal_adc.o
    0x00010226   0x00010226   0x00000074   Code   RO          967    i.ReturnPin         hal_gpio.o
    0x0001029a   0x0001029a   0x00000104   Code   RO          898    i.Run               drv_led.o
    0x0001039e   0x0001039e   0x0000000c   Code   RO          899    i.SetCloseTickTime  drv_led.o
    0x000103aa   0x000103aa   0x0000000c   Code   RO          900    i.SetOpenTickTime   drv_led.o
    0x000103b6   0x000103b6   0x0000000c   Code   RO          901    i.SetState          drv_led.o
    0x000103c2   0x000103c2   0x00000266   Code   RO         1192    i.SystemCoreClockUpdate  system_fm33lg0xx.o
    0x00010628   0x00010628   0x000001dc   Code   RO         1193    i.SystemInit        system_fm33lg0xx.o
    0x00010804   0x00010804   0x0000010a   Code   RO         1194    i.SystemPLLClockUpdate  system_fm33lg0xx.o
    0x0001090e   0x0001090e   0x000000c0   Code   RO          853    i.SystemVoltageTraversal  drv_system_voltage.o
    0x000109ce   0x000109ce   0x00000010   Code   RO         3440    i.TickTime10MsTask  main.o
    0x000109de   0x000109de   0x00000002   Code   RO         3441    i.TickTime1MsTask   main.o
    0x000109e0   0x000109e0   0x0000000c   Code   RO         3442    i.TickTime5MsTask   main.o
    0x000109ec   0x000109ec   0x0000000a   Code   RO         3443    i.Time0Callback     main.o
    0x000109f6   0x000109f6   0x0000000c   Code   RO          789    i.Traversal         drv_button.o
    0x00010a02   0x00010a02   0x0000000c   Code   RO          854    i.Traversal         drv_system_voltage.o
    0x00010a0e   0x00010a0e   0x00000032   Code   RO          935    i.Traversal         drv_adc.o
    0x00010a40   0x00010a40   0x00000028   Code   RO          457    i.WriteCs           app_system_voltage.o
    0x00010a68   0x00010a68   0x000001ca   Code   RO          160    i.WriteGpio         app_led.o
    0x00010c32   0x00010c32   0x00000006   Code   RO         5442    i.__get_PRIMASK     demm.o
    0x00010c38   0x00010c38   0x00000006   Code   RO         5696    i.__get_PRIMASK     cantp.o
    0x00010c3e   0x00010c3e   0x00000006   Code   RO         6741    i.__get_PRIMASK     oseknm.o
    0x00010c44   0x00010c44   0x00000006   Code   RO         5443    i.__set_PRIMASK     demm.o
    0x00010c4a   0x00010c4a   0x00000006   Code   RO         5697    i.__set_PRIMASK     cantp.o
    0x00010c50   0x00010c50   0x00000006   Code   RO         6742    i.__set_PRIMASK     oseknm.o
    0x00010c56   0x00010c56   0x0000005c   Code   RO         5444    i._dem_clear_dtc    demm.o
    0x00010cb2   0x00010cb2   0x00000014   Code   RO         5445    i._dem_get_state    demm.o
    0x00010cc6   0x00010cc6   0x0000007a   Code   RO         5447    i.dem_clear_all_test_result  demm.o
    0x00010d40   0x00010d40   0x000000aa   Code   RO         5448    i.dem_clear_dtc     demm.o
    0x00010dea   0x00010dea   0x00000060   Code   RO         5449    i.dem_clear_test_result  demm.o
    0x00010e4a   0x00010e4a   0x00000042   Code   RO         5451    i.dem_disable_dtc_setting  demm.o
    0x00010e8c   0x00010e8c   0x00000084   Code   RO         5452    i.dem_dtc_record_storay  demm.o
    0x00010f10   0x00010f10   0x00000064   Code   RO         5455    i.dem_enable_dtc_setting  demm.o
    0x00010f74   0x00010f74   0x00000040   Code   RO         5457    i.dem_get_dtc_handle  demm.o
    0x00010fb4   0x00010fb4   0x00000054   Code   RO         5458    i.dem_get_stored_index  demm.o
    0x00011008   0x00011008   0x00000098   Code   RO         5461    i.dem_init          demm.o
    0x000110a0   0x000110a0   0x00000014   Code   RO         5462    i.dem_mem_clear     demm.o
    0x000110b4   0x000110b4   0x00000014   Code   RO         5464    i.dem_mem_set       demm.o
    0x000110c8   0x000110c8   0x0000008e   Code   RO         5467    i.dem_stored_dtc_clear  demm.o
    0x00011156   0x00011156   0x000000a0   Code   RO         5468    i.dem_stored_dtc_index_init  demm.o
    0x000111f6   0x000111f6   0x0000008a   Code   RO         5469    i.dem_stored_dtc_sets  demm.o
    0x00011280   0x00011280   0x00000088   Code   RO         5470    i.dem_stored_dtc_status_init  demm.o
    0x00011308   0x00011308   0x000000a0   Code   RO         5471    i.dem_stored_dtc_status_read  demm.o
    0x000113a8   0x000113a8   0x0000013a   Code   RO         3444    i.main              main.o
    0x000114e2   0x000114e2   0x0000001c   Code   RO         3956    i.memory_copys      memory.o
    0x000114fe   0x000114fe   0x0000002a   Code   RO          514    i.read_adc_value    app_adc.o
    0x00011528   0x00011528   0x0000000c   Data   RO          790    .constdata          drv_button.o
    0x00011534   0x00011534   0x00000108   Data   RO          826    .constdata          drv_crc8.o
    0x0001163c   0x0001163c   0x00000018   Data   RO          855    .constdata          drv_system_voltage.o
    0x00011654   0x00011654   0x00000010   Data   RO          902    .constdata          drv_led.o
    0x00011664   0x00011664   0x00000008   Data   RO          936    .constdata          drv_adc.o
    0x0001166c   0x0001166c   0x0000002e   Data   RO         4239    .constdata          app_dcm.o
    0x0001169a   0x0001169a   0x0000000e   Data   RO         4764    .constdata          can_pbcfg.o
    0x000116a8   0x000116a8   0x00000190   Data   RO         4789    .constdata          canif_lcfg.o
    0x00011838   0x00011838   0x00000051   Data   RO         4833    .constdata          cantp_pbcfg.o
    0x00011889   0x00011889   0x00000003   PAD
    0x0001188c   0x0001188c   0x00000068   Data   RO         4886    .constdata          com_lcfg.o
    0x000118f4   0x000118f4   0x0000022c   Data   RO         5060    .constdata          com_cfg.o
    0x00011b20   0x00011b20   0x0000007d   Data   RO         5425    .constdata          dem_cfg.o
    0x00011b9d   0x00011b9d   0x00000003   PAD
    0x00011ba0   0x00011ba0   0x00000268   Data   RO         6344    .constdata          dcm_lcfg.o
    0x00011e08   0x00011e08   0x0000028c   Data   RO         6357    .constdata          dcm_cfg.o
    0x00012094   0x00012094   0x00000034   Data   RO         6993    .constdata          oseknm_cfg.o
    0x000120c8   0x000120c8   0x00000020   Data   RO         7306    Region$$Table       anon$$obj.o
    0x000120e8   0x000120e8   0x00000007   Data   RO          791    c.ButtonHandler.00000068  drv_button.o
    0x000120ef   0x000120ef   0x00000007   Data   RO         5700    c.CanTp_RxMainFunction.00000b22  cantp.o
    0x000120f6   0x000120f6   0x00000007   Data   RO         6421    c.Dcm_GetSecurityLevelMap.0000003c  dcm.o
    0x000120fd   0x000120fd   0x00000007   Data   RO          968    c.HalGpioSetMode.00000028  hal_gpio.o
    0x00012104   0x00012104   0x0000000a   Data   RO         6744    c.NmCancelAlarm.00000008  oseknm.o
    0x0001210e   0x0001210e   0x00000007   Data   RO         6745    c.NmGotoModeAwake.0000001a  oseknm.o
    0x00012115   0x00012115   0x00000007   Data   RO         6747    c.NmSetAlarm.0000000c  oseknm.o
    0x0001211c   0x0001211c   0x00000005   Data   RO          969    c.PortGetInputTBspGpioPortxEnum.00000008  hal_gpio.o
    0x00012121   0x00012121   0x00000006   Data   RO           23    c.ReadKeyState.0000000c  app_button.o
    0x00012127   0x00012127   0x00000012   Data   RO         1061    c.ReturnChannel.00000008  hal_adc.o
    0x00012139   0x00012139   0x00000010   Data   RO          970    c.ReturnPin.00000008  hal_gpio.o
    0x00012149   0x00012149   0x00000007   Data   RO         1196    c.SystemCoreClockUpdate.00000014  system_fm33lg0xx.o
    0x00012150   0x00012150   0x00000008   Data   RO         1197    c.SystemPLLClockUpdate.00000098  system_fm33lg0xx.o
    0x00012158   0x00012158   0x0000000d   Data   RO          162    c.WriteGpio.0000000c  app_led.o


    Execution Region RW_IRAM1 (Exec base: 0x20000000, Load base: 0x00012168, Size: 0x00002a08, Max: 0x00008000, ABSOLUTE, COMPRESSED[0x00000144])

    Exec Addr    Load Addr    Size         Type   Attr      Idx    E Section Name        Object

    0x20000000   COMPRESSED   0x00001000   Data   RW         3917    .EE_Flash_Ram       eeprom_cfg.o
    0x20001000   COMPRESSED   0x0000012c   Data   RW           22    .data               app_button.o
    0x2000112c   COMPRESSED   0x00000002   Data   RW          135    .data               app_crc8.o
    0x2000112e   COMPRESSED   0x00000002   PAD
    0x20001130   COMPRESSED   0x00000104   Data   RW          161    .data               app_led.o
    0x20001234   COMPRESSED   0x000000a2   Data   RW          458    .data               app_system_voltage.o
    0x200012d6   COMPRESSED   0x00000002   PAD
    0x200012d8   COMPRESSED   0x00000028   Data   RW          515    .data               app_adc.o
    0x20001300   COMPRESSED   0x00000006   Data   RW          572    .data               app_can.o
    0x20001306   COMPRESSED   0x00000002   Data   RW         1032    .data               hal_tick.o
    0x20001308   COMPRESSED   0x00000002   Data   RW         1060    .data               hal_adc.o
    0x2000130a   COMPRESSED   0x00000002   PAD
    0x2000130c   COMPRESSED   0x0000000c   Data   RW         1108    .data               hal_time.o
    0x20001318   COMPRESSED   0x0000000c   Data   RW         1195    .data               system_fm33lg0xx.o
    0x20001324   COMPRESSED   0x00000008   Data   RW         3445    .data               main.o
    0x2000132c   COMPRESSED   0x00000007   Data   RW         4027    .data               app_com.o
    0x20001333   COMPRESSED   0x00000033   Data   RW         4240    .data               app_dcm.o
    0x20001366   COMPRESSED   0x00000005   Data   RW         4632    .data               oseknm_app.o
    0x2000136b   COMPRESSED   0x00000001   PAD
    0x2000136c   COMPRESSED   0x00000030   Data   RW         4765    .data               can_pbcfg.o
    0x2000139c   COMPRESSED   0x00000003   Data   RW         4790    .data               canif_lcfg.o
    0x2000139f   COMPRESSED   0x00000001   PAD
    0x200013a0   COMPRESSED   0x0000007c   Data   RW         5061    .data               com_cfg.o
    0x2000141c   COMPRESSED   0x00000015   Data   RW         5105    .data               can.o
    0x20001431   COMPRESSED   0x00000001   PAD
    0x20001432   COMPRESSED   0x00000009   Data   RW         5296    .data               canif.o
    0x2000143b   COMPRESSED   0x00000001   PAD
    0x2000143c   COMPRESSED   0x00000028   Data   RW         5699    .data               cantp.o
    0x20001464   COMPRESSED   0x00000044   Data   RW         6107    .data               com.o
    0x200014a8   COMPRESSED   0x00000008   Data   RW         6358    .data               dcm_cfg.o
    0x200014b0   COMPRESSED   0x0000006a   Data   RW         6420    .data               dcm.o
    0x2000151a   COMPRESSED   0x00000002   PAD
    0x2000151c   COMPRESSED   0x00000035   Data   RW         6743    .data               oseknm.o
    0x20001551   COMPRESSED   0x00000003   PAD
    0x20001554        -       0x00000015   Zero   RW         3570    .bss                event.o
    0x20001569        -       0x00000063   Zero   RW         4238    .bss                app_dcm.o
    0x200015cc        -       0x0000003c   Zero   RW         4788    .bss                canif_lcfg.o
    0x20001608        -       0x000000c0   Zero   RW         5477    .bss                demm.o
    0x200016c8        -       0x00000040   Zero   RW         5698    .bss                cantp.o
    0x20001708        -       0x00000060   Zero   RW         6106    .bss                com.o
    0x20001768        -       0x0000021c   Zero   RW         6419    .bss                dcm.o
    0x20001984        -       0x00000022   Zero   RW         6992    .bss                oseknm_cfg.o
    0x200019a6   COMPRESSED   0x00000002   PAD
    0x200019a8        -       0x00000060   Zero   RW         7177    .bss                c_p.l(libspace.o)
    0x20001a08        -       0x00000800   Zero   RW         1230    HEAP                startup_fm33lg0xx.o
    0x20002208        -       0x00000800   Zero   RW         1229    STACK               startup_fm33lg0xx.o


==============================================================================

Image component sizes


      Code (inc. data)   RO Data    RW Data    ZI Data      Debug   Object Name

       138          0          0         40          0       3346   app_adc.o
      1690          0          6        300          0      17342   app_button.o
       376          0          0          6          0      11370   app_can.o
         0          0          0          0          0       7596   app_ccp.o
       808          0          0          7          0       7506   app_com.o
        44          0          0          2          0       1646   app_crc8.o
      4896          0         46         51         99      31093   app_dcm.o
      2060          0         13        260          0      43296   app_led.o
        42          0          0          0          0       1281   app_pwm.o
       792          0          0        162          0       5846   app_system_voltage.o
      2574          0          0         21          0      36064   can.o
         0          0         14         48          0        924   can_pbcfg.o
      1954          0          0          9          0      12640   canif.o
         0          0        400          3         60       6183   canif_lcfg.o
     14046          0          7         40         64      22476   cantp.o
         0          0         81          0          0       2881   cantp_pbcfg.o
        32          0          0          0          0        873   cantrcv.o
      5384          0          0         68         96      23762   com.o
         0          0        556        124          0      11022   com_cfg.o
      1230          0        104          0          0      14569   com_lcfg.o
     12406          0          7        106        540      48432   dcm.o
      1594          0          0          0          0       4661   dcm_cbk.o
         0          0        652          8          0      13371   dcm_cfg.o
         0          0        616          0          0      13371   dcm_lcfg.o
         2          0          0          0          0        996   dem.o
         0          0        125          0          0       2457   dem_cfg.o
      1886          0          0          0        192      18540   demm.o
        76          0          8          0          0       2134   drv_adc.o
       776          0         19          0          0       4139   drv_button.o
       164          0        264          0          0       2804   drv_crc8.o
       296          0         16          0          0       3480   drv_led.o
       340          0         24          0          0       6101   drv_system_voltage.o
         0          0          0          0          0       8716   eeprom.o
       166          0          0       4096          0       2526   eeprom_cfg.o
        18          0          0          0         21       2657   event.o
       382          0          0          0          0       3510   fm33lg0xx_fl.o
       916          0          0          0          0      58958   fm33lg0xx_fl_adc.o
         0          0          0          0          0      23680   fm33lg0xx_fl_can.o
         0          0          0          0          0      23676   fm33lg0xx_fl_comp.o
         0          0          0          0          0       1004   fm33lg0xx_fl_flash.o
       366          0          0          0          0      23112   fm33lg0xx_fl_gpio.o
      1052          0          0          0          0      57875   fm33lg0xx_fl_gptim.o
       804          0         18          2          0      25248   hal_adc.o
       540          0         28          0          0      22546   hal_gpio.o
      1408          0          0          0          0      25204   hal_pwm.o
        54          0          0          2          0       1052   hal_tick.o
       490          0          0         12          0      27606   hal_time.o
       542          0          0          8          0      27059   main.o
        28          0          0          0          0        891   memory.o
      7702          0         24         53          0      35682   oseknm.o
       188          0          0          5          0      14127   oseknm_app.o
         0          0         52          0         34       5966   oseknm_cfg.o
       344          0          0          0          0       4058   pdur.o
        56         26        192          0       4096        676   startup_fm33lg0xx.o
      1356          0         15         12          0       2131   system_fm33lg0xx.o

    ----------------------------------------------------------------------
     70020         26       3328       5460       5204     780162   Object Totals
         0          0         32          0          0          0   (incl. Generated)
         2          0          9         15          2          0   (incl. Padding)

    ----------------------------------------------------------------------

      Code (inc. data)   RO Data    RW Data    ZI Data      Debug   Library Member Name

        86          0          0          0          0          0   __dczerorl2.o
         8          0          0          0          0         68   __main.o
         0          0          0          0          0          0   __rtentry.o
        12          0          0          0          0          0   __rtentry2.o
         6          0          0          0          0          0   __rtentry4.o
        60          8          0          0          0          0   __scatter.o
        28          0          0          0          0          0   __scatter_zi.o
       346          0          0          0          0         92   aeabi_sdiv.o
        16          0          0          0          0         68   exit.o
         6          0          0          0          0        136   heapauxi.o
         0          0          0          0          0          0   indicate_semi.o
         2          0          0          0          0          0   libinit.o
         2          0          0          0          0          0   libinit2.o
         2          0          0          0          0          0   libshutdown.o
         2          0          0          0          0          0   libshutdown2.o
         8          4          0          0         96         68   libspace.o
        64          0          0          0          0        108   rt_memclr.o
         2          0          0          0          0          0   rtexit.o
        10          0          0          0          0          0   rtexit2.o
        12          4          0          0          0         60   sys_exit.o
        62          0          0          0          0         80   sys_stackheap_outer.o
         2          0          0          0          0         68   use_no_semi.o

    ----------------------------------------------------------------------
       740         16          0          0         96        748   Library Totals
         4          0          0          0          0          0   (incl. Padding)

    ----------------------------------------------------------------------

      Code (inc. data)   RO Data    RW Data    ZI Data      Debug   Library Name

       736         16          0          0         96        748   c_p.l

    ----------------------------------------------------------------------
       740         16          0          0         96        748   Library Totals

    ----------------------------------------------------------------------

==============================================================================


      Code (inc. data)   RO Data    RW Data    ZI Data      Debug   

     70760         42       3328       5460       5300     763522   Grand Totals
     70760         42       3328        324       5300     763522   ELF Image Totals (compressed)
     70760         42       3328        324          0          0   ROM Totals

==============================================================================

    Total RO  Size (Code + RO Data)                74088 (  72.35kB)
    Total RW  Size (RW Data + ZI Data)             10760 (  10.51kB)
    Total ROM Size (Code + RO Data + RW Data)      74412 (  72.67kB)

==============================================================================

